Archive member included to satisfy reference by file (symbol)

C:\Users\bourc\Documents\MCUXpressoIDE_11.0.1_2563\workspace\CMSIS_CORE_LPC13xx\Debug\libCMSIS_CORE_LPC13xx.a(system_LPC13xx.o)
                              ./src/cr_startup_lpc13xx.o (SystemInit)
c:/nxp/mcuxpressoide_11.0.1_2563/ide/plugins/com.nxp.mcuxpresso.tools.win32_11.0.1.201907311258/tools/bin/../lib/gcc/arm-none-eabi/8.2.1/thumb/v7-m/nofp\libgcc.a(_arm_addsubdf3.o)
                              ./src/ADC_pot.o (__aeabi_f2d)
c:/nxp/mcuxpressoide_11.0.1_2563/ide/plugins/com.nxp.mcuxpresso.tools.win32_11.0.1.201907311258/tools/bin/../lib/gcc/arm-none-eabi/8.2.1/thumb/v7-m/nofp\libgcc.a(_arm_muldivdf3.o)
                              ./src/ADC_pot.o (__aeabi_dmul)
c:/nxp/mcuxpressoide_11.0.1_2563/ide/plugins/com.nxp.mcuxpresso.tools.win32_11.0.1.201907311258/tools/bin/../lib/gcc/arm-none-eabi/8.2.1/thumb/v7-m/nofp\libgcc.a(_arm_truncdfsf2.o)
                              ./src/ADC_pot.o (__aeabi_d2f)
c:/nxp/mcuxpressoide_11.0.1_2563/ide/plugins/com.nxp.mcuxpresso.tools.win32_11.0.1.201907311258/tools/bin/../lib/gcc/arm-none-eabi/8.2.1/thumb/v7-m/nofp\libgcc.a(_arm_addsubsf3.o)
                              ./src/ADC_pot.o (__aeabi_ui2f)
c:/nxp/mcuxpressoide_11.0.1_2563/ide/plugins/com.nxp.mcuxpresso.tools.win32_11.0.1.201907311258/tools/bin/../lib/gcc/arm-none-eabi/8.2.1/../../../../arm-none-eabi/lib/thumb/v7-m/nofp\libc.a(lib_a-init.o)
                              ./src/cr_startup_lpc13xx.o (__libc_init_array)
c:/nxp/mcuxpressoide_11.0.1_2563/ide/plugins/com.nxp.mcuxpresso.tools.win32_11.0.1.201907311258/tools/bin/../lib/gcc/arm-none-eabi/8.2.1/../../../../arm-none-eabi/lib/thumb/v7-m/nofp\libc.a(lib_a-malloc.o)
                              ./src/cr_cpp_config.o (malloc)
c:/nxp/mcuxpressoide_11.0.1_2563/ide/plugins/com.nxp.mcuxpresso.tools.win32_11.0.1.201907311258/tools/bin/../lib/gcc/arm-none-eabi/8.2.1/../../../../arm-none-eabi/lib/thumb/v7-m/nofp\libc.a(lib_a-mallocr.o)
                              c:/nxp/mcuxpressoide_11.0.1_2563/ide/plugins/com.nxp.mcuxpresso.tools.win32_11.0.1.201907311258/tools/bin/../lib/gcc/arm-none-eabi/8.2.1/../../../../arm-none-eabi/lib/thumb/v7-m/nofp\libc.a(lib_a-malloc.o) (_malloc_r)
c:/nxp/mcuxpressoide_11.0.1_2563/ide/plugins/com.nxp.mcuxpresso.tools.win32_11.0.1.201907311258/tools/bin/../lib/gcc/arm-none-eabi/8.2.1/../../../../arm-none-eabi/lib/thumb/v7-m/nofp\libc.a(lib_a-mlock.o)
                              c:/nxp/mcuxpressoide_11.0.1_2563/ide/plugins/com.nxp.mcuxpresso.tools.win32_11.0.1.201907311258/tools/bin/../lib/gcc/arm-none-eabi/8.2.1/../../../../arm-none-eabi/lib/thumb/v7-m/nofp\libc.a(lib_a-mallocr.o) (__malloc_lock)
c:/nxp/mcuxpressoide_11.0.1_2563/ide/plugins/com.nxp.mcuxpresso.tools.win32_11.0.1.201907311258/tools/bin/../lib/gcc/arm-none-eabi/8.2.1/../../../../arm-none-eabi/lib/thumb/v7-m/nofp\libc.a(lib_a-sbrkr.o)
                              c:/nxp/mcuxpressoide_11.0.1_2563/ide/plugins/com.nxp.mcuxpresso.tools.win32_11.0.1.201907311258/tools/bin/../lib/gcc/arm-none-eabi/8.2.1/../../../../arm-none-eabi/lib/thumb/v7-m/nofp\libc.a(lib_a-mallocr.o) (_sbrk_r)
c:/nxp/mcuxpressoide_11.0.1_2563/ide/plugins/com.nxp.mcuxpresso.tools.win32_11.0.1.201907311258/tools/bin/../lib/gcc/arm-none-eabi/8.2.1/../../../../arm-none-eabi/lib/thumb/v7-m/nofp\libc.a(lib_a-freer.o)
                              c:/nxp/mcuxpressoide_11.0.1_2563/ide/plugins/com.nxp.mcuxpresso.tools.win32_11.0.1.201907311258/tools/bin/../lib/gcc/arm-none-eabi/8.2.1/../../../../arm-none-eabi/lib/thumb/v7-m/nofp\libc.a(lib_a-malloc.o) (_free_r)
c:/nxp/mcuxpressoide_11.0.1_2563/ide/plugins/com.nxp.mcuxpresso.tools.win32_11.0.1.201907311258/tools/bin/../lib/gcc/arm-none-eabi/8.2.1/../../../../arm-none-eabi/lib/thumb/v7-m/nofp\libc.a(lib_a-impure.o)
                              c:/nxp/mcuxpressoide_11.0.1_2563/ide/plugins/com.nxp.mcuxpresso.tools.win32_11.0.1.201907311258/tools/bin/../lib/gcc/arm-none-eabi/8.2.1/../../../../arm-none-eabi/lib/thumb/v7-m/nofp\libc.a(lib_a-malloc.o) (_impure_ptr)
c:/nxp/mcuxpressoide_11.0.1_2563/ide/plugins/com.nxp.mcuxpresso.tools.win32_11.0.1.201907311258/tools/bin/../lib/gcc/arm-none-eabi/8.2.1/../../../../arm-none-eabi/lib/thumb/v7-m/nofp\libc.a(lib_a-lock.o)
                              c:/nxp/mcuxpressoide_11.0.1_2563/ide/plugins/com.nxp.mcuxpresso.tools.win32_11.0.1.201907311258/tools/bin/../lib/gcc/arm-none-eabi/8.2.1/../../../../arm-none-eabi/lib/thumb/v7-m/nofp\libc.a(lib_a-mlock.o) (__retarget_lock_acquire_recursive)
c:/nxp/mcuxpressoide_11.0.1_2563/ide/plugins/com.nxp.mcuxpresso.tools.win32_11.0.1.201907311258/tools/bin/../lib/gcc/arm-none-eabi/8.2.1/../../../../arm-none-eabi/lib/thumb/v7-m/nofp\libc.a(lib_a-reent.o)
                              c:/nxp/mcuxpressoide_11.0.1_2563/ide/plugins/com.nxp.mcuxpresso.tools.win32_11.0.1.201907311258/tools/bin/../lib/gcc/arm-none-eabi/8.2.1/../../../../arm-none-eabi/lib/thumb/v7-m/nofp\libc.a(lib_a-sbrkr.o) (errno)
[...]
Memory Configuration

Name             Origin             Length             Attributes
MFlash32         0x00000000         0x00008000         xr
RamLoc8          0x10000000         0x00002000         xrw
*default*        0x00000000         0xffffffff

Linker script and memory map

LOAD ./src/ADC_pot.o
LOAD ./src/Delay.o
LOAD ./src/cr_cpp_config.o
LOAD ./src/cr_startup_lpc13xx.o
LOAD ./src/crp.o
LOAD C:\Users\bourc\Documents\MCUXpressoIDE_11.0.1_2563\workspace\CMSIS_CORE_LPC13xx\Debug\libCMSIS_CORE_LPC13xx.a
START GROUP
LOAD c:/nxp/mcuxpressoide_11.0.1_2563/ide/plugins/com.nxp.mcuxpresso.tools.win32_11.0.1.201907311258/tools/bin/../lib/gcc/arm-none-eabi/8.2.1/thumb/v7-m/nofp\libgcc.a
LOAD c:/nxp/mcuxpressoide_11.0.1_2563/ide/plugins/com.nxp.mcuxpresso.tools.win32_11.0.1.201907311258/tools/bin/../lib/gcc/arm-none-eabi/8.2.1/../../../../arm-none-eabi/lib/thumb/v7-m/nofp\libc.a
LOAD c:/nxp/mcuxpressoide_11.0.1_2563/ide/plugins/com.nxp.mcuxpresso.tools.win32_11.0.1.201907311258/tools/bin/../lib/gcc/arm-none-eabi/8.2.1/../../../../arm-none-eabi/lib/thumb/v7-m/nofp\libstdc++.a
LOAD c:/nxp/mcuxpressoide_11.0.1_2563/ide/plugins/com.nxp.mcuxpresso.tools.win32_11.0.1.201907311258/tools/bin/../lib/gcc/arm-none-eabi/8.2.1/../../../../arm-none-eabi/lib/thumb/v7-m/nofp\libm.a
LOAD c:/nxp/mcuxpressoide_11.0.1_2563/ide/plugins/com.nxp.mcuxpresso.tools.win32_11.0.1.201907311258/tools/bin/../lib/gcc/arm-none-eabi/8.2.1/../../../../arm-none-eabi/lib/thumb/v7-m/nofp\libcr_newlib_nohost.a
LOAD c:/nxp/mcuxpressoide_11.0.1_2563/ide/plugins/com.nxp.mcuxpresso.tools.win32_11.0.1.201907311258/tools/bin/../lib/gcc/arm-none-eabi/8.2.1/thumb/v7-m/nofp\crti.o
LOAD c:/nxp/mcuxpressoide_11.0.1_2563/ide/plugins/com.nxp.mcuxpresso.tools.win32_11.0.1.201907311258/tools/bin/../lib/gcc/arm-none-eabi/8.2.1/thumb/v7-m/nofp\crtn.o
LOAD c:/nxp/mcuxpressoide_11.0.1_2563/ide/plugins/com.nxp.mcuxpresso.tools.win32_11.0.1.201907311258/tools/bin/../lib/gcc/arm-none-eabi/8.2.1/thumb/v7-m/nofp\crtbegin.o
LOAD c:/nxp/mcuxpressoide_11.0.1_2563/ide/plugins/com.nxp.mcuxpresso.tools.win32_11.0.1.201907311258/tools/bin/../lib/gcc/arm-none-eabi/8.2.1/thumb/v7-m/nofp\crtend.o
END GROUP
                0x00000000                __base_MFlash32 = 0x0
                0x00000000                __base_Flash = 0x0
                0x00008000                __top_MFlash32 = 0x8000
                0x00008000                __top_Flash = 0x8000
                0x10000000                __base_RamLoc8 = 0x10000000
                0x10000000                __base_RAM = 0x10000000
                0x10002000                __top_RamLoc8 = 0x10002000
                0x10002000                __top_RAM = 0x10002000

.text           0x00000000     0x1044
 FILL mask 0xff
                0x00000000                __vectors_start__ = ABSOLUTE (.)
 *(.isr_vector)
 .isr_vector    0x00000000      0x128 ./src/cr_startup_lpc13xx.o
                0x00000000                g_pfnVectors
                0x00000128                . = ALIGN (0x4)
                0x00000128                __section_table_start = .
                0x00000128                __data_section_table = .
                0x00000128        0x4 LONG 0x1044 LOADADDR (.data)
                0x0000012c        0x4 LONG 0x10000000 ADDR (.data)
                0x00000130        0x4 LONG 0x0 SIZEOF (.data)
                0x00000134                __data_section_table_end = .
                0x00000134                __bss_section_table = .
                0x00000134        0x4 LONG 0x10000000 ADDR (.bss)
                0x00000138        0x4 LONG 0x20 SIZEOF (.bss)
                0x0000013c                __bss_section_table_end = .
                0x0000013c                __section_table_end = .
 *(.after_vectors*)
 .after_vectors
                0x0000013c      0x130 ./src/cr_startup_lpc13xx.o
                0x0000013c                data_init(unsigned int, unsigned int, unsigned int)
                0x0000017e                bss_init(unsigned int, unsigned int)
                0x000001b4                ResetISR
                0x00000230                NMI_Handler
                0x00000236                HardFault_Handler
                0x0000023c                MemManage_Handler
                0x00000242                BusFault_Handler
                0x00000248                UsageFault_Handler
                0x0000024e                SVC_Handler
                0x00000254                DebugMon_Handler
                0x0000025a                PendSV_Handler
                0x00000260                SysTick_Handler
                0x00000266                SSP_IRQHandler
                0x00000266                TIMER16_1_IRQHandler
                0x00000266                UART_IRQHandler
                0x00000266                ADC_IRQHandler
                0x00000266                SSP1_IRQHandler
                0x00000266                IntDefaultHandler
                0x00000266                TIMER32_0_IRQHandler
                0x00000266                USB_IRQHandler
                0x00000266                BOD_IRQHandler
                0x00000266                WAKEUP_IRQHandler
                0x00000266                PIOINT0_IRQHandler
                0x00000266                I2C_IRQHandler
                0x00000266                PIOINT1_IRQHandler
                0x00000266                TIMER32_1_IRQHandler
                0x00000266                WDT_IRQHandler
                0x00000266                PIOINT2_IRQHandler
                0x00000266                USB_FIQHandler
                0x00000266                PIOINT3_IRQHandler
                0x00000266                TIMER16_0_IRQHandler
                0x00000266                FMC_IRQHandler
                0x000002fc                . = 0x2fc
 *fill*         0x0000026c       0x90 ff
                0x000002fc                PROVIDE (__CRP_WORD_START__ = .)
 *(.crp)
 .crp           0x000002fc        0x4 ./src/crp.o
                0x000002fc                CRP_WORD
                0x00000300                PROVIDE (__CRP_WORD_END__ = .)
                0x00000001                ASSERT (! ((__CRP_WORD_START__ == __CRP_WORD_END__)), Linker CRP Enabled, but no CRP_WORD provided within application)
 *(.text*)
 .text.NVIC_EnableIRQ
                0x00000300       0x34 ./src/ADC_pot.o
 *fill*         0x00000334        0x4 ff
 .text.main     0x00000338       0xe0 ./src/ADC_pot.o
                0x00000338                main
 .text._Z10initTimer0v
                0x00000418       0x3c ./src/Delay.o
                0x00000418                initTimer0()
 .text._Z5delayj
                0x00000454       0x48 ./src/Delay.o
                0x00000454                delay(unsigned int)
 .text.SystemInit
                0x0000049c       0xac C:\Users\bourc\Documents\MCUXpressoIDE_11.0.1_2563\workspace\CMSIS_CORE_LPC13xx\Debug\libCMSIS_CORE_LPC13xx.a(system_LPC13xx.o)
                0x0000049c                SystemInit
 .text          0x00000548      0x378 c:/nxp/mcuxpressoide_11.0.1_2563/ide/plugins/com.nxp.mcuxpresso.tools.win32_11.0.1.201907311258/tools/bin/../lib/gcc/arm-none-eabi/8.2.1/thumb/v7-m/nofp\libgcc.a(_arm_addsubdf3.o)
                0x00000548                __aeabi_drsub
                0x00000550                __aeabi_dsub
                0x00000550                __subdf3
                0x00000554                __aeabi_dadd
                0x00000554                __adddf3
                0x000007cc                __floatunsidf
                0x000007cc                __aeabi_ui2d
                0x000007ec                __floatsidf
                0x000007ec                __aeabi_i2d
                0x00000810                __aeabi_f2d
                0x00000810                __extendsfdf2
                0x00000854                __floatundidf
                0x00000854                __aeabi_ul2d
                0x00000864                __floatdidf
                0x00000864                __aeabi_l2d
 .text          0x000008c0      0x424 c:/nxp/mcuxpressoide_11.0.1_2563/ide/plugins/com.nxp.mcuxpresso.tools.win32_11.0.1.201907311258/tools/bin/../lib/gcc/arm-none-eabi/8.2.1/thumb/v7-m/nofp\libgcc.a(_arm_muldivdf3.o)
                0x000008c0                __aeabi_dmul
                0x000008c0                __muldf3
                0x00000b14                __divdf3
                0x00000b14                __aeabi_ddiv
 .text          0x00000ce4       0xa0 c:/nxp/mcuxpressoide_11.0.1_2563/ide/plugins/com.nxp.mcuxpresso.tools.win32_11.0.1.201907311258/tools/bin/../lib/gcc/arm-none-eabi/8.2.1/thumb/v7-m/nofp\libgcc.a(_arm_truncdfsf2.o)
                0x00000ce4                __truncdfsf2
                0x00000ce4                __aeabi_d2f
 .text          0x00000d84      0x21c c:/nxp/mcuxpressoide_11.0.1_2563/ide/plugins/com.nxp.mcuxpresso.tools.win32_11.0.1.201907311258/tools/bin/../lib/gcc/arm-none-eabi/8.2.1/thumb/v7-m/nofp\libgcc.a(_arm_addsubsf3.o)
                0x00000d84                __aeabi_frsub
                0x00000d8c                __subsf3
                0x00000d8c                __aeabi_fsub
                0x00000d90                __aeabi_fadd
                0x00000d90                __addsf3
                0x00000ef0                __aeabi_ui2f
                0x00000ef0                __floatunsisf
                0x00000ef8                __aeabi_i2f
                0x00000ef8                __floatsisf
                0x00000f14                __aeabi_ul2f
                0x00000f14                __floatundisf
                0x00000f24                __aeabi_l2f
                0x00000f24                __floatdisf
 .text.__libc_init_array
                0x00000fa0       0x48 c:/nxp/mcuxpressoide_11.0.1_2563/ide/plugins/com.nxp.mcuxpresso.tools.win32_11.0.1.201907311258/tools/bin/../lib/gcc/arm-none-eabi/8.2.1/../../../../arm-none-eabi/lib/thumb/v7-m/nofp\libc.a(lib_a-init.o)
                0x00000fa0                __libc_init_array
 .text          0x00000fe8       0x40 c:/nxp/mcuxpressoide_11.0.1_2563/ide/plugins/com.nxp.mcuxpresso.tools.win32_11.0.1.201907311258/tools/bin/../lib/gcc/arm-none-eabi/8.2.1/thumb/v7-m/nofp\crtbegin.o
 *(.rodata .rodata.* .constdata .constdata.*)
                0x00001028                . = ALIGN (0x4)
                0x00001028                . = ALIGN (0x4)
 *(.init)
 .init          0x00001028        0x4 c:/nxp/mcuxpressoide_11.0.1_2563/ide/plugins/com.nxp.mcuxpresso.tools.win32_11.0.1.201907311258/tools/bin/../lib/gcc/arm-none-eabi/8.2.1/thumb/v7-m/nofp\crti.o
                0x00001028                _init
 .init          0x0000102c        0x8 c:/nxp/mcuxpressoide_11.0.1_2563/ide/plugins/com.nxp.mcuxpresso.tools.win32_11.0.1.201907311258/tools/bin/../lib/gcc/arm-none-eabi/8.2.1/thumb/v7-m/nofp\crtn.o
                0x00001034                . = ALIGN (0x4)
                0x00001034                __preinit_array_start = .
 *(.preinit_array)
                0x00001034                __preinit_array_end = .
                0x00001034                . = ALIGN (0x4)
                0x00001034                __init_array_start = .
 *(SORT_BY_NAME(.init_array.*))
 *(.init_array)
 .init_array    0x00001034        0x4 c:/nxp/mcuxpressoide_11.0.1_2563/ide/plugins/com.nxp.mcuxpresso.tools.win32_11.0.1.201907311258/tools/bin/../lib/gcc/arm-none-eabi/8.2.1/thumb/v7-m/nofp\crtbegin.o
                0x00001038                __init_array_end = .
 *(.fini)
 .fini          0x00001038        0x4 c:/nxp/mcuxpressoide_11.0.1_2563/ide/plugins/com.nxp.mcuxpresso.tools.win32_11.0.1.201907311258/tools/bin/../lib/gcc/arm-none-eabi/8.2.1/thumb/v7-m/nofp\crti.o
                0x00001038                _fini
 .fini          0x0000103c        0x8 c:/nxp/mcuxpressoide_11.0.1_2563/ide/plugins/com.nxp.mcuxpresso.tools.win32_11.0.1.201907311258/tools/bin/../lib/gcc/arm-none-eabi/8.2.1/thumb/v7-m/nofp\crtn.o
                0x00001044                . = ALIGN (0x4)
 *crtbegin.o(.ctors)
 *(EXCLUDE_FILE(*crtend.o) .ctors)
 *(SORT_BY_NAME(.ctors.*))
 *crtend.o(.ctors)
                0x00001044                . = ALIGN (0x4)
 *crtbegin.o(.dtors)
 *(EXCLUDE_FILE(*crtend.o) .dtors)
 *(SORT_BY_NAME(.dtors.*))
 *crtend.o(.dtors)
                0x00001044                . = ALIGN (0x4)

.glue_7         0x00001044        0x0
 .glue_7        0x00001044        0x0 linker stubs

.glue_7t        0x00001044        0x0
 .glue_7t       0x00001044        0x0 linker stubs

.vfp11_veneer   0x00001044        0x0
 .vfp11_veneer  0x00001044        0x0 linker stubs

.v4_bx          0x00001044        0x0
 .v4_bx         0x00001044        0x0 linker stubs

.iplt           0x00001044        0x0
 .iplt          0x00001044        0x0 ./src/ADC_pot.o

.rel.dyn        0x00001044        0x0
 .rel.iplt      0x00001044        0x0 ./src/ADC_pot.o

.eh_frame       0x00001044        0x0
 .eh_frame      0x00001044        0x0 c:/nxp/mcuxpressoide_11.0.1_2563/ide/plugins/com.nxp.mcuxpresso.tools.win32_11.0.1.201907311258/tools/bin/../lib/gcc/arm-none-eabi/8.2.1/thumb/v7-m/nofp\crtbegin.o

.ARM.extab
 *(.ARM.extab* .gnu.linkonce.armextab.*)
                0x00001044                __exidx_start = .

.ARM.exidx
 *(.ARM.exidx* .gnu.linkonce.armexidx.*)
                0x00001044                __exidx_end = .
                0x00001044                _etext = .

.uninit_RESERVED
                0x10000000        0x0
                0x10000000                . = ALIGN (0x4)
 *(.bss.$RESERVED*)
                0x10000000                . = ALIGN (0x4)
                0x10000000                _end_uninit_RESERVED = .

.data           0x10000000        0x0 load address 0x00001044
 FILL mask 0xff
                0x10000000                _data = .
 *(vtable)
 *(.ramfunc*)
 *(CodeQuickAccess)
 *(DataQuickAccess)
 *(RamFunction)
 *(.data*)
                0x10000000                . = ALIGN (0x4)
                0x10000000                _edata = .

.igot.plt       0x10000000        0x0 load address 0x00001044
 .igot.plt      0x10000000        0x0 ./src/ADC_pot.o

.bss            0x10000000       0x20 load address 0x00001044
                0x10000000                . = ALIGN (0x4)
                0x10000000                _bss = .
 *(.bss*)
 .bss.AD0Result
                0x10000000        0x4 ./src/ADC_pot.o
                0x10000000                AD0Result
 .bss           0x10000004       0x1c c:/nxp/mcuxpressoide_11.0.1_2563/ide/plugins/com.nxp.mcuxpresso.tools.win32_11.0.1.201907311258/tools/bin/../lib/gcc/arm-none-eabi/8.2.1/thumb/v7-m/nofp\crtbegin.o
 *(COMMON)
                0x10000020                . = ALIGN (0x4)
                0x10000020                _ebss = .
                [!provide]                PROVIDE (end = .)

.noinit         0x10000020        0x0 load address 0x00001044
                0x10000020                . = ALIGN (0x4)
                0x10000020                _noinit = .
 *(.noinit*)
                0x10000020                . = ALIGN (0x4)
                0x10000020                _end_noinit = .
                0x10000020                PROVIDE (_pvHeapStart = DEFINED (__user_heap_base)?__user_heap_base:.)
                0x10002000                PROVIDE (_vStackTop = DEFINED (__user_stack_top)?__user_stack_top:(__top_RamLoc8 - 0x0))
                0xefffd31a                PROVIDE (__valid_user_code_checksum = (0x0 - ((((((_vStackTop + (ResetISR + 0x1)) + (NMI_Handler + 0x1)) + (HardFault_Handler + 0x1)) + (DEFINED (MemManage_Handler)?MemManage_Handler:0x0 + 0x1)) + (DEFINED (BusFault_Handler)?BusFault_Handler:0x0 + 0x1)) + (DEFINED (UsageFault_Handler)?UsageFault_Handler:0x0 + 0x1))))
                0x00000000                _image_start = LOADADDR (.text)
                0x00001044                _image_end = (LOADADDR (.data) + SIZEOF (.data))
                0x00001044                _image_size = (_image_end - _image_start)
OUTPUT(ADC_pot.axf elf32-littlearm)

.debug_info     0x00000000     0x258f
 .debug_info    0x00000000     0x16ec ./src/ADC_pot.o
 .debug_info    0x000016ec      0x65e ./src/Delay.o
 .debug_info    0x00001d4a      0x27f ./src/cr_startup_lpc13xx.o
 .debug_info    0x00001fc9       0x40 ./src/crp.o
 .debug_info    0x00002009      0x586 C:\Users\bourc\Documents\MCUXpressoIDE_11.0.1_2563\workspace\CMSIS_CORE_LPC13xx\Debug\libCMSIS_CORE_LPC13xx.a(system_LPC13xx.o)

.debug_abbrev   0x00000000      0x76e
 .debug_abbrev  0x00000000      0x329 ./src/ADC_pot.o
 .debug_abbrev  0x00000329      0x15e ./src/Delay.o
 .debug_abbrev  0x00000487      0x146 ./src/cr_startup_lpc13xx.o
 .debug_abbrev  0x000005cd       0x38 ./src/crp.o
 .debug_abbrev  0x00000605      0x169 C:\Users\bourc\Documents\MCUXpressoIDE_11.0.1_2563\workspace\CMSIS_CORE_LPC13xx\Debug\libCMSIS_CORE_LPC13xx.a(system_LPC13xx.o)

.debug_aranges  0x00000000      0x120
 .debug_aranges
                0x00000000       0x30 ./src/ADC_pot.o
 .debug_aranges
                0x00000030       0x30 ./src/Delay.o
 .debug_aranges
                0x00000060       0x80 ./src/cr_startup_lpc13xx.o
 .debug_aranges
                0x000000e0       0x18 ./src/crp.o
 .debug_aranges
                0x000000f8       0x28 C:\Users\bourc\Documents\MCUXpressoIDE_11.0.1_2563\workspace\CMSIS_CORE_LPC13xx\Debug\libCMSIS_CORE_LPC13xx.a(system_LPC13xx.o)

.debug_ranges   0x00000000       0xc8
 .debug_ranges  0x00000000       0x20 ./src/ADC_pot.o
 .debug_ranges  0x00000020       0x20 ./src/Delay.o
 .debug_ranges  0x00000040       0x70 ./src/cr_startup_lpc13xx.o
 .debug_ranges  0x000000b0       0x18 C:\Users\bourc\Documents\MCUXpressoIDE_11.0.1_2563\workspace\CMSIS_CORE_LPC13xx\Debug\libCMSIS_CORE_LPC13xx.a(system_LPC13xx.o)

.debug_macro    0x00000000     0x5667
 .debug_macro   0x00000000      0x24d ./src/ADC_pot.o
 .debug_macro   0x0000024d      0xb86 ./src/ADC_pot.o
 .debug_macro   0x00000dd3       0x1c ./src/ADC_pot.o
 .debug_macro   0x00000def       0x3a ./src/ADC_pot.o
 .debug_macro   0x00000e29       0x1c ./src/ADC_pot.o
 .debug_macro   0x00000e45       0x22 ./src/ADC_pot.o
 .debug_macro   0x00000e67       0x8e ./src/ADC_pot.o
 .debug_macro   0x00000ef5       0x51 ./src/ADC_pot.o
 .debug_macro   0x00000f46       0xef ./src/ADC_pot.o
 .debug_macro   0x00001035       0x6a ./src/ADC_pot.o
 .debug_macro   0x0000109f      0x1df ./src/ADC_pot.o
 .debug_macro   0x0000127e       0x2d ./src/ADC_pot.o
 .debug_macro   0x000012ab      0xbb1 ./src/ADC_pot.o
 .debug_macro   0x00001e5c      0x131 ./src/ADC_pot.o
 .debug_macro   0x00001f8d       0x5e ./src/ADC_pot.o
 .debug_macro   0x00001feb       0x18 ./src/ADC_pot.o
 .debug_macro   0x00002003       0x35 ./src/ADC_pot.o
 .debug_macro   0x00002038       0x34 ./src/ADC_pot.o
 .debug_macro   0x0000206c       0x16 ./src/ADC_pot.o
 .debug_macro   0x00002082       0x97 ./src/ADC_pot.o
 .debug_macro   0x00002119      0x35c ./src/ADC_pot.o
 .debug_macro   0x00002475      0x104 ./src/ADC_pot.o
 .debug_macro   0x00002579       0x10 ./src/ADC_pot.o
 .debug_macro   0x00002589       0x58 ./src/ADC_pot.o
 .debug_macro   0x000025e1       0x1f ./src/ADC_pot.o
 .debug_macro   0x00002600       0x43 ./src/ADC_pot.o
 .debug_macro   0x00002643       0x20 ./src/ADC_pot.o
 .debug_macro   0x00002663      0x18e ./src/ADC_pot.o
 .debug_macro   0x000027f1       0x10 ./src/ADC_pot.o
 .debug_macro   0x00002801       0x1c ./src/ADC_pot.o
 .debug_macro   0x0000281d       0x52 ./src/ADC_pot.o
 .debug_macro   0x0000286f       0x40 ./src/ADC_pot.o
 .debug_macro   0x000028af       0x10 ./src/ADC_pot.o
 .debug_macro   0x000028bf       0x40 ./src/ADC_pot.o
 .debug_macro   0x000028ff       0xd7 ./src/ADC_pot.o
 .debug_macro   0x000029d6       0x1c ./src/ADC_pot.o
 .debug_macro   0x000029f2       0x3d ./src/ADC_pot.o
 .debug_macro   0x00002a2f       0x16 ./src/ADC_pot.o
 .debug_macro   0x00002a45      0x137 ./src/ADC_pot.o
 .debug_macro   0x00002b7c       0x82 ./src/ADC_pot.o
 .debug_macro   0x00002bfe       0x16 ./src/ADC_pot.o
 .debug_macro   0x00002c14       0xad ./src/Delay.o
 .debug_macro   0x00002cc1       0x1d ./src/cr_startup_lpc13xx.o
 .debug_macro   0x00002cde       0x1a ./src/crp.o
 .debug_macro   0x00002cf8      0xaae ./src/crp.o
 .debug_macro   0x000037a6       0x34 ./src/crp.o
 .debug_macro   0x000037da      0x149 C:\Users\bourc\Documents\MCUXpressoIDE_11.0.1_2563\workspace\CMSIS_CORE_LPC13xx\Debug\libCMSIS_CORE_LPC13xx.a(system_LPC13xx.o)
 .debug_macro   0x00003923      0xaa2 C:\Users\bourc\Documents\MCUXpressoIDE_11.0.1_2563\workspace\CMSIS_CORE_LPC13xx\Debug\libCMSIS_CORE_LPC13xx.a(system_LPC13xx.o)
 .debug_macro   0x000043c5       0x10 C:\Users\bourc\Documents\MCUXpressoIDE_11.0.1_2563\workspace\CMSIS_CORE_LPC13xx\Debug\libCMSIS_CORE_LPC13xx.a(system_LPC13xx.o)
 .debug_macro   0x000043d5      0x12e C:\Users\bourc\Documents\MCUXpressoIDE_11.0.1_2563\workspace\CMSIS_CORE_LPC13xx\Debug\libCMSIS_CORE_LPC13xx.a(system_LPC13xx.o)
 .debug_macro   0x00004503      0x5b3 C:\Users\bourc\Documents\MCUXpressoIDE_11.0.1_2563\workspace\CMSIS_CORE_LPC13xx\Debug\libCMSIS_CORE_LPC13xx.a(system_LPC13xx.o)
 .debug_macro   0x00004ab6      0xbb1 C:\Users\bourc\Documents\MCUXpressoIDE_11.0.1_2563\workspace\CMSIS_CORE_LPC13xx\Debug\libCMSIS_CORE_LPC13xx.a(system_LPC13xx.o)

.debug_line     0x00000000      0xfb5
 .debug_line    0x00000000      0x55e ./src/ADC_pot.o
 .debug_line    0x0000055e      0x3e8 ./src/Delay.o
 .debug_line    0x00000946      0x16e ./src/cr_startup_lpc13xx.o
 .debug_line    0x00000ab4       0xb6 ./src/crp.o
 .debug_line    0x00000b6a      0x44b C:\Users\bourc\Documents\MCUXpressoIDE_11.0.1_2563\workspace\CMSIS_CORE_LPC13xx\Debug\libCMSIS_CORE_LPC13xx.a(system_LPC13xx.o)

.debug_str      0x00000000     0xfe57
 .debug_str     0x00000000     0xddad ./src/ADC_pot.o
                               0xe065 (size before relaxing)
 .debug_str     0x0000ddad       0x9b ./src/Delay.o
                               0x9435 (size before relaxing)
 .debug_str     0x0000de48      0x1f3 ./src/cr_startup_lpc13xx.o
                               0x33e5 (size before relaxing)
 .debug_str     0x0000e03b      0x2a6 ./src/crp.o
                               0x2ee8 (size before relaxing)
 .debug_str     0x0000e2e1     0x1b76 C:\Users\bourc\Documents\MCUXpressoIDE_11.0.1_2563\workspace\CMSIS_CORE_LPC13xx\Debug\libCMSIS_CORE_LPC13xx.a(system_LPC13xx.o)
                               0x9a42 (size before relaxing)

.comment        0x00000000       0x75
 .comment       0x00000000       0x75 ./src/ADC_pot.o
                                 0x76 (size before relaxing)
 .comment       0x00000075       0x76 ./src/Delay.o
 .comment       0x00000075       0x76 ./src/cr_startup_lpc13xx.o
 .comment       0x00000075       0x76 ./src/crp.o
 .comment       0x00000075       0x76 C:\Users\bourc\Documents\MCUXpressoIDE_11.0.1_2563\workspace\CMSIS_CORE_LPC13xx\Debug\libCMSIS_CORE_LPC13xx.a(system_LPC13xx.o)

.ARM.attributes
                0x00000000       0x2d
 .ARM.attributes
                0x00000000       0x2d ./src/ADC_pot.o
 .ARM.attributes
                0x0000002d       0x2d ./src/Delay.o
 .ARM.attributes
                0x0000005a       0x2d ./src/cr_startup_lpc13xx.o
 .ARM.attributes
                0x00000087       0x33 ./src/crp.o
 .ARM.attributes
                0x000000ba       0x2d C:\Users\bourc\Documents\MCUXpressoIDE_11.0.1_2563\workspace\CMSIS_CORE_LPC13xx\Debug\libCMSIS_CORE_LPC13xx.a(system_LPC13xx.o)
 .ARM.attributes
                0x000000e7       0x1d c:/nxp/mcuxpressoide_11.0.1_2563/ide/plugins/com.nxp.mcuxpresso.tools.win32_11.0.1.201907311258/tools/bin/../lib/gcc/arm-none-eabi/8.2.1/thumb/v7-m/nofp\libgcc.a(_arm_addsubdf3.o)
 .ARM.attributes
                0x00000104       0x1d c:/nxp/mcuxpressoide_11.0.1_2563/ide/plugins/com.nxp.mcuxpresso.tools.win32_11.0.1.201907311258/tools/bin/../lib/gcc/arm-none-eabi/8.2.1/thumb/v7-m/nofp\libgcc.a(_arm_muldivdf3.o)
 .ARM.attributes
                0x00000121       0x1d c:/nxp/mcuxpressoide_11.0.1_2563/ide/plugins/com.nxp.mcuxpresso.tools.win32_11.0.1.201907311258/tools/bin/../lib/gcc/arm-none-eabi/8.2.1/thumb/v7-m/nofp\libgcc.a(_arm_truncdfsf2.o)
 .ARM.attributes
                0x0000013e       0x1d c:/nxp/mcuxpressoide_11.0.1_2563/ide/plugins/com.nxp.mcuxpresso.tools.win32_11.0.1.201907311258/tools/bin/../lib/gcc/arm-none-eabi/8.2.1/thumb/v7-m/nofp\libgcc.a(_arm_addsubsf3.o)
 .ARM.attributes
                0x0000015b       0x2d c:/nxp/mcuxpressoide_11.0.1_2563/ide/plugins/com.nxp.mcuxpresso.tools.win32_11.0.1.201907311258/tools/bin/../lib/gcc/arm-none-eabi/8.2.1/../../../../arm-none-eabi/lib/thumb/v7-m/nofp\libc.a(lib_a-init.o)
 .ARM.attributes
                0x00000188       0x1d c:/nxp/mcuxpressoide_11.0.1_2563/ide/plugins/com.nxp.mcuxpresso.tools.win32_11.0.1.201907311258/tools/bin/../lib/gcc/arm-none-eabi/8.2.1/thumb/v7-m/nofp\crti.o
 .ARM.attributes
                0x000001a5       0x1d c:/nxp/mcuxpressoide_11.0.1_2563/ide/plugins/com.nxp.mcuxpresso.tools.win32_11.0.1.201907311258/tools/bin/../lib/gcc/arm-none-eabi/8.2.1/thumb/v7-m/nofp\crtn.o
 .ARM.attributes
                0x000001c2       0x2d c:/nxp/mcuxpressoide_11.0.1_2563/ide/plugins/com.nxp.mcuxpresso.tools.win32_11.0.1.201907311258/tools/bin/../lib/gcc/arm-none-eabi/8.2.1/thumb/v7-m/nofp\crtbegin.o

.debug_frame    0x00000000      0x438
 .debug_frame   0x00000000       0x80 ./src/ADC_pot.o
 .debug_frame   0x00000080       0x80 ./src/Delay.o
 .debug_frame   0x00000100      0x170 ./src/cr_startup_lpc13xx.o
 .debug_frame   0x00000270       0x30 C:\Users\bourc\Documents\MCUXpressoIDE_11.0.1_2563\workspace\CMSIS_CORE_LPC13xx\Debug\libCMSIS_CORE_LPC13xx.a(system_LPC13xx.o)
 .debug_frame   0x000002a0       0xac c:/nxp/mcuxpressoide_11.0.1_2563/ide/plugins/com.nxp.mcuxpresso.tools.win32_11.0.1.201907311258/tools/bin/../lib/gcc/arm-none-eabi/8.2.1/thumb/v7-m/nofp\libgcc.a(_arm_addsubdf3.o)
 .debug_frame   0x0000034c       0x50 c:/nxp/mcuxpressoide_11.0.1_2563/ide/plugins/com.nxp.mcuxpresso.tools.win32_11.0.1.201907311258/tools/bin/../lib/gcc/arm-none-eabi/8.2.1/thumb/v7-m/nofp\libgcc.a(_arm_muldivdf3.o)
 .debug_frame   0x0000039c       0x24 c:/nxp/mcuxpressoide_11.0.1_2563/ide/plugins/com.nxp.mcuxpresso.tools.win32_11.0.1.201907311258/tools/bin/../lib/gcc/arm-none-eabi/8.2.1/thumb/v7-m/nofp\libgcc.a(_arm_truncdfsf2.o)
 .debug_frame   0x000003c0       0x4c c:/nxp/mcuxpressoide_11.0.1_2563/ide/plugins/com.nxp.mcuxpresso.tools.win32_11.0.1.201907311258/tools/bin/../lib/gcc/arm-none-eabi/8.2.1/thumb/v7-m/nofp\libgcc.a(_arm_addsubsf3.o)
 .debug_frame   0x0000040c       0x2c c:/nxp/mcuxpressoide_11.0.1_2563/ide/plugins/com.nxp.mcuxpresso.tools.win32_11.0.1.201907311258/tools/bin/../lib/gcc/arm-none-eabi/8.2.1/../../../../arm-none-eabi/lib/thumb/v7-m/nofp\libc.a(lib_a-init.o)

.debug_loc      0x00000000       0xc4
 .debug_loc     0x00000000       0xc4 C:\Users\bourc\Documents\MCUXpressoIDE_11.0.1_2563\workspace\CMSIS_CORE_LPC13xx\Debug\libCMSIS_CORE_LPC13xx.a(system_LPC13xx.o)

Cross Reference Table

Symbol                                            File
AD0Result                                         ./src/ADC_pot.o
ADC_IRQHandler                                    ./src/cr_startup_lpc13xx.o
ADC_IRQHandler()                                  ./src/ADC_pot.o
BOD_IRQHandler                                    ./src/cr_startup_lpc13xx.o
BusFault_Handler                                  ./src/cr_startup_lpc13xx.o
CRP_WORD                                          ./src/crp.o
DebugMon_Handler                                  ./src/cr_startup_lpc13xx.o
FMC_IRQHandler                                    ./src/cr_startup_lpc13xx.o
HardFault_Handler                                 ./src/cr_startup_lpc13xx.o
I2C_IRQHandler                                    ./src/cr_startup_lpc13xx.o
IntDefaultHandler                                 ./src/cr_startup_lpc13xx.o
MemManage_Handler                                 ./src/cr_startup_lpc13xx.o
NMI_Handler                                       ./src/cr_startup_lpc13xx.o
PIOINT0_IRQHandler                                ./src/cr_startup_lpc13xx.o
PIOINT1_IRQHandler                                ./src/cr_startup_lpc13xx.o
PIOINT2_IRQHandler                                ./src/cr_startup_lpc13xx.o
PIOINT3_IRQHandler                                ./src/cr_startup_lpc13xx.o
PendSV_Handler                                    ./src/cr_startup_lpc13xx.o
ResetISR                                          ./src/cr_startup_lpc13xx.o
SSP1_IRQHandler                                   ./src/cr_startup_lpc13xx.o
SSP_IRQHandler                                    ./src/cr_startup_lpc13xx.o
SVC_Handler                                       ./src/cr_startup_lpc13xx.o
SysTick_Handler                                   ./src/cr_startup_lpc13xx.o
SystemCoreClock                                   C:\Users\bourc\Documents\MCUXpressoIDE_11.0.1_2563\workspace\CMSIS_CORE_LPC13xx\Debug\libCMSIS_CORE_LPC13xx.a(system_LPC13xx.o)
SystemCoreClockUpdate                             C:\Users\bourc\Documents\MCUXpressoIDE_11.0.1_2563\workspace\CMSIS_CORE_LPC13xx\Debug\libCMSIS_CORE_LPC13xx.a(system_LPC13xx.o)
SystemInit                                        C:\Users\bourc\Documents\MCUXpressoIDE_11.0.1_2563\workspace\CMSIS_CORE_LPC13xx\Debug\libCMSIS_CORE_LPC13xx.a(system_LPC13xx.o)
                                                  ./src/cr_startup_lpc13xx.o
TIMER16_0_IRQHandler                              ./src/cr_startup_lpc13xx.o
TIMER16_1_IRQHandler                              ./src/cr_startup_lpc13xx.o
TIMER32_0_IRQHandler                              ./src/cr_startup_lpc13xx.o
TIMER32_1_IRQHandler                              ./src/cr_startup_lpc13xx.o
UART_IRQHandler                                   ./src/cr_startup_lpc13xx.o
USB_FIQHandler                                    ./src/cr_startup_lpc13xx.o
USB_IRQHandler                                    ./src/cr_startup_lpc13xx.o
UsageFault_Handler                                ./src/cr_startup_lpc13xx.o
WAKEUP_IRQHandler                                 ./src/cr_startup_lpc13xx.o
WDT_IRQHandler                                    ./src/cr_startup_lpc13xx.o
__adddf3                                          c:/nxp/mcuxpressoide_11.0.1_2563/ide/plugins/com.nxp.mcuxpresso.tools.win32_11.0.1.201907311258/tools/bin/../lib/gcc/arm-none-eabi/8.2.1/thumb/v7-m/nofp\libgcc.a(_arm_addsubdf3.o)
__addsf3                                          c:/nxp/mcuxpressoide_11.0.1_2563/ide/plugins/com.nxp.mcuxpresso.tools.win32_11.0.1.201907311258/tools/bin/../lib/gcc/arm-none-eabi/8.2.1/thumb/v7-m/nofp\libgcc.a(_arm_addsubsf3.o)
__aeabi_atexit                                    ./src/cr_cpp_config.o
__aeabi_d2f                                       c:/nxp/mcuxpressoide_11.0.1_2563/ide/plugins/com.nxp.mcuxpresso.tools.win32_11.0.1.201907311258/tools/bin/../lib/gcc/arm-none-eabi/8.2.1/thumb/v7-m/nofp\libgcc.a(_arm_truncdfsf2.o)
                                                  ./src/ADC_pot.o
__aeabi_dadd                                      c:/nxp/mcuxpressoide_11.0.1_2563/ide/plugins/com.nxp.mcuxpresso.tools.win32_11.0.1.201907311258/tools/bin/../lib/gcc/arm-none-eabi/8.2.1/thumb/v7-m/nofp\libgcc.a(_arm_addsubdf3.o)
__aeabi_ddiv                                      c:/nxp/mcuxpressoide_11.0.1_2563/ide/plugins/com.nxp.mcuxpresso.tools.win32_11.0.1.201907311258/tools/bin/../lib/gcc/arm-none-eabi/8.2.1/thumb/v7-m/nofp\libgcc.a(_arm_muldivdf3.o)
                                                  ./src/ADC_pot.o
__aeabi_dmul                                      c:/nxp/mcuxpressoide_11.0.1_2563/ide/plugins/com.nxp.mcuxpresso.tools.win32_11.0.1.201907311258/tools/bin/../lib/gcc/arm-none-eabi/8.2.1/thumb/v7-m/nofp\libgcc.a(_arm_muldivdf3.o)
                                                  ./src/ADC_pot.o
__aeabi_drsub                                     c:/nxp/mcuxpressoide_11.0.1_2563/ide/plugins/com.nxp.mcuxpresso.tools.win32_11.0.1.201907311258/tools/bin/../lib/gcc/arm-none-eabi/8.2.1/thumb/v7-m/nofp\libgcc.a(_arm_addsubdf3.o)
__aeabi_dsub                                      c:/nxp/mcuxpressoide_11.0.1_2563/ide/plugins/com.nxp.mcuxpresso.tools.win32_11.0.1.201907311258/tools/bin/../lib/gcc/arm-none-eabi/8.2.1/thumb/v7-m/nofp\libgcc.a(_arm_addsubdf3.o)
__aeabi_f2d                                       c:/nxp/mcuxpressoide_11.0.1_2563/ide/plugins/com.nxp.mcuxpresso.tools.win32_11.0.1.201907311258/tools/bin/../lib/gcc/arm-none-eabi/8.2.1/thumb/v7-m/nofp\libgcc.a(_arm_addsubdf3.o)
                                                  ./src/ADC_pot.o
__aeabi_fadd                                      c:/nxp/mcuxpressoide_11.0.1_2563/ide/plugins/com.nxp.mcuxpresso.tools.win32_11.0.1.201907311258/tools/bin/../lib/gcc/arm-none-eabi/8.2.1/thumb/v7-m/nofp\libgcc.a(_arm_addsubsf3.o)
__aeabi_frsub                                     c:/nxp/mcuxpressoide_11.0.1_2563/ide/plugins/com.nxp.mcuxpresso.tools.win32_11.0.1.201907311258/tools/bin/../lib/gcc/arm-none-eabi/8.2.1/thumb/v7-m/nofp\libgcc.a(_arm_addsubsf3.o)
__aeabi_fsub                                      c:/nxp/mcuxpressoide_11.0.1_2563/ide/plugins/com.nxp.mcuxpresso.tools.win32_11.0.1.201907311258/tools/bin/../lib/gcc/arm-none-eabi/8.2.1/thumb/v7-m/nofp\libgcc.a(_arm_addsubsf3.o)
__aeabi_i2d                                       c:/nxp/mcuxpressoide_11.0.1_2563/ide/plugins/com.nxp.mcuxpresso.tools.win32_11.0.1.201907311258/tools/bin/../lib/gcc/arm-none-eabi/8.2.1/thumb/v7-m/nofp\libgcc.a(_arm_addsubdf3.o)
__aeabi_i2f                                       c:/nxp/mcuxpressoide_11.0.1_2563/ide/plugins/com.nxp.mcuxpresso.tools.win32_11.0.1.201907311258/tools/bin/../lib/gcc/arm-none-eabi/8.2.1/thumb/v7-m/nofp\libgcc.a(_arm_addsubsf3.o)
__aeabi_l2d                                       c:/nxp/mcuxpressoide_11.0.1_2563/ide/plugins/com.nxp.mcuxpresso.tools.win32_11.0.1.201907311258/tools/bin/../lib/gcc/arm-none-eabi/8.2.1/thumb/v7-m/nofp\libgcc.a(_arm_addsubdf3.o)
__aeabi_l2f                                       c:/nxp/mcuxpressoide_11.0.1_2563/ide/plugins/com.nxp.mcuxpresso.tools.win32_11.0.1.201907311258/tools/bin/../lib/gcc/arm-none-eabi/8.2.1/thumb/v7-m/nofp\libgcc.a(_arm_addsubsf3.o)
__aeabi_ui2d                                      c:/nxp/mcuxpressoide_11.0.1_2563/ide/plugins/com.nxp.mcuxpresso.tools.win32_11.0.1.201907311258/tools/bin/../lib/gcc/arm-none-eabi/8.2.1/thumb/v7-m/nofp\libgcc.a(_arm_addsubdf3.o)
__aeabi_ui2f                                      c:/nxp/mcuxpressoide_11.0.1_2563/ide/plugins/com.nxp.mcuxpresso.tools.win32_11.0.1.201907311258/tools/bin/../lib/gcc/arm-none-eabi/8.2.1/thumb/v7-m/nofp\libgcc.a(_arm_addsubsf3.o)
                                                  ./src/ADC_pot.o
__aeabi_ul2d                                      c:/nxp/mcuxpressoide_11.0.1_2563/ide/plugins/com.nxp.mcuxpresso.tools.win32_11.0.1.201907311258/tools/bin/../lib/gcc/arm-none-eabi/8.2.1/thumb/v7-m/nofp\libgcc.a(_arm_addsubdf3.o)
__aeabi_ul2f                                      c:/nxp/mcuxpressoide_11.0.1_2563/ide/plugins/com.nxp.mcuxpresso.tools.win32_11.0.1.201907311258/tools/bin/../lib/gcc/arm-none-eabi/8.2.1/thumb/v7-m/nofp\libgcc.a(_arm_addsubsf3.o)
__bss_section_table_end                           ./src/cr_startup_lpc13xx.o
__check_heap_overflow                             c:/nxp/mcuxpressoide_11.0.1_2563/ide/plugins/com.nxp.mcuxpresso.tools.win32_11.0.1.201907311258/tools/bin/../lib/gcc/arm-none-eabi/8.2.1/../../../../arm-none-eabi/lib/thumb/v7-m/nofp\libcr_newlib_nohost.a(_cr_check_heap.o)
                                                  c:/nxp/mcuxpressoide_11.0.1_2563/ide/plugins/com.nxp.mcuxpresso.tools.win32_11.0.1.201907311258/tools/bin/../lib/gcc/arm-none-eabi/8.2.1/../../../../arm-none-eabi/lib/thumb/v7-m/nofp\libcr_newlib_nohost.a(_cr_sbrk.o)
__data_section_table                              ./src/cr_startup_lpc13xx.o
__data_section_table_end                          ./src/cr_startup_lpc13xx.o
__deregister_frame_info                           c:/nxp/mcuxpressoide_11.0.1_2563/ide/plugins/com.nxp.mcuxpresso.tools.win32_11.0.1.201907311258/tools/bin/../lib/gcc/arm-none-eabi/8.2.1/thumb/v7-m/nofp\crtbegin.o
__divdf3                                          c:/nxp/mcuxpressoide_11.0.1_2563/ide/plugins/com.nxp.mcuxpresso.tools.win32_11.0.1.201907311258/tools/bin/../lib/gcc/arm-none-eabi/8.2.1/thumb/v7-m/nofp\libgcc.a(_arm_muldivdf3.o)
__dso_handle                                      c:/nxp/mcuxpressoide_11.0.1_2563/ide/plugins/com.nxp.mcuxpresso.tools.win32_11.0.1.201907311258/tools/bin/../lib/gcc/arm-none-eabi/8.2.1/thumb/v7-m/nofp\crtbegin.o
__end_of_heap                                     c:/nxp/mcuxpressoide_11.0.1_2563/ide/plugins/com.nxp.mcuxpresso.tools.win32_11.0.1.201907311258/tools/bin/../lib/gcc/arm-none-eabi/8.2.1/../../../../arm-none-eabi/lib/thumb/v7-m/nofp\libcr_newlib_nohost.a(_cr_sbrk.o)
__errno                                           c:/nxp/mcuxpressoide_11.0.1_2563/ide/plugins/com.nxp.mcuxpresso.tools.win32_11.0.1.201907311258/tools/bin/../lib/gcc/arm-none-eabi/8.2.1/../../../../arm-none-eabi/lib/thumb/v7-m/nofp\libc.a(lib_a-errno.o)
                                                  c:/nxp/mcuxpressoide_11.0.1_2563/ide/plugins/com.nxp.mcuxpresso.tools.win32_11.0.1.201907311258/tools/bin/../lib/gcc/arm-none-eabi/8.2.1/../../../../arm-none-eabi/lib/thumb/v7-m/nofp\libcr_newlib_nohost.a(_cr_sbrk.o)
__extendsfdf2                                     c:/nxp/mcuxpressoide_11.0.1_2563/ide/plugins/com.nxp.mcuxpresso.tools.win32_11.0.1.201907311258/tools/bin/../lib/gcc/arm-none-eabi/8.2.1/thumb/v7-m/nofp\libgcc.a(_arm_addsubdf3.o)
__floatdidf                                       c:/nxp/mcuxpressoide_11.0.1_2563/ide/plugins/com.nxp.mcuxpresso.tools.win32_11.0.1.201907311258/tools/bin/../lib/gcc/arm-none-eabi/8.2.1/thumb/v7-m/nofp\libgcc.a(_arm_addsubdf3.o)
__floatdisf                                       c:/nxp/mcuxpressoide_11.0.1_2563/ide/plugins/com.nxp.mcuxpresso.tools.win32_11.0.1.201907311258/tools/bin/../lib/gcc/arm-none-eabi/8.2.1/thumb/v7-m/nofp\libgcc.a(_arm_addsubsf3.o)
__floatsidf                                       c:/nxp/mcuxpressoide_11.0.1_2563/ide/plugins/com.nxp.mcuxpresso.tools.win32_11.0.1.201907311258/tools/bin/../lib/gcc/arm-none-eabi/8.2.1/thumb/v7-m/nofp\libgcc.a(_arm_addsubdf3.o)
__floatsisf                                       c:/nxp/mcuxpressoide_11.0.1_2563/ide/plugins/com.nxp.mcuxpresso.tools.win32_11.0.1.201907311258/tools/bin/../lib/gcc/arm-none-eabi/8.2.1/thumb/v7-m/nofp\libgcc.a(_arm_addsubsf3.o)
__floatundidf                                     c:/nxp/mcuxpressoide_11.0.1_2563/ide/plugins/com.nxp.mcuxpresso.tools.win32_11.0.1.201907311258/tools/bin/../lib/gcc/arm-none-eabi/8.2.1/thumb/v7-m/nofp\libgcc.a(_arm_addsubdf3.o)
__floatundisf                                     c:/nxp/mcuxpressoide_11.0.1_2563/ide/plugins/com.nxp.mcuxpresso.tools.win32_11.0.1.201907311258/tools/bin/../lib/gcc/arm-none-eabi/8.2.1/thumb/v7-m/nofp\libgcc.a(_arm_addsubsf3.o)
__floatunsidf                                     c:/nxp/mcuxpressoide_11.0.1_2563/ide/plugins/com.nxp.mcuxpresso.tools.win32_11.0.1.201907311258/tools/bin/../lib/gcc/arm-none-eabi/8.2.1/thumb/v7-m/nofp\libgcc.a(_arm_addsubdf3.o)
__floatunsisf                                     c:/nxp/mcuxpressoide_11.0.1_2563/ide/plugins/com.nxp.mcuxpresso.tools.win32_11.0.1.201907311258/tools/bin/../lib/gcc/arm-none-eabi/8.2.1/thumb/v7-m/nofp\libgcc.a(_arm_addsubsf3.o)
__gnu_cxx::__verbose_terminate_handler()          ./src/cr_cpp_config.o
__init_array_end                                  c:/nxp/mcuxpressoide_11.0.1_2563/ide/plugins/com.nxp.mcuxpresso.tools.win32_11.0.1.201907311258/tools/bin/../lib/gcc/arm-none-eabi/8.2.1/../../../../arm-none-eabi/lib/thumb/v7-m/nofp\libc.a(lib_a-init.o)
__init_array_start                                c:/nxp/mcuxpressoide_11.0.1_2563/ide/plugins/com.nxp.mcuxpresso.tools.win32_11.0.1.201907311258/tools/bin/../lib/gcc/arm-none-eabi/8.2.1/../../../../arm-none-eabi/lib/thumb/v7-m/nofp\libc.a(lib_a-init.o)
__libc_init_array                                 c:/nxp/mcuxpressoide_11.0.1_2563/ide/plugins/com.nxp.mcuxpresso.tools.win32_11.0.1.201907311258/tools/bin/../lib/gcc/arm-none-eabi/8.2.1/../../../../arm-none-eabi/lib/thumb/v7-m/nofp\libc.a(lib_a-init.o)
                                                  ./src/cr_startup_lpc13xx.o
__lock___arc4random_mutex                         c:/nxp/mcuxpressoide_11.0.1_2563/ide/plugins/com.nxp.mcuxpresso.tools.win32_11.0.1.201907311258/tools/bin/../lib/gcc/arm-none-eabi/8.2.1/../../../../arm-none-eabi/lib/thumb/v7-m/nofp\libc.a(lib_a-lock.o)
__lock___at_quick_exit_mutex                      c:/nxp/mcuxpressoide_11.0.1_2563/ide/plugins/com.nxp.mcuxpresso.tools.win32_11.0.1.201907311258/tools/bin/../lib/gcc/arm-none-eabi/8.2.1/../../../../arm-none-eabi/lib/thumb/v7-m/nofp\libc.a(lib_a-lock.o)
__lock___atexit_recursive_mutex                   c:/nxp/mcuxpressoide_11.0.1_2563/ide/plugins/com.nxp.mcuxpresso.tools.win32_11.0.1.201907311258/tools/bin/../lib/gcc/arm-none-eabi/8.2.1/../../../../arm-none-eabi/lib/thumb/v7-m/nofp\libc.a(lib_a-lock.o)
__lock___dd_hash_mutex                            c:/nxp/mcuxpressoide_11.0.1_2563/ide/plugins/com.nxp.mcuxpresso.tools.win32_11.0.1.201907311258/tools/bin/../lib/gcc/arm-none-eabi/8.2.1/../../../../arm-none-eabi/lib/thumb/v7-m/nofp\libc.a(lib_a-lock.o)
__lock___env_recursive_mutex                      c:/nxp/mcuxpressoide_11.0.1_2563/ide/plugins/com.nxp.mcuxpresso.tools.win32_11.0.1.201907311258/tools/bin/../lib/gcc/arm-none-eabi/8.2.1/../../../../arm-none-eabi/lib/thumb/v7-m/nofp\libc.a(lib_a-lock.o)
__lock___malloc_recursive_mutex                   c:/nxp/mcuxpressoide_11.0.1_2563/ide/plugins/com.nxp.mcuxpresso.tools.win32_11.0.1.201907311258/tools/bin/../lib/gcc/arm-none-eabi/8.2.1/../../../../arm-none-eabi/lib/thumb/v7-m/nofp\libc.a(lib_a-lock.o)
                                                  c:/nxp/mcuxpressoide_11.0.1_2563/ide/plugins/com.nxp.mcuxpresso.tools.win32_11.0.1.201907311258/tools/bin/../lib/gcc/arm-none-eabi/8.2.1/../../../../arm-none-eabi/lib/thumb/v7-m/nofp\libc.a(lib_a-mlock.o)
__lock___sfp_recursive_mutex                      c:/nxp/mcuxpressoide_11.0.1_2563/ide/plugins/com.nxp.mcuxpresso.tools.win32_11.0.1.201907311258/tools/bin/../lib/gcc/arm-none-eabi/8.2.1/../../../../arm-none-eabi/lib/thumb/v7-m/nofp\libc.a(lib_a-lock.o)
__lock___sinit_recursive_mutex                    c:/nxp/mcuxpressoide_11.0.1_2563/ide/plugins/com.nxp.mcuxpresso.tools.win32_11.0.1.201907311258/tools/bin/../lib/gcc/arm-none-eabi/8.2.1/../../../../arm-none-eabi/lib/thumb/v7-m/nofp\libc.a(lib_a-lock.o)
__lock___tz_mutex                                 c:/nxp/mcuxpressoide_11.0.1_2563/ide/plugins/com.nxp.mcuxpresso.tools.win32_11.0.1.201907311258/tools/bin/../lib/gcc/arm-none-eabi/8.2.1/../../../../arm-none-eabi/lib/thumb/v7-m/nofp\libc.a(lib_a-lock.o)
__malloc_av_                                      c:/nxp/mcuxpressoide_11.0.1_2563/ide/plugins/com.nxp.mcuxpresso.tools.win32_11.0.1.201907311258/tools/bin/../lib/gcc/arm-none-eabi/8.2.1/../../../../arm-none-eabi/lib/thumb/v7-m/nofp\libc.a(lib_a-mallocr.o)
                                                  c:/nxp/mcuxpressoide_11.0.1_2563/ide/plugins/com.nxp.mcuxpresso.tools.win32_11.0.1.201907311258/tools/bin/../lib/gcc/arm-none-eabi/8.2.1/../../../../arm-none-eabi/lib/thumb/v7-m/nofp\libc.a(lib_a-freer.o)
__malloc_current_mallinfo                         c:/nxp/mcuxpressoide_11.0.1_2563/ide/plugins/com.nxp.mcuxpresso.tools.win32_11.0.1.201907311258/tools/bin/../lib/gcc/arm-none-eabi/8.2.1/../../../../arm-none-eabi/lib/thumb/v7-m/nofp\libc.a(lib_a-mallocr.o)
                                                  c:/nxp/mcuxpressoide_11.0.1_2563/ide/plugins/com.nxp.mcuxpresso.tools.win32_11.0.1.201907311258/tools/bin/../lib/gcc/arm-none-eabi/8.2.1/../../../../arm-none-eabi/lib/thumb/v7-m/nofp\libc.a(lib_a-freer.o)
__malloc_lock                                     c:/nxp/mcuxpressoide_11.0.1_2563/ide/plugins/com.nxp.mcuxpresso.tools.win32_11.0.1.201907311258/tools/bin/../lib/gcc/arm-none-eabi/8.2.1/../../../../arm-none-eabi/lib/thumb/v7-m/nofp\libc.a(lib_a-mlock.o)
                                                  c:/nxp/mcuxpressoide_11.0.1_2563/ide/plugins/com.nxp.mcuxpresso.tools.win32_11.0.1.201907311258/tools/bin/../lib/gcc/arm-none-eabi/8.2.1/../../../../arm-none-eabi/lib/thumb/v7-m/nofp\libc.a(lib_a-freer.o)
                                                  c:/nxp/mcuxpressoide_11.0.1_2563/ide/plugins/com.nxp.mcuxpresso.tools.win32_11.0.1.201907311258/tools/bin/../lib/gcc/arm-none-eabi/8.2.1/../../../../arm-none-eabi/lib/thumb/v7-m/nofp\libc.a(lib_a-mallocr.o)
__malloc_max_sbrked_mem                           c:/nxp/mcuxpressoide_11.0.1_2563/ide/plugins/com.nxp.mcuxpresso.tools.win32_11.0.1.201907311258/tools/bin/../lib/gcc/arm-none-eabi/8.2.1/../../../../arm-none-eabi/lib/thumb/v7-m/nofp\libc.a(lib_a-mallocr.o)
__malloc_max_total_mem                            c:/nxp/mcuxpressoide_11.0.1_2563/ide/plugins/com.nxp.mcuxpresso.tools.win32_11.0.1.201907311258/tools/bin/../lib/gcc/arm-none-eabi/8.2.1/../../../../arm-none-eabi/lib/thumb/v7-m/nofp\libc.a(lib_a-mallocr.o)
__malloc_sbrk_base                                c:/nxp/mcuxpressoide_11.0.1_2563/ide/plugins/com.nxp.mcuxpresso.tools.win32_11.0.1.201907311258/tools/bin/../lib/gcc/arm-none-eabi/8.2.1/../../../../arm-none-eabi/lib/thumb/v7-m/nofp\libc.a(lib_a-mallocr.o)
                                                  c:/nxp/mcuxpressoide_11.0.1_2563/ide/plugins/com.nxp.mcuxpresso.tools.win32_11.0.1.201907311258/tools/bin/../lib/gcc/arm-none-eabi/8.2.1/../../../../arm-none-eabi/lib/thumb/v7-m/nofp\libc.a(lib_a-freer.o)
__malloc_top_pad                                  c:/nxp/mcuxpressoide_11.0.1_2563/ide/plugins/com.nxp.mcuxpresso.tools.win32_11.0.1.201907311258/tools/bin/../lib/gcc/arm-none-eabi/8.2.1/../../../../arm-none-eabi/lib/thumb/v7-m/nofp\libc.a(lib_a-mallocr.o)
                                                  c:/nxp/mcuxpressoide_11.0.1_2563/ide/plugins/com.nxp.mcuxpresso.tools.win32_11.0.1.201907311258/tools/bin/../lib/gcc/arm-none-eabi/8.2.1/../../../../arm-none-eabi/lib/thumb/v7-m/nofp\libc.a(lib_a-freer.o)
__malloc_trim_threshold                           c:/nxp/mcuxpressoide_11.0.1_2563/ide/plugins/com.nxp.mcuxpresso.tools.win32_11.0.1.201907311258/tools/bin/../lib/gcc/arm-none-eabi/8.2.1/../../../../arm-none-eabi/lib/thumb/v7-m/nofp\libc.a(lib_a-mallocr.o)
                                                  c:/nxp/mcuxpressoide_11.0.1_2563/ide/plugins/com.nxp.mcuxpresso.tools.win32_11.0.1.201907311258/tools/bin/../lib/gcc/arm-none-eabi/8.2.1/../../../../arm-none-eabi/lib/thumb/v7-m/nofp\libc.a(lib_a-freer.o)
__malloc_unlock                                   c:/nxp/mcuxpressoide_11.0.1_2563/ide/plugins/com.nxp.mcuxpresso.tools.win32_11.0.1.201907311258/tools/bin/../lib/gcc/arm-none-eabi/8.2.1/../../../../arm-none-eabi/lib/thumb/v7-m/nofp\libc.a(lib_a-mlock.o)
                                                  c:/nxp/mcuxpressoide_11.0.1_2563/ide/plugins/com.nxp.mcuxpresso.tools.win32_11.0.1.201907311258/tools/bin/../lib/gcc/arm-none-eabi/8.2.1/../../../../arm-none-eabi/lib/thumb/v7-m/nofp\libc.a(lib_a-freer.o)
                                                  c:/nxp/mcuxpressoide_11.0.1_2563/ide/plugins/com.nxp.mcuxpresso.tools.win32_11.0.1.201907311258/tools/bin/../lib/gcc/arm-none-eabi/8.2.1/../../../../arm-none-eabi/lib/thumb/v7-m/nofp\libc.a(lib_a-mallocr.o)
__muldf3                                          c:/nxp/mcuxpressoide_11.0.1_2563/ide/plugins/com.nxp.mcuxpresso.tools.win32_11.0.1.201907311258/tools/bin/../lib/gcc/arm-none-eabi/8.2.1/thumb/v7-m/nofp\libgcc.a(_arm_muldivdf3.o)
__preinit_array_end                               c:/nxp/mcuxpressoide_11.0.1_2563/ide/plugins/com.nxp.mcuxpresso.tools.win32_11.0.1.201907311258/tools/bin/../lib/gcc/arm-none-eabi/8.2.1/../../../../arm-none-eabi/lib/thumb/v7-m/nofp\libc.a(lib_a-init.o)
__preinit_array_start                             c:/nxp/mcuxpressoide_11.0.1_2563/ide/plugins/com.nxp.mcuxpresso.tools.win32_11.0.1.201907311258/tools/bin/../lib/gcc/arm-none-eabi/8.2.1/../../../../arm-none-eabi/lib/thumb/v7-m/nofp\libc.a(lib_a-init.o)
__register_frame_info                             c:/nxp/mcuxpressoide_11.0.1_2563/ide/plugins/com.nxp.mcuxpresso.tools.win32_11.0.1.201907311258/tools/bin/../lib/gcc/arm-none-eabi/8.2.1/thumb/v7-m/nofp\crtbegin.o
__retarget_lock_acquire                           c:/nxp/mcuxpressoide_11.0.1_2563/ide/plugins/com.nxp.mcuxpresso.tools.win32_11.0.1.201907311258/tools/bin/../lib/gcc/arm-none-eabi/8.2.1/../../../../arm-none-eabi/lib/thumb/v7-m/nofp\libc.a(lib_a-lock.o)
__retarget_lock_acquire_recursive                 c:/nxp/mcuxpressoide_11.0.1_2563/ide/plugins/com.nxp.mcuxpresso.tools.win32_11.0.1.201907311258/tools/bin/../lib/gcc/arm-none-eabi/8.2.1/../../../../arm-none-eabi/lib/thumb/v7-m/nofp\libc.a(lib_a-lock.o)
                                                  c:/nxp/mcuxpressoide_11.0.1_2563/ide/plugins/com.nxp.mcuxpresso.tools.win32_11.0.1.201907311258/tools/bin/../lib/gcc/arm-none-eabi/8.2.1/../../../../arm-none-eabi/lib/thumb/v7-m/nofp\libc.a(lib_a-mlock.o)
__retarget_lock_close                             c:/nxp/mcuxpressoide_11.0.1_2563/ide/plugins/com.nxp.mcuxpresso.tools.win32_11.0.1.201907311258/tools/bin/../lib/gcc/arm-none-eabi/8.2.1/../../../../arm-none-eabi/lib/thumb/v7-m/nofp\libc.a(lib_a-lock.o)
__retarget_lock_close_recursive                   c:/nxp/mcuxpressoide_11.0.1_2563/ide/plugins/com.nxp.mcuxpresso.tools.win32_11.0.1.201907311258/tools/bin/../lib/gcc/arm-none-eabi/8.2.1/../../../../arm-none-eabi/lib/thumb/v7-m/nofp\libc.a(lib_a-lock.o)
__retarget_lock_init                              c:/nxp/mcuxpressoide_11.0.1_2563/ide/plugins/com.nxp.mcuxpresso.tools.win32_11.0.1.201907311258/tools/bin/../lib/gcc/arm-none-eabi/8.2.1/../../../../arm-none-eabi/lib/thumb/v7-m/nofp\libc.a(lib_a-lock.o)
__retarget_lock_init_recursive                    c:/nxp/mcuxpressoide_11.0.1_2563/ide/plugins/com.nxp.mcuxpresso.tools.win32_11.0.1.201907311258/tools/bin/../lib/gcc/arm-none-eabi/8.2.1/../../../../arm-none-eabi/lib/thumb/v7-m/nofp\libc.a(lib_a-lock.o)
__retarget_lock_release                           c:/nxp/mcuxpressoide_11.0.1_2563/ide/plugins/com.nxp.mcuxpresso.tools.win32_11.0.1.201907311258/tools/bin/../lib/gcc/arm-none-eabi/8.2.1/../../../../arm-none-eabi/lib/thumb/v7-m/nofp\libc.a(lib_a-lock.o)
__retarget_lock_release_recursive                 c:/nxp/mcuxpressoide_11.0.1_2563/ide/plugins/com.nxp.mcuxpresso.tools.win32_11.0.1.201907311258/tools/bin/../lib/gcc/arm-none-eabi/8.2.1/../../../../arm-none-eabi/lib/thumb/v7-m/nofp\libc.a(lib_a-lock.o)
                                                  c:/nxp/mcuxpressoide_11.0.1_2563/ide/plugins/com.nxp.mcuxpresso.tools.win32_11.0.1.201907311258/tools/bin/../lib/gcc/arm-none-eabi/8.2.1/../../../../arm-none-eabi/lib/thumb/v7-m/nofp\libc.a(lib_a-mlock.o)
__retarget_lock_try_acquire                       c:/nxp/mcuxpressoide_11.0.1_2563/ide/plugins/com.nxp.mcuxpresso.tools.win32_11.0.1.201907311258/tools/bin/../lib/gcc/arm-none-eabi/8.2.1/../../../../arm-none-eabi/lib/thumb/v7-m/nofp\libc.a(lib_a-lock.o)
__retarget_lock_try_acquire_recursive             c:/nxp/mcuxpressoide_11.0.1_2563/ide/plugins/com.nxp.mcuxpresso.tools.win32_11.0.1.201907311258/tools/bin/../lib/gcc/arm-none-eabi/8.2.1/../../../../arm-none-eabi/lib/thumb/v7-m/nofp\libc.a(lib_a-lock.o)
__subdf3                                          c:/nxp/mcuxpressoide_11.0.1_2563/ide/plugins/com.nxp.mcuxpresso.tools.win32_11.0.1.201907311258/tools/bin/../lib/gcc/arm-none-eabi/8.2.1/thumb/v7-m/nofp\libgcc.a(_arm_addsubdf3.o)
__subsf3                                          c:/nxp/mcuxpressoide_11.0.1_2563/ide/plugins/com.nxp.mcuxpresso.tools.win32_11.0.1.201907311258/tools/bin/../lib/gcc/arm-none-eabi/8.2.1/thumb/v7-m/nofp\libgcc.a(_arm_addsubsf3.o)
__truncdfsf2                                      c:/nxp/mcuxpressoide_11.0.1_2563/ide/plugins/com.nxp.mcuxpresso.tools.win32_11.0.1.201907311258/tools/bin/../lib/gcc/arm-none-eabi/8.2.1/thumb/v7-m/nofp\libgcc.a(_arm_truncdfsf2.o)
__valid_user_code_checksum                        ./src/cr_startup_lpc13xx.o
_fini                                             c:/nxp/mcuxpressoide_11.0.1_2563/ide/plugins/com.nxp.mcuxpresso.tools.win32_11.0.1.201907311258/tools/bin/../lib/gcc/arm-none-eabi/8.2.1/thumb/v7-m/nofp\crti.o
_free_r                                           c:/nxp/mcuxpressoide_11.0.1_2563/ide/plugins/com.nxp.mcuxpresso.tools.win32_11.0.1.201907311258/tools/bin/../lib/gcc/arm-none-eabi/8.2.1/../../../../arm-none-eabi/lib/thumb/v7-m/nofp\libc.a(lib_a-freer.o)
                                                  c:/nxp/mcuxpressoide_11.0.1_2563/ide/plugins/com.nxp.mcuxpresso.tools.win32_11.0.1.201907311258/tools/bin/../lib/gcc/arm-none-eabi/8.2.1/../../../../arm-none-eabi/lib/thumb/v7-m/nofp\libc.a(lib_a-reent.o)
                                                  c:/nxp/mcuxpressoide_11.0.1_2563/ide/plugins/com.nxp.mcuxpresso.tools.win32_11.0.1.201907311258/tools/bin/../lib/gcc/arm-none-eabi/8.2.1/../../../../arm-none-eabi/lib/thumb/v7-m/nofp\libc.a(lib_a-mallocr.o)
                                                  c:/nxp/mcuxpressoide_11.0.1_2563/ide/plugins/com.nxp.mcuxpresso.tools.win32_11.0.1.201907311258/tools/bin/../lib/gcc/arm-none-eabi/8.2.1/../../../../arm-none-eabi/lib/thumb/v7-m/nofp\libc.a(lib_a-malloc.o)
_global_impure_ptr                                c:/nxp/mcuxpressoide_11.0.1_2563/ide/plugins/com.nxp.mcuxpresso.tools.win32_11.0.1.201907311258/tools/bin/../lib/gcc/arm-none-eabi/8.2.1/../../../../arm-none-eabi/lib/thumb/v7-m/nofp\libc.a(lib_a-impure.o)
_impure_ptr                                       c:/nxp/mcuxpressoide_11.0.1_2563/ide/plugins/com.nxp.mcuxpresso.tools.win32_11.0.1.201907311258/tools/bin/../lib/gcc/arm-none-eabi/8.2.1/../../../../arm-none-eabi/lib/thumb/v7-m/nofp\libc.a(lib_a-impure.o)
                                                  c:/nxp/mcuxpressoide_11.0.1_2563/ide/plugins/com.nxp.mcuxpresso.tools.win32_11.0.1.201907311258/tools/bin/../lib/gcc/arm-none-eabi/8.2.1/../../../../arm-none-eabi/lib/thumb/v7-m/nofp\libc.a(lib_a-errno.o)
                                                  c:/nxp/mcuxpressoide_11.0.1_2563/ide/plugins/com.nxp.mcuxpresso.tools.win32_11.0.1.201907311258/tools/bin/../lib/gcc/arm-none-eabi/8.2.1/../../../../arm-none-eabi/lib/thumb/v7-m/nofp\libc.a(lib_a-reent.o)
                                                  c:/nxp/mcuxpressoide_11.0.1_2563/ide/plugins/com.nxp.mcuxpresso.tools.win32_11.0.1.201907311258/tools/bin/../lib/gcc/arm-none-eabi/8.2.1/../../../../arm-none-eabi/lib/thumb/v7-m/nofp\libc.a(lib_a-malloc.o)
_init                                             c:/nxp/mcuxpressoide_11.0.1_2563/ide/plugins/com.nxp.mcuxpresso.tools.win32_11.0.1.201907311258/tools/bin/../lib/gcc/arm-none-eabi/8.2.1/thumb/v7-m/nofp\crti.o
                                                  c:/nxp/mcuxpressoide_11.0.1_2563/ide/plugins/com.nxp.mcuxpresso.tools.win32_11.0.1.201907311258/tools/bin/../lib/gcc/arm-none-eabi/8.2.1/../../../../arm-none-eabi/lib/thumb/v7-m/nofp\libc.a(lib_a-init.o)
_malloc_r                                         c:/nxp/mcuxpressoide_11.0.1_2563/ide/plugins/com.nxp.mcuxpresso.tools.win32_11.0.1.201907311258/tools/bin/../lib/gcc/arm-none-eabi/8.2.1/../../../../arm-none-eabi/lib/thumb/v7-m/nofp\libc.a(lib_a-mallocr.o)
                                                  c:/nxp/mcuxpressoide_11.0.1_2563/ide/plugins/com.nxp.mcuxpresso.tools.win32_11.0.1.201907311258/tools/bin/../lib/gcc/arm-none-eabi/8.2.1/../../../../arm-none-eabi/lib/thumb/v7-m/nofp\libc.a(lib_a-malloc.o)
_malloc_trim_r                                    c:/nxp/mcuxpressoide_11.0.1_2563/ide/plugins/com.nxp.mcuxpresso.tools.win32_11.0.1.201907311258/tools/bin/../lib/gcc/arm-none-eabi/8.2.1/../../../../arm-none-eabi/lib/thumb/v7-m/nofp\libc.a(lib_a-freer.o)
_pvHeapLimit                                      c:/nxp/mcuxpressoide_11.0.1_2563/ide/plugins/com.nxp.mcuxpresso.tools.win32_11.0.1.201907311258/tools/bin/../lib/gcc/arm-none-eabi/8.2.1/../../../../arm-none-eabi/lib/thumb/v7-m/nofp\libcr_newlib_nohost.a(_cr_check_heap.o)
_pvHeapStart                                      c:/nxp/mcuxpressoide_11.0.1_2563/ide/plugins/com.nxp.mcuxpresso.tools.win32_11.0.1.201907311258/tools/bin/../lib/gcc/arm-none-eabi/8.2.1/../../../../arm-none-eabi/lib/thumb/v7-m/nofp\libcr_newlib_nohost.a(_cr_sbrk.o)
_reclaim_reent                                    c:/nxp/mcuxpressoide_11.0.1_2563/ide/plugins/com.nxp.mcuxpresso.tools.win32_11.0.1.201907311258/tools/bin/../lib/gcc/arm-none-eabi/8.2.1/../../../../arm-none-eabi/lib/thumb/v7-m/nofp\libc.a(lib_a-reent.o)
_sbrk                                             c:/nxp/mcuxpressoide_11.0.1_2563/ide/plugins/com.nxp.mcuxpresso.tools.win32_11.0.1.201907311258/tools/bin/../lib/gcc/arm-none-eabi/8.2.1/../../../../arm-none-eabi/lib/thumb/v7-m/nofp\libcr_newlib_nohost.a(_cr_sbrk.o)
                                                  c:/nxp/mcuxpressoide_11.0.1_2563/ide/plugins/com.nxp.mcuxpresso.tools.win32_11.0.1.201907311258/tools/bin/../lib/gcc/arm-none-eabi/8.2.1/../../../../arm-none-eabi/lib/thumb/v7-m/nofp\libc.a(lib_a-sbrkr.o)
_sbrk_r                                           c:/nxp/mcuxpressoide_11.0.1_2563/ide/plugins/com.nxp.mcuxpresso.tools.win32_11.0.1.201907311258/tools/bin/../lib/gcc/arm-none-eabi/8.2.1/../../../../arm-none-eabi/lib/thumb/v7-m/nofp\libc.a(lib_a-sbrkr.o)
                                                  c:/nxp/mcuxpressoide_11.0.1_2563/ide/plugins/com.nxp.mcuxpresso.tools.win32_11.0.1.201907311258/tools/bin/../lib/gcc/arm-none-eabi/8.2.1/../../../../arm-none-eabi/lib/thumb/v7-m/nofp\libc.a(lib_a-freer.o)
                                                  c:/nxp/mcuxpressoide_11.0.1_2563/ide/plugins/com.nxp.mcuxpresso.tools.win32_11.0.1.201907311258/tools/bin/../lib/gcc/arm-none-eabi/8.2.1/../../../../arm-none-eabi/lib/thumb/v7-m/nofp\libc.a(lib_a-mallocr.o)
_vStackTop                                        ./src/cr_startup_lpc13xx.o
bss_init(unsigned int, unsigned int)              ./src/cr_startup_lpc13xx.o
cleanup_glue                                      c:/nxp/mcuxpressoide_11.0.1_2563/ide/plugins/com.nxp.mcuxpresso.tools.win32_11.0.1.201907311258/tools/bin/../lib/gcc/arm-none-eabi/8.2.1/../../../../arm-none-eabi/lib/thumb/v7-m/nofp\libc.a(lib_a-reent.o)
data_init(unsigned int, unsigned int, unsigned int) ./src/cr_startup_lpc13xx.o
delay(unsigned int)                               ./src/Delay.o
                                                  ./src/ADC_pot.o
delayMicroseconds(unsigned int)                   ./src/Delay.o
errno                                             c:/nxp/mcuxpressoide_11.0.1_2563/ide/plugins/com.nxp.mcuxpresso.tools.win32_11.0.1.201907311258/tools/bin/../lib/gcc/arm-none-eabi/8.2.1/../../../../arm-none-eabi/lib/thumb/v7-m/nofp\libc.a(lib_a-reent.o)
                                                  c:/nxp/mcuxpressoide_11.0.1_2563/ide/plugins/com.nxp.mcuxpresso.tools.win32_11.0.1.201907311258/tools/bin/../lib/gcc/arm-none-eabi/8.2.1/../../../../arm-none-eabi/lib/thumb/v7-m/nofp\libc.a(lib_a-sbrkr.o)
free                                              c:/nxp/mcuxpressoide_11.0.1_2563/ide/plugins/com.nxp.mcuxpresso.tools.win32_11.0.1.201907311258/tools/bin/../lib/gcc/arm-none-eabi/8.2.1/../../../../arm-none-eabi/lib/thumb/v7-m/nofp\libc.a(lib_a-malloc.o)
                                                  ./src/cr_cpp_config.o
g_pfnVectors                                      ./src/cr_startup_lpc13xx.o
initTimer0()                                      ./src/Delay.o
                                                  ./src/ADC_pot.o
main                                              ./src/ADC_pot.o
                                                  ./src/cr_startup_lpc13xx.o
malloc                                            c:/nxp/mcuxpressoide_11.0.1_2563/ide/plugins/com.nxp.mcuxpresso.tools.win32_11.0.1.201907311258/tools/bin/../lib/gcc/arm-none-eabi/8.2.1/../../../../arm-none-eabi/lib/thumb/v7-m/nofp\libc.a(lib_a-malloc.o)
                                                  ./src/cr_cpp_config.o
operator delete(void*)                            ./src/cr_cpp_config.o
operator delete[](void*)                          ./src/cr_cpp_config.o
operator new(unsigned int)                        ./src/cr_cpp_config.o
operator new[](unsigned int)                      ./src/cr_cpp_config.o
