Archive member included to satisfy reference by file (symbol)

C:\Users\bourc\Documents\uC Projects\LPC1343_incubator\CMSIS_CORE_LPC13xx\Debug\libCMSIS_CORE_LPC13xx.a(system_LPC13xx.o)
                              ./src/cr_startup_lpc13xx.o (SystemInit)
c:/nxp/mcuxpressoide_11.0.1_2563/ide/plugins/com.nxp.mcuxpresso.tools.win32_11.0.1.201907311258/tools/bin/../lib/gcc/arm-none-eabi/8.2.1/thumb/v7-m/nofp\libgcc.a(_arm_addsubdf3.o)
                              ./src/LCD_LCP1343.o (__aeabi_dsub)
c:/nxp/mcuxpressoide_11.0.1_2563/ide/plugins/com.nxp.mcuxpresso.tools.win32_11.0.1.201907311258/tools/bin/../lib/gcc/arm-none-eabi/8.2.1/thumb/v7-m/nofp\libgcc.a(_arm_muldivdf3.o)
                              ./src/LCD_LCP1343.o (__aeabi_dmul)
c:/nxp/mcuxpressoide_11.0.1_2563/ide/plugins/com.nxp.mcuxpresso.tools.win32_11.0.1.201907311258/tools/bin/../lib/gcc/arm-none-eabi/8.2.1/thumb/v7-m/nofp\libgcc.a(_arm_cmpdf2.o)
                              ./src/LCD_LCP1343.o (__aeabi_dcmplt)
c:/nxp/mcuxpressoide_11.0.1_2563/ide/plugins/com.nxp.mcuxpresso.tools.win32_11.0.1.201907311258/tools/bin/../lib/gcc/arm-none-eabi/8.2.1/thumb/v7-m/nofp\libgcc.a(_arm_truncdfsf2.o)
                              ./src/LCD_LCP1343.o (__aeabi_d2f)
c:/nxp/mcuxpressoide_11.0.1_2563/ide/plugins/com.nxp.mcuxpresso.tools.win32_11.0.1.201907311258/tools/bin/../lib/gcc/arm-none-eabi/8.2.1/thumb/v7-m/nofp\libgcc.a(_arm_addsubsf3.o)
                              ./src/LCD_LCP1343.o (__aeabi_fsub)
c:/nxp/mcuxpressoide_11.0.1_2563/ide/plugins/com.nxp.mcuxpresso.tools.win32_11.0.1.201907311258/tools/bin/../lib/gcc/arm-none-eabi/8.2.1/thumb/v7-m/nofp\libgcc.a(_arm_muldivsf3.o)
                              ./src/LCD_LCP1343.o (__aeabi_fmul)
c:/nxp/mcuxpressoide_11.0.1_2563/ide/plugins/com.nxp.mcuxpresso.tools.win32_11.0.1.201907311258/tools/bin/../lib/gcc/arm-none-eabi/8.2.1/thumb/v7-m/nofp\libgcc.a(_arm_cmpsf2.o)
                              ./src/LCD_LCP1343.o (__aeabi_fcmplt)
c:/nxp/mcuxpressoide_11.0.1_2563/ide/plugins/com.nxp.mcuxpresso.tools.win32_11.0.1.201907311258/tools/bin/../lib/gcc/arm-none-eabi/8.2.1/thumb/v7-m/nofp\libgcc.a(_arm_fixsfsi.o)
                              ./src/ds18b20.o (__aeabi_f2iz)
c:/nxp/mcuxpressoide_11.0.1_2563/ide/plugins/com.nxp.mcuxpresso.tools.win32_11.0.1.201907311258/tools/bin/../lib/gcc/arm-none-eabi/8.2.1/../../../../arm-none-eabi/lib/thumb/v7-m/nofp\libc.a(lib_a-init.o)
                              ./src/cr_startup_lpc13xx.o (__libc_init_array)
c:/nxp/mcuxpressoide_11.0.1_2563/ide/plugins/com.nxp.mcuxpresso.tools.win32_11.0.1.201907311258/tools/bin/../lib/gcc/arm-none-eabi/8.2.1/../../../../arm-none-eabi/lib/thumb/v7-m/nofp\libc.a(lib_a-malloc.o)
                              ./src/cr_cpp_config.o (malloc)
c:/nxp/mcuxpressoide_11.0.1_2563/ide/plugins/com.nxp.mcuxpresso.tools.win32_11.0.1.201907311258/tools/bin/../lib/gcc/arm-none-eabi/8.2.1/../../../../arm-none-eabi/lib/thumb/v7-m/nofp\libc.a(lib_a-mallocr.o)
                              c:/nxp/mcuxpressoide_11.0.1_2563/ide/plugins/com.nxp.mcuxpresso.tools.win32_11.0.1.201907311258/tools/bin/../lib/gcc/arm-none-eabi/8.2.1/../../../../arm-none-eabi/lib/thumb/v7-m/nofp\libc.a(lib_a-malloc.o) (_malloc_r)
c:/nxp/mcuxpressoide_11.0.1_2563/ide/plugins/com.nxp.mcuxpresso.tools.win32_11.0.1.201907311258/tools/bin/../lib/gcc/arm-none-eabi/8.2.1/../../../../arm-none-eabi/lib/thumb/v7-m/nofp\libc.a(lib_a-mlock.o)
                              c:/nxp/mcuxpressoide_11.0.1_2563/ide/plugins/com.nxp.mcuxpresso.tools.win32_11.0.1.201907311258/tools/bin/../lib/gcc/arm-none-eabi/8.2.1/../../../../arm-none-eabi/lib/thumb/v7-m/nofp\libc.a(lib_a-mallocr.o) (__malloc_lock)
c:/nxp/mcuxpressoide_11.0.1_2563/ide/plugins/com.nxp.mcuxpresso.tools.win32_11.0.1.201907311258/tools/bin/../lib/gcc/arm-none-eabi/8.2.1/../../../../arm-none-eabi/lib/thumb/v7-m/nofp\libc.a(lib_a-sbrkr.o)
                              c:/nxp/mcuxpressoide_11.0.1_2563/ide/plugins/com.nxp.mcuxpresso.tools.win32_11.0.1.201907311258/tools/bin/../lib/gcc/arm-none-eabi/8.2.1/../../../../arm-none-eabi/lib/thumb/v7-m/nofp\libc.a(lib_a-mallocr.o) (_sbrk_r)
c:/nxp/mcuxpressoide_11.0.1_2563/ide/plugins/com.nxp.mcuxpresso.tools.win32_11.0.1.201907311258/tools/bin/../lib/gcc/arm-none-eabi/8.2.1/../../../../arm-none-eabi/lib/thumb/v7-m/nofp\libc.a(lib_a-freer.o)
                              c:/nxp/mcuxpressoide_11.0.1_2563/ide/plugins/com.nxp.mcuxpresso.tools.win32_11.0.1.201907311258/tools/bin/../lib/gcc/arm-none-eabi/8.2.1/../../../../arm-none-eabi/lib/thumb/v7-m/nofp\libc.a(lib_a-malloc.o) (_free_r)
c:/nxp/mcuxpressoide_11.0.1_2563/ide/plugins/com.nxp.mcuxpresso.tools.win32_11.0.1.201907311258/tools/bin/../lib/gcc/arm-none-eabi/8.2.1/../../../../arm-none-eabi/lib/thumb/v7-m/nofp\libc.a(lib_a-impure.o)
[...]
Memory Configuration

Name             Origin             Length             Attributes
MFlash32         0x00000000         0x00008000         xr
RamLoc8          0x10000000         0x00002000         xrw
*default*        0x00000000         0xffffffff

Linker script and memory map

LOAD ./src/Delay.o
LOAD ./src/I2C.o
LOAD ./src/LCD_LCP1343.o
LOAD ./src/LiquidCrystal_I2C.o
LOAD ./src/adc_pot.o
LOAD ./src/cr_cpp_config.o
LOAD ./src/cr_startup_lpc13xx.o
LOAD ./src/crp.o
LOAD ./src/ds18b20.o
LOAD C:\Users\bourc\Documents\uC Projects\LPC1343_incubator\CMSIS_CORE_LPC13xx\Debug\libCMSIS_CORE_LPC13xx.a
START GROUP
LOAD c:/nxp/mcuxpressoide_11.0.1_2563/ide/plugins/com.nxp.mcuxpresso.tools.win32_11.0.1.201907311258/tools/bin/../lib/gcc/arm-none-eabi/8.2.1/thumb/v7-m/nofp\libgcc.a
LOAD c:/nxp/mcuxpressoide_11.0.1_2563/ide/plugins/com.nxp.mcuxpresso.tools.win32_11.0.1.201907311258/tools/bin/../lib/gcc/arm-none-eabi/8.2.1/../../../../arm-none-eabi/lib/thumb/v7-m/nofp\libc.a
LOAD c:/nxp/mcuxpressoide_11.0.1_2563/ide/plugins/com.nxp.mcuxpresso.tools.win32_11.0.1.201907311258/tools/bin/../lib/gcc/arm-none-eabi/8.2.1/../../../../arm-none-eabi/lib/thumb/v7-m/nofp\libstdc++.a
LOAD c:/nxp/mcuxpressoide_11.0.1_2563/ide/plugins/com.nxp.mcuxpresso.tools.win32_11.0.1.201907311258/tools/bin/../lib/gcc/arm-none-eabi/8.2.1/../../../../arm-none-eabi/lib/thumb/v7-m/nofp\libm.a
LOAD c:/nxp/mcuxpressoide_11.0.1_2563/ide/plugins/com.nxp.mcuxpresso.tools.win32_11.0.1.201907311258/tools/bin/../lib/gcc/arm-none-eabi/8.2.1/../../../../arm-none-eabi/lib/thumb/v7-m/nofp\libcr_newlib_nohost.a
LOAD c:/nxp/mcuxpressoide_11.0.1_2563/ide/plugins/com.nxp.mcuxpresso.tools.win32_11.0.1.201907311258/tools/bin/../lib/gcc/arm-none-eabi/8.2.1/thumb/v7-m/nofp\crti.o
LOAD c:/nxp/mcuxpressoide_11.0.1_2563/ide/plugins/com.nxp.mcuxpresso.tools.win32_11.0.1.201907311258/tools/bin/../lib/gcc/arm-none-eabi/8.2.1/thumb/v7-m/nofp\crtn.o
LOAD c:/nxp/mcuxpressoide_11.0.1_2563/ide/plugins/com.nxp.mcuxpresso.tools.win32_11.0.1.201907311258/tools/bin/../lib/gcc/arm-none-eabi/8.2.1/thumb/v7-m/nofp\crtbegin.o
LOAD c:/nxp/mcuxpressoide_11.0.1_2563/ide/plugins/com.nxp.mcuxpresso.tools.win32_11.0.1.201907311258/tools/bin/../lib/gcc/arm-none-eabi/8.2.1/thumb/v7-m/nofp\crtend.o
END GROUP
                0x00000000                __base_MFlash32 = 0x0
                0x00000000                __base_Flash = 0x0
                0x00008000                __top_MFlash32 = 0x8000
                0x00008000                __top_Flash = 0x8000
                0x10000000                __base_RamLoc8 = 0x10000000
                0x10000000                __base_RAM = 0x10000000
                0x10002000                __top_RamLoc8 = 0x10002000
                0x10002000                __top_RAM = 0x10002000

.text           0x00000000     0x2724
 FILL mask 0xff
                0x00000000                __vectors_start__ = ABSOLUTE (.)
 *(.isr_vector)
 .isr_vector    0x00000000      0x128 ./src/cr_startup_lpc13xx.o
                0x00000000                g_pfnVectors
                0x00000128                . = ALIGN (0x4)
                0x00000128                __section_table_start = .
                0x00000128                __data_section_table = .
                0x00000128        0x4 LONG 0x2724 LOADADDR (.data)
                0x0000012c        0x4 LONG 0x10000000 ADDR (.data)
                0x00000130        0x4 LONG 0x10 SIZEOF (.data)
                0x00000134                __data_section_table_end = .
                0x00000134                __bss_section_table = .
                0x00000134        0x4 LONG 0x10000010 ADDR (.bss)
                0x00000138        0x4 LONG 0x4c SIZEOF (.bss)
                0x0000013c                __bss_section_table_end = .
                0x0000013c                __section_table_end = .
 *(.after_vectors*)
 .after_vectors
                0x0000013c      0x140 ./src/cr_startup_lpc13xx.o
                0x0000013c                data_init(unsigned int, unsigned int, unsigned int)
                0x0000017e                bss_init(unsigned int, unsigned int)
                0x000001b4                ResetISR
                0x00000240                NMI_Handler
                0x00000246                HardFault_Handler
                0x0000024c                MemManage_Handler
                0x00000252                BusFault_Handler
                0x00000258                UsageFault_Handler
                0x0000025e                SVC_Handler
                0x00000264                DebugMon_Handler
                0x0000026a                PendSV_Handler
                0x00000270                SysTick_Handler
                0x00000276                SSP_IRQHandler
                0x00000276                TIMER16_1_IRQHandler
                0x00000276                UART_IRQHandler
                0x00000276                ADC_IRQHandler
                0x00000276                SSP1_IRQHandler
                0x00000276                IntDefaultHandler
                0x00000276                TIMER32_0_IRQHandler
                0x00000276                USB_IRQHandler
                0x00000276                BOD_IRQHandler
                0x00000276                WAKEUP_IRQHandler
                0x00000276                PIOINT0_IRQHandler
                0x00000276                I2C_IRQHandler
                0x00000276                PIOINT1_IRQHandler
                0x00000276                TIMER32_1_IRQHandler
                0x00000276                WDT_IRQHandler
                0x00000276                PIOINT2_IRQHandler
                0x00000276                USB_FIQHandler
                0x00000276                PIOINT3_IRQHandler
                0x00000276                TIMER16_0_IRQHandler
                0x00000276                FMC_IRQHandler
                0x000002fc                . = 0x2fc
 *fill*         0x0000027c       0x80 ff
                0x000002fc                PROVIDE (__CRP_WORD_START__ = .)
 *(.crp)
 .crp           0x000002fc        0x4 ./src/crp.o
                0x000002fc                CRP_WORD
                0x00000300                PROVIDE (__CRP_WORD_END__ = .)
                0x00000001                ASSERT (! ((__CRP_WORD_START__ == __CRP_WORD_END__)), Linker CRP Enabled, but no CRP_WORD provided within application)
 *(.text*)
 .text._Z10initTimer0v
                0x00000300       0x3c ./src/Delay.o
                0x00000300                initTimer0()
 .text._Z17delayMicrosecondsj
                0x0000033c       0x44 ./src/Delay.o
                0x0000033c                delayMicroseconds(unsigned int)
 .text._Z5delayj
                0x00000380       0x48 ./src/Delay.o
                0x00000380                delay(unsigned int)
 .text._Z8I2C_initv
                0x000003c8       0x8c ./src/I2C.o
                0x000003c8                I2C_init()
 .text._Z17beginTransmissionh
                0x00000454       0x50 ./src/I2C.o
                0x00000454                beginTransmission(unsigned char)
 .text._Z8sendDatah
                0x000004a4       0x3e ./src/I2C.o
                0x000004a4                sendData(unsigned char)
 .text._Z15endTransmissionv
                0x000004e2       0x36 ./src/I2C.o
                0x000004e2                endTransmission()
 .text.NVIC_SystemReset
                0x00000518       0x28 ./src/LCD_LCP1343.o
 .text.main     0x00000540      0x180 ./src/LCD_LCP1343.o
                0x00000540                main
 .text._Z15initTempSensorsv
                0x000006c0       0xd0 ./src/LCD_LCP1343.o
                0x000006c0                initTempSensors()
 .text._Z10verifyTempPfS_
                0x00000790       0xdc ./src/LCD_LCP1343.o
                0x00000790                verifyTemp(float*, float*)
 .text._Z12writeTempLCDff
                0x0000086c       0x64 ./src/LCD_LCP1343.o
                0x0000086c                writeTempLCD(float, float)
 .text._Z13HeaterControlfff
                0x000008d0      0x14c ./src/LCD_LCP1343.o
                0x000008d0                HeaterControl(float, float, float)
 .text._Z8lightLCDv
                0x00000a1c       0x5c ./src/LCD_LCP1343.o
                0x00000a1c                lightLCD()
 .text._Z10FanControlff
                0x00000a78      0x114 ./src/LCD_LCP1343.o
                0x00000a78                FanControl(float, float)
 .text._Z10resetBoardv
                0x00000b8c       0x24 ./src/LCD_LCP1343.o
                0x00000b8c                resetBoard()
 .text._Z41__static_initialization_and_destruction_0ii
                0x00000bb0       0x50 ./src/LCD_LCP1343.o
 .text._GLOBAL__sub_I_lcd
                0x00000c00       0x10 ./src/LCD_LCP1343.o
 .text._ZN17LiquidCrystal_I2C5writeEh
                0x00000c10       0x20 ./src/LiquidCrystal_I2C.o
                0x00000c10                LiquidCrystal_I2C::write(unsigned char)
 .text._ZN17LiquidCrystal_I2CC2Ehhh
                0x00000c30       0x48 ./src/LiquidCrystal_I2C.o
                0x00000c30                LiquidCrystal_I2C::LiquidCrystal_I2C(unsigned char, unsigned char, unsigned char)
                0x00000c30                LiquidCrystal_I2C::LiquidCrystal_I2C(unsigned char, unsigned char, unsigned char)
 .text._ZN17LiquidCrystal_I2C4initEv
                0x00000c78       0x16 ./src/LiquidCrystal_I2C.o
                0x00000c78                LiquidCrystal_I2C::init()
 .text._ZN17LiquidCrystal_I2C9init_privEv
                0x00000c8e       0x2a ./src/LiquidCrystal_I2C.o
                0x00000c8e                LiquidCrystal_I2C::init_priv()
 .text._ZN17LiquidCrystal_I2C5beginEhhh
                0x00000cb8       0xe8 ./src/LiquidCrystal_I2C.o
                0x00000cb8                LiquidCrystal_I2C::begin(unsigned char, unsigned char, unsigned char)
 .text._ZN17LiquidCrystal_I2C5clearEv
                0x00000da0       0x20 ./src/LiquidCrystal_I2C.o
                0x00000da0                LiquidCrystal_I2C::clear()
 .text._ZN17LiquidCrystal_I2C4homeEv
                0x00000dc0       0x20 ./src/LiquidCrystal_I2C.o
                0x00000dc0                LiquidCrystal_I2C::home()
 .text._ZN17LiquidCrystal_I2C9setCursorEhh
                0x00000de0       0x64 ./src/LiquidCrystal_I2C.o
                0x00000de0                LiquidCrystal_I2C::setCursor(unsigned char, unsigned char)
 .text._ZN17LiquidCrystal_I2C7displayEv
                0x00000e44       0x30 ./src/LiquidCrystal_I2C.o
                0x00000e44                LiquidCrystal_I2C::display()
 .text._ZN17LiquidCrystal_I2C11noBacklightEv
                0x00000e74       0x1e ./src/LiquidCrystal_I2C.o
                0x00000e74                LiquidCrystal_I2C::noBacklight()
 .text._ZN17LiquidCrystal_I2C9backlightEv
                0x00000e92       0x1e ./src/LiquidCrystal_I2C.o
                0x00000e92                LiquidCrystal_I2C::backlight()
 .text._ZN17LiquidCrystal_I2C11writeNibbleEh
                0x00000eb0       0x42 ./src/LiquidCrystal_I2C.o
                0x00000eb0                LiquidCrystal_I2C::writeNibble(unsigned char)
 .text._ZN17LiquidCrystal_I2C7commandEh
                0x00000ef2       0x20 ./src/LiquidCrystal_I2C.o
                0x00000ef2                LiquidCrystal_I2C::command(unsigned char)
 .text._ZN17LiquidCrystal_I2C4sendEhh
                0x00000f12       0x4a ./src/LiquidCrystal_I2C.o
                0x00000f12                LiquidCrystal_I2C::send(unsigned char, unsigned char)
 .text._ZN17LiquidCrystal_I2C10write4bitsEh
                0x00000f5c       0x28 ./src/LiquidCrystal_I2C.o
                0x00000f5c                LiquidCrystal_I2C::write4bits(unsigned char)
 .text._ZN17LiquidCrystal_I2C13expanderWriteEh
                0x00000f84       0x32 ./src/LiquidCrystal_I2C.o
                0x00000f84                LiquidCrystal_I2C::expanderWrite(unsigned char)
 .text._ZN17LiquidCrystal_I2C11pulseEnableEh
                0x00000fb6       0x40 ./src/LiquidCrystal_I2C.o
                0x00000fb6                LiquidCrystal_I2C::pulseEnable(unsigned char)
 .text._ZN17LiquidCrystal_I2C8printstrEPKc
                0x00000ff6       0x3a ./src/LiquidCrystal_I2C.o
                0x00000ff6                LiquidCrystal_I2C::printstr(char const*)
 .text._ZN17LiquidCrystal_I2C9printCharEh
                0x00001030       0x32 ./src/LiquidCrystal_I2C.o
                0x00001030                LiquidCrystal_I2C::printChar(unsigned char)
 *fill*         0x00001062        0x2 ff
 .text._ZN7DS18B20C2Ehh
                0x00001064       0x78 ./src/ds18b20.o
                0x00001064                DS18B20::DS18B20(unsigned char, unsigned char)
                0x00001064                DS18B20::DS18B20(unsigned char, unsigned char)
 .text._ZN7DS18B208ow_resetEv
                0x000010dc       0xb0 ./src/ds18b20.o
                0x000010dc                DS18B20::ow_reset()
 .text._ZN7DS18B208read_bitEv
                0x0000118c       0xbc ./src/ds18b20.o
                0x0000118c                DS18B20::read_bit()
 .text._ZN7DS18B209read_byteEv
                0x00001248       0x62 ./src/ds18b20.o
                0x00001248                DS18B20::read_byte()
 .text._ZN7DS18B209write_bitEb
                0x000012aa       0xe0 ./src/ds18b20.o
                0x000012aa                DS18B20::write_bit(bool)
 .text._ZN7DS18B2010write_byteEh
                0x0000138a       0x62 ./src/ds18b20.o
                0x0000138a                DS18B20::write_byte(unsigned char)
 .text._ZN7DS18B2014init_sensProbeEv
                0x000013ec       0x44 ./src/ds18b20.o
                0x000013ec                DS18B20::init_sensProbe()
 .text._ZN7DS18B2011initReadingEv
                0x00001430       0x46 ./src/ds18b20.o
                0x00001430                DS18B20::initReading()
 .text._ZN7DS18B208ReadTempEv
                0x00001476       0x8a ./src/ds18b20.o
                0x00001476                DS18B20::ReadTemp()
 .text._Z7StrTempf
                0x00001500      0x118 ./src/ds18b20.o
                0x00001500                StrTemp(float)
 .text.SystemInit
                0x00001618       0xac C:\Users\bourc\Documents\uC Projects\LPC1343_incubator\CMSIS_CORE_LPC13xx\Debug\libCMSIS_CORE_LPC13xx.a(system_LPC13xx.o)
                0x00001618                SystemInit
 .text          0x000016c4      0x378 c:/nxp/mcuxpressoide_11.0.1_2563/ide/plugins/com.nxp.mcuxpresso.tools.win32_11.0.1.201907311258/tools/bin/../lib/gcc/arm-none-eabi/8.2.1/thumb/v7-m/nofp\libgcc.a(_arm_addsubdf3.o)
                0x000016c4                __aeabi_drsub
                0x000016cc                __aeabi_dsub
                0x000016cc                __subdf3
                0x000016d0                __aeabi_dadd
                0x000016d0                __adddf3
                0x00001948                __floatunsidf
                0x00001948                __aeabi_ui2d
                0x00001968                __floatsidf
                0x00001968                __aeabi_i2d
                0x0000198c                __aeabi_f2d
                0x0000198c                __extendsfdf2
                0x000019d0                __floatundidf
                0x000019d0                __aeabi_ul2d
                0x000019e0                __floatdidf
                0x000019e0                __aeabi_l2d
 .text          0x00001a3c      0x424 c:/nxp/mcuxpressoide_11.0.1_2563/ide/plugins/com.nxp.mcuxpresso.tools.win32_11.0.1.201907311258/tools/bin/../lib/gcc/arm-none-eabi/8.2.1/thumb/v7-m/nofp\libgcc.a(_arm_muldivdf3.o)
                0x00001a3c                __aeabi_dmul
                0x00001a3c                __muldf3
                0x00001c90                __divdf3
                0x00001c90                __aeabi_ddiv
 .text          0x00001e60      0x110 c:/nxp/mcuxpressoide_11.0.1_2563/ide/plugins/com.nxp.mcuxpresso.tools.win32_11.0.1.201907311258/tools/bin/../lib/gcc/arm-none-eabi/8.2.1/thumb/v7-m/nofp\libgcc.a(_arm_cmpdf2.o)
                0x00001e60                __gtdf2
                0x00001e60                __gedf2
                0x00001e68                __ltdf2
                0x00001e68                __ledf2
                0x00001e70                __nedf2
                0x00001e70                __eqdf2
                0x00001e70                __cmpdf2
                0x00001eec                __aeabi_cdrcmple
                0x00001efc                __aeabi_cdcmpeq
                0x00001efc                __aeabi_cdcmple
                0x00001f0c                __aeabi_dcmpeq
                0x00001f20                __aeabi_dcmplt
                0x00001f34                __aeabi_dcmple
                0x00001f48                __aeabi_dcmpge
                0x00001f5c                __aeabi_dcmpgt
 .text          0x00001f70       0xa0 c:/nxp/mcuxpressoide_11.0.1_2563/ide/plugins/com.nxp.mcuxpresso.tools.win32_11.0.1.201907311258/tools/bin/../lib/gcc/arm-none-eabi/8.2.1/thumb/v7-m/nofp\libgcc.a(_arm_truncdfsf2.o)
                0x00001f70                __truncdfsf2
                0x00001f70                __aeabi_d2f
 .text          0x00002010      0x21c c:/nxp/mcuxpressoide_11.0.1_2563/ide/plugins/com.nxp.mcuxpresso.tools.win32_11.0.1.201907311258/tools/bin/../lib/gcc/arm-none-eabi/8.2.1/thumb/v7-m/nofp\libgcc.a(_arm_addsubsf3.o)
                0x00002010                __aeabi_frsub
                0x00002018                __subsf3
                0x00002018                __aeabi_fsub
                0x0000201c                __aeabi_fadd
                0x0000201c                __addsf3
                0x0000217c                __aeabi_ui2f
                0x0000217c                __floatunsisf
                0x00002184                __aeabi_i2f
                0x00002184                __floatsisf
                0x000021a0                __aeabi_ul2f
                0x000021a0                __floatundisf
                0x000021b0                __aeabi_l2f
                0x000021b0                __floatdisf
 .text          0x0000222c      0x2a0 c:/nxp/mcuxpressoide_11.0.1_2563/ide/plugins/com.nxp.mcuxpresso.tools.win32_11.0.1.201907311258/tools/bin/../lib/gcc/arm-none-eabi/8.2.1/thumb/v7-m/nofp\libgcc.a(_arm_muldivsf3.o)
                0x0000222c                __mulsf3
                0x0000222c                __aeabi_fmul
                0x00002394                __aeabi_fdiv
                0x00002394                __divsf3
 .text          0x000024cc       0xec c:/nxp/mcuxpressoide_11.0.1_2563/ide/plugins/com.nxp.mcuxpresso.tools.win32_11.0.1.201907311258/tools/bin/../lib/gcc/arm-none-eabi/8.2.1/thumb/v7-m/nofp\libgcc.a(_arm_cmpsf2.o)
                0x000024cc                __gesf2
                0x000024cc                __gtsf2
                0x000024d4                __lesf2
                0x000024d4                __ltsf2
                0x000024dc                __nesf2
                0x000024dc                __eqsf2
                0x000024dc                __cmpsf2
                0x0000253c                __aeabi_cfrcmple
                0x00002544                __aeabi_cfcmpeq
                0x00002544                __aeabi_cfcmple
                0x00002554                __aeabi_fcmpeq
                0x00002568                __aeabi_fcmplt
                0x0000257c                __aeabi_fcmple
                0x00002590                __aeabi_fcmpge
                0x000025a4                __aeabi_fcmpgt
 .text          0x000025b8       0x4c c:/nxp/mcuxpressoide_11.0.1_2563/ide/plugins/com.nxp.mcuxpresso.tools.win32_11.0.1.201907311258/tools/bin/../lib/gcc/arm-none-eabi/8.2.1/thumb/v7-m/nofp\libgcc.a(_arm_fixsfsi.o)
                0x000025b8                __aeabi_f2iz
                0x000025b8                __fixsfsi
 .text.__libc_init_array
                0x00002604       0x48 c:/nxp/mcuxpressoide_11.0.1_2563/ide/plugins/com.nxp.mcuxpresso.tools.win32_11.0.1.201907311258/tools/bin/../lib/gcc/arm-none-eabi/8.2.1/../../../../arm-none-eabi/lib/thumb/v7-m/nofp\libc.a(lib_a-init.o)
                0x00002604                __libc_init_array
 .text          0x0000264c       0x40 c:/nxp/mcuxpressoide_11.0.1_2563/ide/plugins/com.nxp.mcuxpresso.tools.win32_11.0.1.201907311258/tools/bin/../lib/gcc/arm-none-eabi/8.2.1/thumb/v7-m/nofp\crtbegin.o
 *(.rodata .rodata.* .constdata .constdata.*)
 .rodata        0x0000268c       0x58 ./src/LCD_LCP1343.o
 .rodata        0x000026e4       0x10 ./src/LiquidCrystal_I2C.o
 .rodata._ZTV17LiquidCrystal_I2C
                0x000026f4        0xc ./src/LiquidCrystal_I2C.o
                0x000026f4                vtable for LiquidCrystal_I2C
 .rodata        0x00002700        0x4 ./src/ds18b20.o
                0x00002704                . = ALIGN (0x4)
                0x00002704                . = ALIGN (0x4)
 *(.init)
 .init          0x00002704        0x4 c:/nxp/mcuxpressoide_11.0.1_2563/ide/plugins/com.nxp.mcuxpresso.tools.win32_11.0.1.201907311258/tools/bin/../lib/gcc/arm-none-eabi/8.2.1/thumb/v7-m/nofp\crti.o
                0x00002704                _init
 .init          0x00002708        0x8 c:/nxp/mcuxpressoide_11.0.1_2563/ide/plugins/com.nxp.mcuxpresso.tools.win32_11.0.1.201907311258/tools/bin/../lib/gcc/arm-none-eabi/8.2.1/thumb/v7-m/nofp\crtn.o
                0x00002710                . = ALIGN (0x4)
                0x00002710                __preinit_array_start = .
 *(.preinit_array)
                0x00002710                __preinit_array_end = .
                0x00002710                . = ALIGN (0x4)
                0x00002710                __init_array_start = .
 *(SORT_BY_NAME(.init_array.*))
 *(.init_array)
 .init_array    0x00002710        0x4 ./src/LCD_LCP1343.o
 .init_array    0x00002714        0x4 c:/nxp/mcuxpressoide_11.0.1_2563/ide/plugins/com.nxp.mcuxpresso.tools.win32_11.0.1.201907311258/tools/bin/../lib/gcc/arm-none-eabi/8.2.1/thumb/v7-m/nofp\crtbegin.o
                0x00002718                __init_array_end = .
 *(.fini)
 .fini          0x00002718        0x4 c:/nxp/mcuxpressoide_11.0.1_2563/ide/plugins/com.nxp.mcuxpresso.tools.win32_11.0.1.201907311258/tools/bin/../lib/gcc/arm-none-eabi/8.2.1/thumb/v7-m/nofp\crti.o
                0x00002718                _fini
 .fini          0x0000271c        0x8 c:/nxp/mcuxpressoide_11.0.1_2563/ide/plugins/com.nxp.mcuxpresso.tools.win32_11.0.1.201907311258/tools/bin/../lib/gcc/arm-none-eabi/8.2.1/thumb/v7-m/nofp\crtn.o
                0x00002724                . = ALIGN (0x4)
 *crtbegin.o(.ctors)
 *(EXCLUDE_FILE(*crtend.o) .ctors)
 *(SORT_BY_NAME(.ctors.*))
 *crtend.o(.ctors)
                0x00002724                . = ALIGN (0x4)
 *crtbegin.o(.dtors)
 *(EXCLUDE_FILE(*crtend.o) .dtors)
 *(SORT_BY_NAME(.dtors.*))
 *crtend.o(.dtors)
                0x00002724                . = ALIGN (0x4)

.glue_7         0x00002724        0x0
 .glue_7        0x00002724        0x0 linker stubs

.glue_7t        0x00002724        0x0
 .glue_7t       0x00002724        0x0 linker stubs

.vfp11_veneer   0x00002724        0x0
 .vfp11_veneer  0x00002724        0x0 linker stubs

.v4_bx          0x00002724        0x0
 .v4_bx         0x00002724        0x0 linker stubs

.iplt           0x00002724        0x0
 .iplt          0x00002724        0x0 ./src/Delay.o

.rel.dyn        0x00002724        0x0
 .rel.iplt      0x00002724        0x0 ./src/Delay.o

.eh_frame       0x00002724        0x0
 .eh_frame      0x00002724        0x0 c:/nxp/mcuxpressoide_11.0.1_2563/ide/plugins/com.nxp.mcuxpresso.tools.win32_11.0.1.201907311258/tools/bin/../lib/gcc/arm-none-eabi/8.2.1/thumb/v7-m/nofp\crtbegin.o

.ARM.extab
 *(.ARM.extab* .gnu.linkonce.armextab.*)
                0x00002724                __exidx_start = .

.ARM.exidx
 *(.ARM.exidx* .gnu.linkonce.armexidx.*)
                0x00002724                __exidx_end = .
                0x00002724                _etext = .

.uninit_RESERVED
                0x10000000        0x0
                0x10000000                . = ALIGN (0x4)
 *(.bss.$RESERVED*)
                0x10000000                . = ALIGN (0x4)
                0x10000000                _end_uninit_RESERVED = .

.data           0x10000000       0x10 load address 0x00002724
 FILL mask 0xff
                0x10000000                _data = .
 *(vtable)
 *(.ramfunc*)
 *(CodeQuickAccess)
 *(DataQuickAccess)
 *(RamFunction)
 *(.data*)
 .data._ZZ13HeaterControlfffE10heater_val
                0x10000000        0x1 ./src/LCD_LCP1343.o
 *fill*         0x10000001        0x3 ff
 .data._ZZ10FanControlffE3cnt
                0x10000004        0x4 ./src/LCD_LCP1343.o
 .data._ZZ7StrTempfE8str_temp
                0x10000008        0x7 ./src/ds18b20.o
                0x10000010                . = ALIGN (0x4)
 *fill*         0x1000000f        0x1 ff
                0x10000010                _edata = .

.igot.plt       0x10000010        0x0 load address 0x00002734
 .igot.plt      0x10000010        0x0 ./src/Delay.o

.bss            0x10000010       0x4c load address 0x00002734
                0x10000010                . = ALIGN (0x4)
                0x10000010                _bss = .
 *(.bss*)
 .bss.lcd       0x10000010        0xc ./src/LCD_LCP1343.o
                0x10000010                lcd
 .bss.WT        0x1000001c        0x8 ./src/LCD_LCP1343.o
                0x1000001c                WT
 .bss.IT        0x10000024        0x8 ./src/LCD_LCP1343.o
                0x10000024                IT
 .bss._ZZ10verifyTempPfS_E2it
                0x1000002c        0x4 ./src/LCD_LCP1343.o
 .bss._ZZ10verifyTempPfS_E2wt
                0x10000030        0x4 ./src/LCD_LCP1343.o
 .bss._ZZ8lightLCDvE3cnt
                0x10000034        0x4 ./src/LCD_LCP1343.o
 .bss._ZZ10FanControlffE7fan_val
                0x10000038        0x1 ./src/LCD_LCP1343.o
 *fill*         0x10000039        0x3 
 .bss._ZZ10resetBoardvE3cnt
                0x1000003c        0x4 ./src/LCD_LCP1343.o
 .bss           0x10000040       0x1c c:/nxp/mcuxpressoide_11.0.1_2563/ide/plugins/com.nxp.mcuxpresso.tools.win32_11.0.1.201907311258/tools/bin/../lib/gcc/arm-none-eabi/8.2.1/thumb/v7-m/nofp\crtbegin.o
 *(COMMON)
                0x1000005c                . = ALIGN (0x4)
                0x1000005c                _ebss = .
                [!provide]                PROVIDE (end = .)

.noinit         0x1000005c        0x0 load address 0x00002734
                0x1000005c                . = ALIGN (0x4)
                0x1000005c                _noinit = .
 *(.noinit*)
                0x1000005c                . = ALIGN (0x4)
                0x1000005c                _end_noinit = .
                0x1000005c                PROVIDE (_pvHeapStart = DEFINED (__user_heap_base)?__user_heap_base:.)
                0x10002000                PROVIDE (_vStackTop = DEFINED (__user_stack_top)?__user_stack_top:(__top_RamLoc8 - 0x0))
                0xefffd2ca                PROVIDE (__valid_user_code_checksum = (0x0 - ((((((_vStackTop + (ResetISR + 0x1)) + (NMI_Handler + 0x1)) + (HardFault_Handler + 0x1)) + (DEFINED (MemManage_Handler)?MemManage_Handler:0x0 + 0x1)) + (DEFINED (BusFault_Handler)?BusFault_Handler:0x0 + 0x1)) + (DEFINED (UsageFault_Handler)?UsageFault_Handler:0x0 + 0x1))))
                0x00000000                _image_start = LOADADDR (.text)
                0x00002734                _image_end = (LOADADDR (.data) + SIZEOF (.data))
                0x00002734                _image_size = (_image_end - _image_start)
OUTPUT(LCD_LCP1343.axf elf32-littlearm)

.debug_info     0x00000000     0x48b1
 .debug_info    0x00000000      0x65e ./src/Delay.o
 .debug_info    0x0000065e      0x9d9 ./src/I2C.o
 .debug_info    0x00001037     0x1916 ./src/LCD_LCP1343.o
 .debug_info    0x0000294d     0x10cd ./src/LiquidCrystal_I2C.o
 .debug_info    0x00003a1a      0x29a ./src/cr_startup_lpc13xx.o
 .debug_info    0x00003cb4       0x40 ./src/crp.o
 .debug_info    0x00003cf4      0x637 ./src/ds18b20.o
 .debug_info    0x0000432b      0x586 C:\Users\bourc\Documents\uC Projects\LPC1343_incubator\CMSIS_CORE_LPC13xx\Debug\libCMSIS_CORE_LPC13xx.a(system_LPC13xx.o)

.debug_abbrev   0x00000000      0xfd4
 .debug_abbrev  0x00000000      0x15e ./src/Delay.o
 .debug_abbrev  0x0000015e      0x18d ./src/I2C.o
 .debug_abbrev  0x000002eb      0x4b8 ./src/LCD_LCP1343.o
 .debug_abbrev  0x000007a3      0x2be ./src/LiquidCrystal_I2C.o
 .debug_abbrev  0x00000a61      0x14d ./src/cr_startup_lpc13xx.o
 .debug_abbrev  0x00000bae       0x38 ./src/crp.o
 .debug_abbrev  0x00000be6      0x285 ./src/ds18b20.o
 .debug_abbrev  0x00000e6b      0x169 C:\Users\bourc\Documents\uC Projects\LPC1343_incubator\CMSIS_CORE_LPC13xx\Debug\libCMSIS_CORE_LPC13xx.a(system_LPC13xx.o)

.debug_aranges  0x00000000      0x388
 .debug_aranges
                0x00000000       0x30 ./src/Delay.o
 .debug_aranges
                0x00000030       0x38 ./src/I2C.o
 .debug_aranges
                0x00000068       0x70 ./src/LCD_LCP1343.o
 .debug_aranges
                0x000000d8      0x188 ./src/LiquidCrystal_I2C.o
 .debug_aranges
                0x00000260       0x80 ./src/cr_startup_lpc13xx.o
 .debug_aranges
                0x000002e0       0x18 ./src/crp.o
 .debug_aranges
                0x000002f8       0x68 ./src/ds18b20.o
 .debug_aranges
                0x00000360       0x28 C:\Users\bourc\Documents\uC Projects\LPC1343_incubator\CMSIS_CORE_LPC13xx\Debug\libCMSIS_CORE_LPC13xx.a(system_LPC13xx.o)

.debug_ranges   0x00000000      0x300
 .debug_ranges  0x00000000       0x20 ./src/Delay.o
 .debug_ranges  0x00000020       0x28 ./src/I2C.o
 .debug_ranges  0x00000048       0x60 ./src/LCD_LCP1343.o
 .debug_ranges  0x000000a8      0x178 ./src/LiquidCrystal_I2C.o
 .debug_ranges  0x00000220       0x70 ./src/cr_startup_lpc13xx.o
 .debug_ranges  0x00000290       0x58 ./src/ds18b20.o
 .debug_ranges  0x000002e8       0x18 C:\Users\bourc\Documents\uC Projects\LPC1343_incubator\CMSIS_CORE_LPC13xx\Debug\libCMSIS_CORE_LPC13xx.a(system_LPC13xx.o)

.debug_macro    0x00000000     0x640a
 .debug_macro   0x00000000       0xad ./src/Delay.o
 .debug_macro   0x000000ad      0xb80 ./src/Delay.o
 .debug_macro   0x00000c2d       0x1c ./src/Delay.o
 .debug_macro   0x00000c49       0x3a ./src/Delay.o
 .debug_macro   0x00000c83       0x1c ./src/Delay.o
 .debug_macro   0x00000c9f       0x22 ./src/Delay.o
 .debug_macro   0x00000cc1       0x8e ./src/Delay.o
 .debug_macro   0x00000d4f       0x51 ./src/Delay.o
 .debug_macro   0x00000da0       0xef ./src/Delay.o
 .debug_macro   0x00000e8f       0x6a ./src/Delay.o
 .debug_macro   0x00000ef9      0x1df ./src/Delay.o
 .debug_macro   0x000010d8       0x2d ./src/Delay.o
 .debug_macro   0x00001105      0xbb1 ./src/Delay.o
 .debug_macro   0x00001cb6      0x131 ./src/Delay.o
 .debug_macro   0x00001de7       0x16 ./src/Delay.o
 .debug_macro   0x00001dfd       0xae ./src/I2C.o
 .debug_macro   0x00001eab      0x24c ./src/LCD_LCP1343.o
 .debug_macro   0x000020f7      0x16f ./src/LCD_LCP1343.o
 .debug_macro   0x00002266       0x10 ./src/LCD_LCP1343.o
 .debug_macro   0x00002276      0x3f4 ./src/LCD_LCP1343.o
 .debug_macro   0x0000266a       0x10 ./src/LCD_LCP1343.o
 .debug_macro   0x0000267a       0x18 ./src/LCD_LCP1343.o
 .debug_macro   0x00002692       0x5e ./src/LCD_LCP1343.o
 .debug_macro   0x000026f0       0x35 ./src/LCD_LCP1343.o
 .debug_macro   0x00002725       0x34 ./src/LCD_LCP1343.o
 .debug_macro   0x00002759       0x16 ./src/LCD_LCP1343.o
 .debug_macro   0x0000276f      0x10e ./src/LCD_LCP1343.o
 .debug_macro   0x0000287d       0x94 ./src/LCD_LCP1343.o
 .debug_macro   0x00002911       0x58 ./src/LCD_LCP1343.o
 .debug_macro   0x00002969       0x1f ./src/LCD_LCP1343.o
 .debug_macro   0x00002988       0x43 ./src/LCD_LCP1343.o
 .debug_macro   0x000029cb       0x20 ./src/LCD_LCP1343.o
 .debug_macro   0x000029eb      0x18e ./src/LCD_LCP1343.o
 .debug_macro   0x00002b79      0x35c ./src/LCD_LCP1343.o
 .debug_macro   0x00002ed5       0x16 ./src/LCD_LCP1343.o
 .debug_macro   0x00002eeb       0x29 ./src/LCD_LCP1343.o
 .debug_macro   0x00002f14       0x1c ./src/LCD_LCP1343.o
 .debug_macro   0x00002f30       0xde ./src/LCD_LCP1343.o
 .debug_macro   0x0000300e       0x82 ./src/LCD_LCP1343.o
 .debug_macro   0x00003090       0x10 ./src/LCD_LCP1343.o
 .debug_macro   0x000030a0       0x35 ./src/LCD_LCP1343.o
 .debug_macro   0x000030d5      0x4cc ./src/LCD_LCP1343.o
 .debug_macro   0x000035a1       0xca ./src/LCD_LCP1343.o
 .debug_macro   0x0000366b       0x3a ./src/LCD_LCP1343.o
 .debug_macro   0x000036a5       0x2e ./src/LCD_LCP1343.o
 .debug_macro   0x000036d3       0xdc ./src/LiquidCrystal_I2C.o
 .debug_macro   0x000037af       0x58 ./src/LiquidCrystal_I2C.o
 .debug_macro   0x00003807       0x94 ./src/LiquidCrystal_I2C.o
 .debug_macro   0x0000389b       0x3a ./src/LiquidCrystal_I2C.o
 .debug_macro   0x000038d5       0x57 ./src/LiquidCrystal_I2C.o
 .debug_macro   0x0000392c       0x82 ./src/LiquidCrystal_I2C.o
 .debug_macro   0x000039ae       0x1d ./src/cr_startup_lpc13xx.o
 .debug_macro   0x000039cb       0x1a ./src/crp.o
 .debug_macro   0x000039e5      0xaa8 ./src/crp.o
 .debug_macro   0x0000448d       0x34 ./src/crp.o
 .debug_macro   0x000044c1       0xbc ./src/ds18b20.o
 .debug_macro   0x0000457d      0x149 C:\Users\bourc\Documents\uC Projects\LPC1343_incubator\CMSIS_CORE_LPC13xx\Debug\libCMSIS_CORE_LPC13xx.a(system_LPC13xx.o)
 .debug_macro   0x000046c6      0xaa2 C:\Users\bourc\Documents\uC Projects\LPC1343_incubator\CMSIS_CORE_LPC13xx\Debug\libCMSIS_CORE_LPC13xx.a(system_LPC13xx.o)
 .debug_macro   0x00005168       0x10 C:\Users\bourc\Documents\uC Projects\LPC1343_incubator\CMSIS_CORE_LPC13xx\Debug\libCMSIS_CORE_LPC13xx.a(system_LPC13xx.o)
 .debug_macro   0x00005178      0x12e C:\Users\bourc\Documents\uC Projects\LPC1343_incubator\CMSIS_CORE_LPC13xx\Debug\libCMSIS_CORE_LPC13xx.a(system_LPC13xx.o)
 .debug_macro   0x000052a6      0x5b3 C:\Users\bourc\Documents\uC Projects\LPC1343_incubator\CMSIS_CORE_LPC13xx\Debug\libCMSIS_CORE_LPC13xx.a(system_LPC13xx.o)
 .debug_macro   0x00005859      0xbb1 C:\Users\bourc\Documents\uC Projects\LPC1343_incubator\CMSIS_CORE_LPC13xx\Debug\libCMSIS_CORE_LPC13xx.a(system_LPC13xx.o)

.debug_line     0x00000000     0x2642
 .debug_line    0x00000000      0x3e2 ./src/Delay.o
 .debug_line    0x000003e2      0x3fe ./src/I2C.o
 .debug_line    0x000007e0      0x9c4 ./src/LCD_LCP1343.o
 .debug_line    0x000011a4      0x89a ./src/LiquidCrystal_I2C.o
 .debug_line    0x00001a3e      0x172 ./src/cr_startup_lpc13xx.o
 .debug_line    0x00001bb0       0xb6 ./src/crp.o
 .debug_line    0x00001c66      0x597 ./src/ds18b20.o
 .debug_line    0x000021fd      0x445 C:\Users\bourc\Documents\uC Projects\LPC1343_incubator\CMSIS_CORE_LPC13xx\Debug\libCMSIS_CORE_LPC13xx.a(system_LPC13xx.o)

.debug_str      0x00000000    0x127fd
 .debug_str     0x00000000     0x9285 ./src/Delay.o
                               0x9419 (size before relaxing)
 .debug_str     0x00009285      0x2dc ./src/I2C.o
                               0x9660 (size before relaxing)
 .debug_str     0x00009561     0x66e3 ./src/LCD_LCP1343.o
                               0xf91d (size before relaxing)
 .debug_str     0x0000fc44      0xaaf ./src/LiquidCrystal_I2C.o
                               0x6538 (size before relaxing)
 .debug_str     0x000106f3      0x242 ./src/cr_startup_lpc13xx.o
                               0x33db (size before relaxing)
 .debug_str     0x00010935      0x2a6 ./src/crp.o
                               0x2ed2 (size before relaxing)
 .debug_str     0x00010bdb       0xb2 ./src/ds18b20.o
                               0x9431 (size before relaxing)
 .debug_str     0x00010c8d     0x1b70 C:\Users\bourc\Documents\uC Projects\LPC1343_incubator\CMSIS_CORE_LPC13xx\Debug\libCMSIS_CORE_LPC13xx.a(system_LPC13xx.o)
                               0x9a3c (size before relaxing)

.comment        0x00000000       0x75
 .comment       0x00000000       0x75 ./src/Delay.o
                                 0x76 (size before relaxing)
 .comment       0x00000075       0x76 ./src/I2C.o
 .comment       0x00000075       0x76 ./src/LCD_LCP1343.o
 .comment       0x00000075       0x76 ./src/LiquidCrystal_I2C.o
 .comment       0x00000075       0x76 ./src/cr_startup_lpc13xx.o
 .comment       0x00000075       0x76 ./src/crp.o
 .comment       0x00000075       0x76 ./src/ds18b20.o
 .comment       0x00000075       0x76 C:\Users\bourc\Documents\uC Projects\LPC1343_incubator\CMSIS_CORE_LPC13xx\Debug\libCMSIS_CORE_LPC13xx.a(system_LPC13xx.o)

.ARM.attributes
                0x00000000       0x2d
 .ARM.attributes
                0x00000000       0x2d ./src/Delay.o
 .ARM.attributes
                0x0000002d       0x2d ./src/I2C.o
 .ARM.attributes
                0x0000005a       0x2d ./src/LCD_LCP1343.o
 .ARM.attributes
                0x00000087       0x2d ./src/LiquidCrystal_I2C.o
 .ARM.attributes
                0x000000b4       0x2d ./src/cr_startup_lpc13xx.o
 .ARM.attributes
                0x000000e1       0x33 ./src/crp.o
 .ARM.attributes
                0x00000114       0x2d ./src/ds18b20.o
 .ARM.attributes
                0x00000141       0x2d C:\Users\bourc\Documents\uC Projects\LPC1343_incubator\CMSIS_CORE_LPC13xx\Debug\libCMSIS_CORE_LPC13xx.a(system_LPC13xx.o)
 .ARM.attributes
                0x0000016e       0x1d c:/nxp/mcuxpressoide_11.0.1_2563/ide/plugins/com.nxp.mcuxpresso.tools.win32_11.0.1.201907311258/tools/bin/../lib/gcc/arm-none-eabi/8.2.1/thumb/v7-m/nofp\libgcc.a(_arm_addsubdf3.o)
 .ARM.attributes
                0x0000018b       0x1d c:/nxp/mcuxpressoide_11.0.1_2563/ide/plugins/com.nxp.mcuxpresso.tools.win32_11.0.1.201907311258/tools/bin/../lib/gcc/arm-none-eabi/8.2.1/thumb/v7-m/nofp\libgcc.a(_arm_muldivdf3.o)
 .ARM.attributes
                0x000001a8       0x1d c:/nxp/mcuxpressoide_11.0.1_2563/ide/plugins/com.nxp.mcuxpresso.tools.win32_11.0.1.201907311258/tools/bin/../lib/gcc/arm-none-eabi/8.2.1/thumb/v7-m/nofp\libgcc.a(_arm_cmpdf2.o)
 .ARM.attributes
                0x000001c5       0x1d c:/nxp/mcuxpressoide_11.0.1_2563/ide/plugins/com.nxp.mcuxpresso.tools.win32_11.0.1.201907311258/tools/bin/../lib/gcc/arm-none-eabi/8.2.1/thumb/v7-m/nofp\libgcc.a(_arm_truncdfsf2.o)
 .ARM.attributes
                0x000001e2       0x1d c:/nxp/mcuxpressoide_11.0.1_2563/ide/plugins/com.nxp.mcuxpresso.tools.win32_11.0.1.201907311258/tools/bin/../lib/gcc/arm-none-eabi/8.2.1/thumb/v7-m/nofp\libgcc.a(_arm_addsubsf3.o)
 .ARM.attributes
                0x000001ff       0x1d c:/nxp/mcuxpressoide_11.0.1_2563/ide/plugins/com.nxp.mcuxpresso.tools.win32_11.0.1.201907311258/tools/bin/../lib/gcc/arm-none-eabi/8.2.1/thumb/v7-m/nofp\libgcc.a(_arm_muldivsf3.o)
 .ARM.attributes
                0x0000021c       0x1d c:/nxp/mcuxpressoide_11.0.1_2563/ide/plugins/com.nxp.mcuxpresso.tools.win32_11.0.1.201907311258/tools/bin/../lib/gcc/arm-none-eabi/8.2.1/thumb/v7-m/nofp\libgcc.a(_arm_cmpsf2.o)
 .ARM.attributes
                0x00000239       0x1d c:/nxp/mcuxpressoide_11.0.1_2563/ide/plugins/com.nxp.mcuxpresso.tools.win32_11.0.1.201907311258/tools/bin/../lib/gcc/arm-none-eabi/8.2.1/thumb/v7-m/nofp\libgcc.a(_arm_fixsfsi.o)
 .ARM.attributes
                0x00000256       0x2d c:/nxp/mcuxpressoide_11.0.1_2563/ide/plugins/com.nxp.mcuxpresso.tools.win32_11.0.1.201907311258/tools/bin/../lib/gcc/arm-none-eabi/8.2.1/../../../../arm-none-eabi/lib/thumb/v7-m/nofp\libc.a(lib_a-init.o)
 .ARM.attributes
                0x00000283       0x1d c:/nxp/mcuxpressoide_11.0.1_2563/ide/plugins/com.nxp.mcuxpresso.tools.win32_11.0.1.201907311258/tools/bin/../lib/gcc/arm-none-eabi/8.2.1/thumb/v7-m/nofp\crti.o
 .ARM.attributes
                0x000002a0       0x1d c:/nxp/mcuxpressoide_11.0.1_2563/ide/plugins/com.nxp.mcuxpresso.tools.win32_11.0.1.201907311258/tools/bin/../lib/gcc/arm-none-eabi/8.2.1/thumb/v7-m/nofp\crtn.o
 .ARM.attributes
                0x000002bd       0x2d c:/nxp/mcuxpressoide_11.0.1_2563/ide/plugins/com.nxp.mcuxpresso.tools.win32_11.0.1.201907311258/tools/bin/../lib/gcc/arm-none-eabi/8.2.1/thumb/v7-m/nofp\crtbegin.o

.debug_frame    0x00000000      0xfe4
 .debug_frame   0x00000000       0x80 ./src/Delay.o
 .debug_frame   0x00000080       0xa0 ./src/I2C.o
 .debug_frame   0x00000120      0x174 ./src/LCD_LCP1343.o
 .debug_frame   0x00000294      0x6b4 ./src/LiquidCrystal_I2C.o
 .debug_frame   0x00000948      0x170 ./src/cr_startup_lpc13xx.o
 .debug_frame   0x00000ab8      0x17c ./src/ds18b20.o
 .debug_frame   0x00000c34       0x30 C:\Users\bourc\Documents\uC Projects\LPC1343_incubator\CMSIS_CORE_LPC13xx\Debug\libCMSIS_CORE_LPC13xx.a(system_LPC13xx.o)
 .debug_frame   0x00000c64       0xac c:/nxp/mcuxpressoide_11.0.1_2563/ide/plugins/com.nxp.mcuxpresso.tools.win32_11.0.1.201907311258/tools/bin/../lib/gcc/arm-none-eabi/8.2.1/thumb/v7-m/nofp\libgcc.a(_arm_addsubdf3.o)
 .debug_frame   0x00000d10       0x50 c:/nxp/mcuxpressoide_11.0.1_2563/ide/plugins/com.nxp.mcuxpresso.tools.win32_11.0.1.201907311258/tools/bin/../lib/gcc/arm-none-eabi/8.2.1/thumb/v7-m/nofp\libgcc.a(_arm_muldivdf3.o)
 .debug_frame   0x00000d60       0xc4 c:/nxp/mcuxpressoide_11.0.1_2563/ide/plugins/com.nxp.mcuxpresso.tools.win32_11.0.1.201907311258/tools/bin/../lib/gcc/arm-none-eabi/8.2.1/thumb/v7-m/nofp\libgcc.a(_arm_cmpdf2.o)
 .debug_frame   0x00000e24       0x24 c:/nxp/mcuxpressoide_11.0.1_2563/ide/plugins/com.nxp.mcuxpresso.tools.win32_11.0.1.201907311258/tools/bin/../lib/gcc/arm-none-eabi/8.2.1/thumb/v7-m/nofp\libgcc.a(_arm_truncdfsf2.o)
 .debug_frame   0x00000e48       0x4c c:/nxp/mcuxpressoide_11.0.1_2563/ide/plugins/com.nxp.mcuxpresso.tools.win32_11.0.1.201907311258/tools/bin/../lib/gcc/arm-none-eabi/8.2.1/thumb/v7-m/nofp\libgcc.a(_arm_addsubsf3.o)
 .debug_frame   0x00000e94       0x38 c:/nxp/mcuxpressoide_11.0.1_2563/ide/plugins/com.nxp.mcuxpresso.tools.win32_11.0.1.201907311258/tools/bin/../lib/gcc/arm-none-eabi/8.2.1/thumb/v7-m/nofp\libgcc.a(_arm_muldivsf3.o)
 .debug_frame   0x00000ecc       0xc8 c:/nxp/mcuxpressoide_11.0.1_2563/ide/plugins/com.nxp.mcuxpresso.tools.win32_11.0.1.201907311258/tools/bin/../lib/gcc/arm-none-eabi/8.2.1/thumb/v7-m/nofp\libgcc.a(_arm_cmpsf2.o)
 .debug_frame   0x00000f94       0x24 c:/nxp/mcuxpressoide_11.0.1_2563/ide/plugins/com.nxp.mcuxpresso.tools.win32_11.0.1.201907311258/tools/bin/../lib/gcc/arm-none-eabi/8.2.1/thumb/v7-m/nofp\libgcc.a(_arm_fixsfsi.o)
 .debug_frame   0x00000fb8       0x2c c:/nxp/mcuxpressoide_11.0.1_2563/ide/plugins/com.nxp.mcuxpresso.tools.win32_11.0.1.201907311258/tools/bin/../lib/gcc/arm-none-eabi/8.2.1/../../../../arm-none-eabi/lib/thumb/v7-m/nofp\libc.a(lib_a-init.o)

.debug_loc      0x00000000       0xc4
 .debug_loc     0x00000000       0xc4 C:\Users\bourc\Documents\uC Projects\LPC1343_incubator\CMSIS_CORE_LPC13xx\Debug\libCMSIS_CORE_LPC13xx.a(system_LPC13xx.o)

Cross Reference Table

Symbol                                            File
AD0Result                                         ./src/LCD_LCP1343.o
                                                  ./src/adc_pot.o
ADC_IRQHandler                                    ./src/cr_startup_lpc13xx.o
ADC_IRQHandler()                                  ./src/adc_pot.o
BOD_IRQHandler                                    ./src/cr_startup_lpc13xx.o
BusFault_Handler                                  ./src/cr_startup_lpc13xx.o
CRP_WORD                                          ./src/crp.o
DS18B20::DS18B20(unsigned char, unsigned char)    ./src/ds18b20.o
                                                  ./src/LCD_LCP1343.o
DS18B20::DS18B20(unsigned char, unsigned char)    ./src/ds18b20.o
DS18B20::ReadTemp()                               ./src/ds18b20.o
                                                  ./src/LCD_LCP1343.o
DS18B20::initReading()                            ./src/ds18b20.o
DS18B20::init_sensProbe()                         ./src/ds18b20.o
                                                  ./src/LCD_LCP1343.o
DS18B20::ow_reset()                               ./src/ds18b20.o
                                                  ./src/LCD_LCP1343.o
DS18B20::read_bit()                               ./src/ds18b20.o
DS18B20::read_byte()                              ./src/ds18b20.o
DS18B20::write_bit(bool)                          ./src/ds18b20.o
DS18B20::write_byte(unsigned char)                ./src/ds18b20.o
DebugMon_Handler                                  ./src/cr_startup_lpc13xx.o
FMC_IRQHandler                                    ./src/cr_startup_lpc13xx.o
FanControl(float, float)                          ./src/LCD_LCP1343.o
HardFault_Handler                                 ./src/cr_startup_lpc13xx.o
HeaterControl(float, float, float)                ./src/LCD_LCP1343.o
I2C_IRQHandler                                    ./src/cr_startup_lpc13xx.o
I2C_init()                                        ./src/I2C.o
                                                  ./src/LiquidCrystal_I2C.o
IT                                                ./src/LCD_LCP1343.o
IntDefaultHandler                                 ./src/cr_startup_lpc13xx.o
LiquidCrystal_I2C::LiquidCrystal_I2C(unsigned char, unsigned char, unsigned char) ./src/LiquidCrystal_I2C.o
LiquidCrystal_I2C::LiquidCrystal_I2C(unsigned char, unsigned char, unsigned char) ./src/LiquidCrystal_I2C.o
                                                  ./src/LCD_LCP1343.o
LiquidCrystal_I2C::autoscroll()                   ./src/LiquidCrystal_I2C.o
LiquidCrystal_I2C::backlight()                    ./src/LiquidCrystal_I2C.o
                                                  ./src/LCD_LCP1343.o
LiquidCrystal_I2C::begin(unsigned char, unsigned char, unsigned char) ./src/LiquidCrystal_I2C.o
LiquidCrystal_I2C::blink()                        ./src/LiquidCrystal_I2C.o
LiquidCrystal_I2C::blink_off()                    ./src/LiquidCrystal_I2C.o
LiquidCrystal_I2C::blink_on()                     ./src/LiquidCrystal_I2C.o
LiquidCrystal_I2C::clear()                        ./src/LiquidCrystal_I2C.o
                                                  ./src/LCD_LCP1343.o
LiquidCrystal_I2C::command(unsigned char)         ./src/LiquidCrystal_I2C.o
LiquidCrystal_I2C::createChar(unsigned char, unsigned char*) ./src/LiquidCrystal_I2C.o
LiquidCrystal_I2C::cursor()                       ./src/LiquidCrystal_I2C.o
LiquidCrystal_I2C::cursor_off()                   ./src/LiquidCrystal_I2C.o
LiquidCrystal_I2C::cursor_on()                    ./src/LiquidCrystal_I2C.o
LiquidCrystal_I2C::display()                      ./src/LiquidCrystal_I2C.o
LiquidCrystal_I2C::draw_horizontal_graph(unsigned char, unsigned char, unsigned char, unsigned char) ./src/LiquidCrystal_I2C.o
LiquidCrystal_I2C::draw_vertical_graph(unsigned char, unsigned char, unsigned char, unsigned char) ./src/LiquidCrystal_I2C.o
LiquidCrystal_I2C::expanderWrite(unsigned char)   ./src/LiquidCrystal_I2C.o
LiquidCrystal_I2C::home()                         ./src/LiquidCrystal_I2C.o
LiquidCrystal_I2C::init()                         ./src/LiquidCrystal_I2C.o
                                                  ./src/LCD_LCP1343.o
LiquidCrystal_I2C::init_bargraph(unsigned char)   ./src/LiquidCrystal_I2C.o
LiquidCrystal_I2C::init_priv()                    ./src/LiquidCrystal_I2C.o
LiquidCrystal_I2C::keypad()                       ./src/LiquidCrystal_I2C.o
LiquidCrystal_I2C::leftToRight()                  ./src/LiquidCrystal_I2C.o
LiquidCrystal_I2C::load_custom_character(unsigned char, unsigned char*) ./src/LiquidCrystal_I2C.o
LiquidCrystal_I2C::noAutoscroll()                 ./src/LiquidCrystal_I2C.o
LiquidCrystal_I2C::noBacklight()                  ./src/LiquidCrystal_I2C.o
                                                  ./src/LCD_LCP1343.o
LiquidCrystal_I2C::noBlink()                      ./src/LiquidCrystal_I2C.o
LiquidCrystal_I2C::noCursor()                     ./src/LiquidCrystal_I2C.o
LiquidCrystal_I2C::noDisplay()                    ./src/LiquidCrystal_I2C.o
LiquidCrystal_I2C::off()                          ./src/LiquidCrystal_I2C.o
LiquidCrystal_I2C::on()                           ./src/LiquidCrystal_I2C.o
LiquidCrystal_I2C::printChar(unsigned char)       ./src/LiquidCrystal_I2C.o
                                                  ./src/LCD_LCP1343.o
LiquidCrystal_I2C::printstr(char const*)          ./src/LiquidCrystal_I2C.o
                                                  ./src/LCD_LCP1343.o
LiquidCrystal_I2C::pulseEnable(unsigned char)     ./src/LiquidCrystal_I2C.o
LiquidCrystal_I2C::rightToLeft()                  ./src/LiquidCrystal_I2C.o
LiquidCrystal_I2C::scrollDisplayLeft()            ./src/LiquidCrystal_I2C.o
LiquidCrystal_I2C::scrollDisplayRight()           ./src/LiquidCrystal_I2C.o
LiquidCrystal_I2C::send(unsigned char, unsigned char) ./src/LiquidCrystal_I2C.o
LiquidCrystal_I2C::setBacklight(unsigned char)    ./src/LiquidCrystal_I2C.o
LiquidCrystal_I2C::setContrast(unsigned char)     ./src/LiquidCrystal_I2C.o
LiquidCrystal_I2C::setCursor(unsigned char, unsigned char) ./src/LiquidCrystal_I2C.o
                                                  ./src/LCD_LCP1343.o
LiquidCrystal_I2C::setDelay(int, int)             ./src/LiquidCrystal_I2C.o
LiquidCrystal_I2C::status()                       ./src/LiquidCrystal_I2C.o
LiquidCrystal_I2C::write(unsigned char)           ./src/LiquidCrystal_I2C.o
LiquidCrystal_I2C::write4bits(unsigned char)      ./src/LiquidCrystal_I2C.o
LiquidCrystal_I2C::writeNibble(unsigned char)     ./src/LiquidCrystal_I2C.o
MemManage_Handler                                 ./src/cr_startup_lpc13xx.o
NMI_Handler                                       ./src/cr_startup_lpc13xx.o
PIOINT0_IRQHandler                                ./src/cr_startup_lpc13xx.o
PIOINT1_IRQHandler                                ./src/cr_startup_lpc13xx.o
PIOINT2_IRQHandler                                ./src/cr_startup_lpc13xx.o
PIOINT3_IRQHandler                                ./src/cr_startup_lpc13xx.o
PendSV_Handler                                    ./src/cr_startup_lpc13xx.o
ResetISR                                          ./src/cr_startup_lpc13xx.o
SSP1_IRQHandler                                   ./src/cr_startup_lpc13xx.o
SSP_IRQHandler                                    ./src/cr_startup_lpc13xx.o
SVC_Handler                                       ./src/cr_startup_lpc13xx.o
StrTemp(float)                                    ./src/ds18b20.o
                                                  ./src/LCD_LCP1343.o
SysTick_Handler                                   ./src/cr_startup_lpc13xx.o
SystemCoreClock                                   C:\Users\bourc\Documents\uC Projects\LPC1343_incubator\CMSIS_CORE_LPC13xx\Debug\libCMSIS_CORE_LPC13xx.a(system_LPC13xx.o)
SystemCoreClockUpdate                             C:\Users\bourc\Documents\uC Projects\LPC1343_incubator\CMSIS_CORE_LPC13xx\Debug\libCMSIS_CORE_LPC13xx.a(system_LPC13xx.o)
SystemInit                                        C:\Users\bourc\Documents\uC Projects\LPC1343_incubator\CMSIS_CORE_LPC13xx\Debug\libCMSIS_CORE_LPC13xx.a(system_LPC13xx.o)
                                                  ./src/cr_startup_lpc13xx.o
TIMER16_0_IRQHandler                              ./src/cr_startup_lpc13xx.o
TIMER16_1_IRQHandler                              ./src/cr_startup_lpc13xx.o
TIMER32_0_IRQHandler                              ./src/cr_startup_lpc13xx.o
TIMER32_1_IRQHandler                              ./src/cr_startup_lpc13xx.o
UART_IRQHandler                                   ./src/cr_startup_lpc13xx.o
USB_FIQHandler                                    ./src/cr_startup_lpc13xx.o
USB_IRQHandler                                    ./src/cr_startup_lpc13xx.o
UsageFault_Handler                                ./src/cr_startup_lpc13xx.o
WAKEUP_IRQHandler                                 ./src/cr_startup_lpc13xx.o
WDT_IRQHandler                                    ./src/cr_startup_lpc13xx.o
WT                                                ./src/LCD_LCP1343.o
__adddf3                                          c:/nxp/mcuxpressoide_11.0.1_2563/ide/plugins/com.nxp.mcuxpresso.tools.win32_11.0.1.201907311258/tools/bin/../lib/gcc/arm-none-eabi/8.2.1/thumb/v7-m/nofp\libgcc.a(_arm_addsubdf3.o)
__addsf3                                          c:/nxp/mcuxpressoide_11.0.1_2563/ide/plugins/com.nxp.mcuxpresso.tools.win32_11.0.1.201907311258/tools/bin/../lib/gcc/arm-none-eabi/8.2.1/thumb/v7-m/nofp\libgcc.a(_arm_addsubsf3.o)
__aeabi_atexit                                    ./src/cr_cpp_config.o
__aeabi_cdcmpeq                                   c:/nxp/mcuxpressoide_11.0.1_2563/ide/plugins/com.nxp.mcuxpresso.tools.win32_11.0.1.201907311258/tools/bin/../lib/gcc/arm-none-eabi/8.2.1/thumb/v7-m/nofp\libgcc.a(_arm_cmpdf2.o)
__aeabi_cdcmple                                   c:/nxp/mcuxpressoide_11.0.1_2563/ide/plugins/com.nxp.mcuxpresso.tools.win32_11.0.1.201907311258/tools/bin/../lib/gcc/arm-none-eabi/8.2.1/thumb/v7-m/nofp\libgcc.a(_arm_cmpdf2.o)
__aeabi_cdrcmple                                  c:/nxp/mcuxpressoide_11.0.1_2563/ide/plugins/com.nxp.mcuxpresso.tools.win32_11.0.1.201907311258/tools/bin/../lib/gcc/arm-none-eabi/8.2.1/thumb/v7-m/nofp\libgcc.a(_arm_cmpdf2.o)
__aeabi_cfcmpeq                                   c:/nxp/mcuxpressoide_11.0.1_2563/ide/plugins/com.nxp.mcuxpresso.tools.win32_11.0.1.201907311258/tools/bin/../lib/gcc/arm-none-eabi/8.2.1/thumb/v7-m/nofp\libgcc.a(_arm_cmpsf2.o)
__aeabi_cfcmple                                   c:/nxp/mcuxpressoide_11.0.1_2563/ide/plugins/com.nxp.mcuxpresso.tools.win32_11.0.1.201907311258/tools/bin/../lib/gcc/arm-none-eabi/8.2.1/thumb/v7-m/nofp\libgcc.a(_arm_cmpsf2.o)
__aeabi_cfrcmple                                  c:/nxp/mcuxpressoide_11.0.1_2563/ide/plugins/com.nxp.mcuxpresso.tools.win32_11.0.1.201907311258/tools/bin/../lib/gcc/arm-none-eabi/8.2.1/thumb/v7-m/nofp\libgcc.a(_arm_cmpsf2.o)
__aeabi_d2f                                       c:/nxp/mcuxpressoide_11.0.1_2563/ide/plugins/com.nxp.mcuxpresso.tools.win32_11.0.1.201907311258/tools/bin/../lib/gcc/arm-none-eabi/8.2.1/thumb/v7-m/nofp\libgcc.a(_arm_truncdfsf2.o)
                                                  ./src/LCD_LCP1343.o
__aeabi_dadd                                      c:/nxp/mcuxpressoide_11.0.1_2563/ide/plugins/com.nxp.mcuxpresso.tools.win32_11.0.1.201907311258/tools/bin/../lib/gcc/arm-none-eabi/8.2.1/thumb/v7-m/nofp\libgcc.a(_arm_addsubdf3.o)
                                                  ./src/LCD_LCP1343.o
__aeabi_dcmpeq                                    c:/nxp/mcuxpressoide_11.0.1_2563/ide/plugins/com.nxp.mcuxpresso.tools.win32_11.0.1.201907311258/tools/bin/../lib/gcc/arm-none-eabi/8.2.1/thumb/v7-m/nofp\libgcc.a(_arm_cmpdf2.o)
__aeabi_dcmpge                                    c:/nxp/mcuxpressoide_11.0.1_2563/ide/plugins/com.nxp.mcuxpresso.tools.win32_11.0.1.201907311258/tools/bin/../lib/gcc/arm-none-eabi/8.2.1/thumb/v7-m/nofp\libgcc.a(_arm_cmpdf2.o)
__aeabi_dcmpgt                                    c:/nxp/mcuxpressoide_11.0.1_2563/ide/plugins/com.nxp.mcuxpresso.tools.win32_11.0.1.201907311258/tools/bin/../lib/gcc/arm-none-eabi/8.2.1/thumb/v7-m/nofp\libgcc.a(_arm_cmpdf2.o)
                                                  ./src/LCD_LCP1343.o
__aeabi_dcmple                                    c:/nxp/mcuxpressoide_11.0.1_2563/ide/plugins/com.nxp.mcuxpresso.tools.win32_11.0.1.201907311258/tools/bin/../lib/gcc/arm-none-eabi/8.2.1/thumb/v7-m/nofp\libgcc.a(_arm_cmpdf2.o)
__aeabi_dcmplt                                    c:/nxp/mcuxpressoide_11.0.1_2563/ide/plugins/com.nxp.mcuxpresso.tools.win32_11.0.1.201907311258/tools/bin/../lib/gcc/arm-none-eabi/8.2.1/thumb/v7-m/nofp\libgcc.a(_arm_cmpdf2.o)
                                                  ./src/LCD_LCP1343.o
__aeabi_ddiv                                      c:/nxp/mcuxpressoide_11.0.1_2563/ide/plugins/com.nxp.mcuxpresso.tools.win32_11.0.1.201907311258/tools/bin/../lib/gcc/arm-none-eabi/8.2.1/thumb/v7-m/nofp\libgcc.a(_arm_muldivdf3.o)
__aeabi_dmul                                      c:/nxp/mcuxpressoide_11.0.1_2563/ide/plugins/com.nxp.mcuxpresso.tools.win32_11.0.1.201907311258/tools/bin/../lib/gcc/arm-none-eabi/8.2.1/thumb/v7-m/nofp\libgcc.a(_arm_muldivdf3.o)
                                                  ./src/LCD_LCP1343.o
__aeabi_drsub                                     c:/nxp/mcuxpressoide_11.0.1_2563/ide/plugins/com.nxp.mcuxpresso.tools.win32_11.0.1.201907311258/tools/bin/../lib/gcc/arm-none-eabi/8.2.1/thumb/v7-m/nofp\libgcc.a(_arm_addsubdf3.o)
__aeabi_dsub                                      c:/nxp/mcuxpressoide_11.0.1_2563/ide/plugins/com.nxp.mcuxpresso.tools.win32_11.0.1.201907311258/tools/bin/../lib/gcc/arm-none-eabi/8.2.1/thumb/v7-m/nofp\libgcc.a(_arm_addsubdf3.o)
                                                  ./src/LCD_LCP1343.o
__aeabi_f2d                                       c:/nxp/mcuxpressoide_11.0.1_2563/ide/plugins/com.nxp.mcuxpresso.tools.win32_11.0.1.201907311258/tools/bin/../lib/gcc/arm-none-eabi/8.2.1/thumb/v7-m/nofp\libgcc.a(_arm_addsubdf3.o)
                                                  ./src/LCD_LCP1343.o
__aeabi_f2iz                                      c:/nxp/mcuxpressoide_11.0.1_2563/ide/plugins/com.nxp.mcuxpresso.tools.win32_11.0.1.201907311258/tools/bin/../lib/gcc/arm-none-eabi/8.2.1/thumb/v7-m/nofp\libgcc.a(_arm_fixsfsi.o)
                                                  ./src/ds18b20.o
__aeabi_fadd                                      c:/nxp/mcuxpressoide_11.0.1_2563/ide/plugins/com.nxp.mcuxpresso.tools.win32_11.0.1.201907311258/tools/bin/../lib/gcc/arm-none-eabi/8.2.1/thumb/v7-m/nofp\libgcc.a(_arm_addsubsf3.o)
                                                  ./src/LCD_LCP1343.o
__aeabi_fcmpeq                                    c:/nxp/mcuxpressoide_11.0.1_2563/ide/plugins/com.nxp.mcuxpresso.tools.win32_11.0.1.201907311258/tools/bin/../lib/gcc/arm-none-eabi/8.2.1/thumb/v7-m/nofp\libgcc.a(_arm_cmpsf2.o)
__aeabi_fcmpge                                    c:/nxp/mcuxpressoide_11.0.1_2563/ide/plugins/com.nxp.mcuxpresso.tools.win32_11.0.1.201907311258/tools/bin/../lib/gcc/arm-none-eabi/8.2.1/thumb/v7-m/nofp\libgcc.a(_arm_cmpsf2.o)
__aeabi_fcmpgt                                    c:/nxp/mcuxpressoide_11.0.1_2563/ide/plugins/com.nxp.mcuxpresso.tools.win32_11.0.1.201907311258/tools/bin/../lib/gcc/arm-none-eabi/8.2.1/thumb/v7-m/nofp\libgcc.a(_arm_cmpsf2.o)
                                                  ./src/ds18b20.o
                                                  ./src/LCD_LCP1343.o
__aeabi_fcmple                                    c:/nxp/mcuxpressoide_11.0.1_2563/ide/plugins/com.nxp.mcuxpresso.tools.win32_11.0.1.201907311258/tools/bin/../lib/gcc/arm-none-eabi/8.2.1/thumb/v7-m/nofp\libgcc.a(_arm_cmpsf2.o)
__aeabi_fcmplt                                    c:/nxp/mcuxpressoide_11.0.1_2563/ide/plugins/com.nxp.mcuxpresso.tools.win32_11.0.1.201907311258/tools/bin/../lib/gcc/arm-none-eabi/8.2.1/thumb/v7-m/nofp\libgcc.a(_arm_cmpsf2.o)
                                                  ./src/ds18b20.o
                                                  ./src/LCD_LCP1343.o
__aeabi_fdiv                                      c:/nxp/mcuxpressoide_11.0.1_2563/ide/plugins/com.nxp.mcuxpresso.tools.win32_11.0.1.201907311258/tools/bin/../lib/gcc/arm-none-eabi/8.2.1/thumb/v7-m/nofp\libgcc.a(_arm_muldivsf3.o)
                                                  ./src/ds18b20.o
__aeabi_fmul                                      c:/nxp/mcuxpressoide_11.0.1_2563/ide/plugins/com.nxp.mcuxpresso.tools.win32_11.0.1.201907311258/tools/bin/../lib/gcc/arm-none-eabi/8.2.1/thumb/v7-m/nofp\libgcc.a(_arm_muldivsf3.o)
                                                  ./src/ds18b20.o
                                                  ./src/LCD_LCP1343.o
__aeabi_frsub                                     c:/nxp/mcuxpressoide_11.0.1_2563/ide/plugins/com.nxp.mcuxpresso.tools.win32_11.0.1.201907311258/tools/bin/../lib/gcc/arm-none-eabi/8.2.1/thumb/v7-m/nofp\libgcc.a(_arm_addsubsf3.o)
__aeabi_fsub                                      c:/nxp/mcuxpressoide_11.0.1_2563/ide/plugins/com.nxp.mcuxpresso.tools.win32_11.0.1.201907311258/tools/bin/../lib/gcc/arm-none-eabi/8.2.1/thumb/v7-m/nofp\libgcc.a(_arm_addsubsf3.o)
                                                  ./src/LCD_LCP1343.o
__aeabi_i2d                                       c:/nxp/mcuxpressoide_11.0.1_2563/ide/plugins/com.nxp.mcuxpresso.tools.win32_11.0.1.201907311258/tools/bin/../lib/gcc/arm-none-eabi/8.2.1/thumb/v7-m/nofp\libgcc.a(_arm_addsubdf3.o)
__aeabi_i2f                                       c:/nxp/mcuxpressoide_11.0.1_2563/ide/plugins/com.nxp.mcuxpresso.tools.win32_11.0.1.201907311258/tools/bin/../lib/gcc/arm-none-eabi/8.2.1/thumb/v7-m/nofp\libgcc.a(_arm_addsubsf3.o)
                                                  ./src/ds18b20.o
__aeabi_l2d                                       c:/nxp/mcuxpressoide_11.0.1_2563/ide/plugins/com.nxp.mcuxpresso.tools.win32_11.0.1.201907311258/tools/bin/../lib/gcc/arm-none-eabi/8.2.1/thumb/v7-m/nofp\libgcc.a(_arm_addsubdf3.o)
__aeabi_l2f                                       c:/nxp/mcuxpressoide_11.0.1_2563/ide/plugins/com.nxp.mcuxpresso.tools.win32_11.0.1.201907311258/tools/bin/../lib/gcc/arm-none-eabi/8.2.1/thumb/v7-m/nofp\libgcc.a(_arm_addsubsf3.o)
__aeabi_ui2d                                      c:/nxp/mcuxpressoide_11.0.1_2563/ide/plugins/com.nxp.mcuxpresso.tools.win32_11.0.1.201907311258/tools/bin/../lib/gcc/arm-none-eabi/8.2.1/thumb/v7-m/nofp\libgcc.a(_arm_addsubdf3.o)
__aeabi_ui2f                                      c:/nxp/mcuxpressoide_11.0.1_2563/ide/plugins/com.nxp.mcuxpresso.tools.win32_11.0.1.201907311258/tools/bin/../lib/gcc/arm-none-eabi/8.2.1/thumb/v7-m/nofp\libgcc.a(_arm_addsubsf3.o)
__aeabi_ul2d                                      c:/nxp/mcuxpressoide_11.0.1_2563/ide/plugins/com.nxp.mcuxpresso.tools.win32_11.0.1.201907311258/tools/bin/../lib/gcc/arm-none-eabi/8.2.1/thumb/v7-m/nofp\libgcc.a(_arm_addsubdf3.o)
__aeabi_ul2f                                      c:/nxp/mcuxpressoide_11.0.1_2563/ide/plugins/com.nxp.mcuxpresso.tools.win32_11.0.1.201907311258/tools/bin/../lib/gcc/arm-none-eabi/8.2.1/thumb/v7-m/nofp\libgcc.a(_arm_addsubsf3.o)
__bss_section_table_end                           ./src/cr_startup_lpc13xx.o
__check_heap_overflow                             c:/nxp/mcuxpressoide_11.0.1_2563/ide/plugins/com.nxp.mcuxpresso.tools.win32_11.0.1.201907311258/tools/bin/../lib/gcc/arm-none-eabi/8.2.1/../../../../arm-none-eabi/lib/thumb/v7-m/nofp\libcr_newlib_nohost.a(_cr_check_heap.o)
                                                  c:/nxp/mcuxpressoide_11.0.1_2563/ide/plugins/com.nxp.mcuxpresso.tools.win32_11.0.1.201907311258/tools/bin/../lib/gcc/arm-none-eabi/8.2.1/../../../../arm-none-eabi/lib/thumb/v7-m/nofp\libcr_newlib_nohost.a(_cr_sbrk.o)
__cmpdf2                                          c:/nxp/mcuxpressoide_11.0.1_2563/ide/plugins/com.nxp.mcuxpresso.tools.win32_11.0.1.201907311258/tools/bin/../lib/gcc/arm-none-eabi/8.2.1/thumb/v7-m/nofp\libgcc.a(_arm_cmpdf2.o)
__cmpsf2                                          c:/nxp/mcuxpressoide_11.0.1_2563/ide/plugins/com.nxp.mcuxpresso.tools.win32_11.0.1.201907311258/tools/bin/../lib/gcc/arm-none-eabi/8.2.1/thumb/v7-m/nofp\libgcc.a(_arm_cmpsf2.o)
__data_section_table                              ./src/cr_startup_lpc13xx.o
__data_section_table_end                          ./src/cr_startup_lpc13xx.o
__deregister_frame_info                           c:/nxp/mcuxpressoide_11.0.1_2563/ide/plugins/com.nxp.mcuxpresso.tools.win32_11.0.1.201907311258/tools/bin/../lib/gcc/arm-none-eabi/8.2.1/thumb/v7-m/nofp\crtbegin.o
__divdf3                                          c:/nxp/mcuxpressoide_11.0.1_2563/ide/plugins/com.nxp.mcuxpresso.tools.win32_11.0.1.201907311258/tools/bin/../lib/gcc/arm-none-eabi/8.2.1/thumb/v7-m/nofp\libgcc.a(_arm_muldivdf3.o)
__divsf3                                          c:/nxp/mcuxpressoide_11.0.1_2563/ide/plugins/com.nxp.mcuxpresso.tools.win32_11.0.1.201907311258/tools/bin/../lib/gcc/arm-none-eabi/8.2.1/thumb/v7-m/nofp\libgcc.a(_arm_muldivsf3.o)
__dso_handle                                      c:/nxp/mcuxpressoide_11.0.1_2563/ide/plugins/com.nxp.mcuxpresso.tools.win32_11.0.1.201907311258/tools/bin/../lib/gcc/arm-none-eabi/8.2.1/thumb/v7-m/nofp\crtbegin.o
__end_of_heap                                     c:/nxp/mcuxpressoide_11.0.1_2563/ide/plugins/com.nxp.mcuxpresso.tools.win32_11.0.1.201907311258/tools/bin/../lib/gcc/arm-none-eabi/8.2.1/../../../../arm-none-eabi/lib/thumb/v7-m/nofp\libcr_newlib_nohost.a(_cr_sbrk.o)
__eqdf2                                           c:/nxp/mcuxpressoide_11.0.1_2563/ide/plugins/com.nxp.mcuxpresso.tools.win32_11.0.1.201907311258/tools/bin/../lib/gcc/arm-none-eabi/8.2.1/thumb/v7-m/nofp\libgcc.a(_arm_cmpdf2.o)
__eqsf2                                           c:/nxp/mcuxpressoide_11.0.1_2563/ide/plugins/com.nxp.mcuxpresso.tools.win32_11.0.1.201907311258/tools/bin/../lib/gcc/arm-none-eabi/8.2.1/thumb/v7-m/nofp\libgcc.a(_arm_cmpsf2.o)
__errno                                           c:/nxp/mcuxpressoide_11.0.1_2563/ide/plugins/com.nxp.mcuxpresso.tools.win32_11.0.1.201907311258/tools/bin/../lib/gcc/arm-none-eabi/8.2.1/../../../../arm-none-eabi/lib/thumb/v7-m/nofp\libc.a(lib_a-errno.o)
                                                  c:/nxp/mcuxpressoide_11.0.1_2563/ide/plugins/com.nxp.mcuxpresso.tools.win32_11.0.1.201907311258/tools/bin/../lib/gcc/arm-none-eabi/8.2.1/../../../../arm-none-eabi/lib/thumb/v7-m/nofp\libcr_newlib_nohost.a(_cr_sbrk.o)
__extendsfdf2                                     c:/nxp/mcuxpressoide_11.0.1_2563/ide/plugins/com.nxp.mcuxpresso.tools.win32_11.0.1.201907311258/tools/bin/../lib/gcc/arm-none-eabi/8.2.1/thumb/v7-m/nofp\libgcc.a(_arm_addsubdf3.o)
__fixsfsi                                         c:/nxp/mcuxpressoide_11.0.1_2563/ide/plugins/com.nxp.mcuxpresso.tools.win32_11.0.1.201907311258/tools/bin/../lib/gcc/arm-none-eabi/8.2.1/thumb/v7-m/nofp\libgcc.a(_arm_fixsfsi.o)
__floatdidf                                       c:/nxp/mcuxpressoide_11.0.1_2563/ide/plugins/com.nxp.mcuxpresso.tools.win32_11.0.1.201907311258/tools/bin/../lib/gcc/arm-none-eabi/8.2.1/thumb/v7-m/nofp\libgcc.a(_arm_addsubdf3.o)
__floatdisf                                       c:/nxp/mcuxpressoide_11.0.1_2563/ide/plugins/com.nxp.mcuxpresso.tools.win32_11.0.1.201907311258/tools/bin/../lib/gcc/arm-none-eabi/8.2.1/thumb/v7-m/nofp\libgcc.a(_arm_addsubsf3.o)
__floatsidf                                       c:/nxp/mcuxpressoide_11.0.1_2563/ide/plugins/com.nxp.mcuxpresso.tools.win32_11.0.1.201907311258/tools/bin/../lib/gcc/arm-none-eabi/8.2.1/thumb/v7-m/nofp\libgcc.a(_arm_addsubdf3.o)
__floatsisf                                       c:/nxp/mcuxpressoide_11.0.1_2563/ide/plugins/com.nxp.mcuxpresso.tools.win32_11.0.1.201907311258/tools/bin/../lib/gcc/arm-none-eabi/8.2.1/thumb/v7-m/nofp\libgcc.a(_arm_addsubsf3.o)
__floatundidf                                     c:/nxp/mcuxpressoide_11.0.1_2563/ide/plugins/com.nxp.mcuxpresso.tools.win32_11.0.1.201907311258/tools/bin/../lib/gcc/arm-none-eabi/8.2.1/thumb/v7-m/nofp\libgcc.a(_arm_addsubdf3.o)
__floatundisf                                     c:/nxp/mcuxpressoide_11.0.1_2563/ide/plugins/com.nxp.mcuxpresso.tools.win32_11.0.1.201907311258/tools/bin/../lib/gcc/arm-none-eabi/8.2.1/thumb/v7-m/nofp\libgcc.a(_arm_addsubsf3.o)
__floatunsidf                                     c:/nxp/mcuxpressoide_11.0.1_2563/ide/plugins/com.nxp.mcuxpresso.tools.win32_11.0.1.201907311258/tools/bin/../lib/gcc/arm-none-eabi/8.2.1/thumb/v7-m/nofp\libgcc.a(_arm_addsubdf3.o)
__floatunsisf                                     c:/nxp/mcuxpressoide_11.0.1_2563/ide/plugins/com.nxp.mcuxpresso.tools.win32_11.0.1.201907311258/tools/bin/../lib/gcc/arm-none-eabi/8.2.1/thumb/v7-m/nofp\libgcc.a(_arm_addsubsf3.o)
__gedf2                                           c:/nxp/mcuxpressoide_11.0.1_2563/ide/plugins/com.nxp.mcuxpresso.tools.win32_11.0.1.201907311258/tools/bin/../lib/gcc/arm-none-eabi/8.2.1/thumb/v7-m/nofp\libgcc.a(_arm_cmpdf2.o)
__gesf2                                           c:/nxp/mcuxpressoide_11.0.1_2563/ide/plugins/com.nxp.mcuxpresso.tools.win32_11.0.1.201907311258/tools/bin/../lib/gcc/arm-none-eabi/8.2.1/thumb/v7-m/nofp\libgcc.a(_arm_cmpsf2.o)
__gnu_cxx::__verbose_terminate_handler()          ./src/cr_cpp_config.o
__gtdf2                                           c:/nxp/mcuxpressoide_11.0.1_2563/ide/plugins/com.nxp.mcuxpresso.tools.win32_11.0.1.201907311258/tools/bin/../lib/gcc/arm-none-eabi/8.2.1/thumb/v7-m/nofp\libgcc.a(_arm_cmpdf2.o)
__gtsf2                                           c:/nxp/mcuxpressoide_11.0.1_2563/ide/plugins/com.nxp.mcuxpresso.tools.win32_11.0.1.201907311258/tools/bin/../lib/gcc/arm-none-eabi/8.2.1/thumb/v7-m/nofp\libgcc.a(_arm_cmpsf2.o)
__init_array_end                                  c:/nxp/mcuxpressoide_11.0.1_2563/ide/plugins/com.nxp.mcuxpresso.tools.win32_11.0.1.201907311258/tools/bin/../lib/gcc/arm-none-eabi/8.2.1/../../../../arm-none-eabi/lib/thumb/v7-m/nofp\libc.a(lib_a-init.o)
__init_array_start                                c:/nxp/mcuxpressoide_11.0.1_2563/ide/plugins/com.nxp.mcuxpresso.tools.win32_11.0.1.201907311258/tools/bin/../lib/gcc/arm-none-eabi/8.2.1/../../../../arm-none-eabi/lib/thumb/v7-m/nofp\libc.a(lib_a-init.o)
__ledf2                                           c:/nxp/mcuxpressoide_11.0.1_2563/ide/plugins/com.nxp.mcuxpresso.tools.win32_11.0.1.201907311258/tools/bin/../lib/gcc/arm-none-eabi/8.2.1/thumb/v7-m/nofp\libgcc.a(_arm_cmpdf2.o)
__lesf2                                           c:/nxp/mcuxpressoide_11.0.1_2563/ide/plugins/com.nxp.mcuxpresso.tools.win32_11.0.1.201907311258/tools/bin/../lib/gcc/arm-none-eabi/8.2.1/thumb/v7-m/nofp\libgcc.a(_arm_cmpsf2.o)
__libc_init_array                                 c:/nxp/mcuxpressoide_11.0.1_2563/ide/plugins/com.nxp.mcuxpresso.tools.win32_11.0.1.201907311258/tools/bin/../lib/gcc/arm-none-eabi/8.2.1/../../../../arm-none-eabi/lib/thumb/v7-m/nofp\libc.a(lib_a-init.o)
                                                  ./src/cr_startup_lpc13xx.o
__lock___arc4random_mutex                         c:/nxp/mcuxpressoide_11.0.1_2563/ide/plugins/com.nxp.mcuxpresso.tools.win32_11.0.1.201907311258/tools/bin/../lib/gcc/arm-none-eabi/8.2.1/../../../../arm-none-eabi/lib/thumb/v7-m/nofp\libc.a(lib_a-lock.o)
__lock___at_quick_exit_mutex                      c:/nxp/mcuxpressoide_11.0.1_2563/ide/plugins/com.nxp.mcuxpresso.tools.win32_11.0.1.201907311258/tools/bin/../lib/gcc/arm-none-eabi/8.2.1/../../../../arm-none-eabi/lib/thumb/v7-m/nofp\libc.a(lib_a-lock.o)
__lock___atexit_recursive_mutex                   c:/nxp/mcuxpressoide_11.0.1_2563/ide/plugins/com.nxp.mcuxpresso.tools.win32_11.0.1.201907311258/tools/bin/../lib/gcc/arm-none-eabi/8.2.1/../../../../arm-none-eabi/lib/thumb/v7-m/nofp\libc.a(lib_a-lock.o)
__lock___dd_hash_mutex                            c:/nxp/mcuxpressoide_11.0.1_2563/ide/plugins/com.nxp.mcuxpresso.tools.win32_11.0.1.201907311258/tools/bin/../lib/gcc/arm-none-eabi/8.2.1/../../../../arm-none-eabi/lib/thumb/v7-m/nofp\libc.a(lib_a-lock.o)
__lock___env_recursive_mutex                      c:/nxp/mcuxpressoide_11.0.1_2563/ide/plugins/com.nxp.mcuxpresso.tools.win32_11.0.1.201907311258/tools/bin/../lib/gcc/arm-none-eabi/8.2.1/../../../../arm-none-eabi/lib/thumb/v7-m/nofp\libc.a(lib_a-lock.o)
__lock___malloc_recursive_mutex                   c:/nxp/mcuxpressoide_11.0.1_2563/ide/plugins/com.nxp.mcuxpresso.tools.win32_11.0.1.201907311258/tools/bin/../lib/gcc/arm-none-eabi/8.2.1/../../../../arm-none-eabi/lib/thumb/v7-m/nofp\libc.a(lib_a-lock.o)
                                                  c:/nxp/mcuxpressoide_11.0.1_2563/ide/plugins/com.nxp.mcuxpresso.tools.win32_11.0.1.201907311258/tools/bin/../lib/gcc/arm-none-eabi/8.2.1/../../../../arm-none-eabi/lib/thumb/v7-m/nofp\libc.a(lib_a-mlock.o)
__lock___sfp_recursive_mutex                      c:/nxp/mcuxpressoide_11.0.1_2563/ide/plugins/com.nxp.mcuxpresso.tools.win32_11.0.1.201907311258/tools/bin/../lib/gcc/arm-none-eabi/8.2.1/../../../../arm-none-eabi/lib/thumb/v7-m/nofp\libc.a(lib_a-lock.o)
__lock___sinit_recursive_mutex                    c:/nxp/mcuxpressoide_11.0.1_2563/ide/plugins/com.nxp.mcuxpresso.tools.win32_11.0.1.201907311258/tools/bin/../lib/gcc/arm-none-eabi/8.2.1/../../../../arm-none-eabi/lib/thumb/v7-m/nofp\libc.a(lib_a-lock.o)
__lock___tz_mutex                                 c:/nxp/mcuxpressoide_11.0.1_2563/ide/plugins/com.nxp.mcuxpresso.tools.win32_11.0.1.201907311258/tools/bin/../lib/gcc/arm-none-eabi/8.2.1/../../../../arm-none-eabi/lib/thumb/v7-m/nofp\libc.a(lib_a-lock.o)
__ltdf2                                           c:/nxp/mcuxpressoide_11.0.1_2563/ide/plugins/com.nxp.mcuxpresso.tools.win32_11.0.1.201907311258/tools/bin/../lib/gcc/arm-none-eabi/8.2.1/thumb/v7-m/nofp\libgcc.a(_arm_cmpdf2.o)
__ltsf2                                           c:/nxp/mcuxpressoide_11.0.1_2563/ide/plugins/com.nxp.mcuxpresso.tools.win32_11.0.1.201907311258/tools/bin/../lib/gcc/arm-none-eabi/8.2.1/thumb/v7-m/nofp\libgcc.a(_arm_cmpsf2.o)
__malloc_av_                                      c:/nxp/mcuxpressoide_11.0.1_2563/ide/plugins/com.nxp.mcuxpresso.tools.win32_11.0.1.201907311258/tools/bin/../lib/gcc/arm-none-eabi/8.2.1/../../../../arm-none-eabi/lib/thumb/v7-m/nofp\libc.a(lib_a-mallocr.o)
                                                  c:/nxp/mcuxpressoide_11.0.1_2563/ide/plugins/com.nxp.mcuxpresso.tools.win32_11.0.1.201907311258/tools/bin/../lib/gcc/arm-none-eabi/8.2.1/../../../../arm-none-eabi/lib/thumb/v7-m/nofp\libc.a(lib_a-freer.o)
__malloc_current_mallinfo                         c:/nxp/mcuxpressoide_11.0.1_2563/ide/plugins/com.nxp.mcuxpresso.tools.win32_11.0.1.201907311258/tools/bin/../lib/gcc/arm-none-eabi/8.2.1/../../../../arm-none-eabi/lib/thumb/v7-m/nofp\libc.a(lib_a-mallocr.o)
                                                  c:/nxp/mcuxpressoide_11.0.1_2563/ide/plugins/com.nxp.mcuxpresso.tools.win32_11.0.1.201907311258/tools/bin/../lib/gcc/arm-none-eabi/8.2.1/../../../../arm-none-eabi/lib/thumb/v7-m/nofp\libc.a(lib_a-freer.o)
__malloc_lock                                     c:/nxp/mcuxpressoide_11.0.1_2563/ide/plugins/com.nxp.mcuxpresso.tools.win32_11.0.1.201907311258/tools/bin/../lib/gcc/arm-none-eabi/8.2.1/../../../../arm-none-eabi/lib/thumb/v7-m/nofp\libc.a(lib_a-mlock.o)
                                                  c:/nxp/mcuxpressoide_11.0.1_2563/ide/plugins/com.nxp.mcuxpresso.tools.win32_11.0.1.201907311258/tools/bin/../lib/gcc/arm-none-eabi/8.2.1/../../../../arm-none-eabi/lib/thumb/v7-m/nofp\libc.a(lib_a-freer.o)
                                                  c:/nxp/mcuxpressoide_11.0.1_2563/ide/plugins/com.nxp.mcuxpresso.tools.win32_11.0.1.201907311258/tools/bin/../lib/gcc/arm-none-eabi/8.2.1/../../../../arm-none-eabi/lib/thumb/v7-m/nofp\libc.a(lib_a-mallocr.o)
__malloc_max_sbrked_mem                           c:/nxp/mcuxpressoide_11.0.1_2563/ide/plugins/com.nxp.mcuxpresso.tools.win32_11.0.1.201907311258/tools/bin/../lib/gcc/arm-none-eabi/8.2.1/../../../../arm-none-eabi/lib/thumb/v7-m/nofp\libc.a(lib_a-mallocr.o)
__malloc_max_total_mem                            c:/nxp/mcuxpressoide_11.0.1_2563/ide/plugins/com.nxp.mcuxpresso.tools.win32_11.0.1.201907311258/tools/bin/../lib/gcc/arm-none-eabi/8.2.1/../../../../arm-none-eabi/lib/thumb/v7-m/nofp\libc.a(lib_a-mallocr.o)
__malloc_sbrk_base                                c:/nxp/mcuxpressoide_11.0.1_2563/ide/plugins/com.nxp.mcuxpresso.tools.win32_11.0.1.201907311258/tools/bin/../lib/gcc/arm-none-eabi/8.2.1/../../../../arm-none-eabi/lib/thumb/v7-m/nofp\libc.a(lib_a-mallocr.o)
                                                  c:/nxp/mcuxpressoide_11.0.1_2563/ide/plugins/com.nxp.mcuxpresso.tools.win32_11.0.1.201907311258/tools/bin/../lib/gcc/arm-none-eabi/8.2.1/../../../../arm-none-eabi/lib/thumb/v7-m/nofp\libc.a(lib_a-freer.o)
__malloc_top_pad                                  c:/nxp/mcuxpressoide_11.0.1_2563/ide/plugins/com.nxp.mcuxpresso.tools.win32_11.0.1.201907311258/tools/bin/../lib/gcc/arm-none-eabi/8.2.1/../../../../arm-none-eabi/lib/thumb/v7-m/nofp\libc.a(lib_a-mallocr.o)
                                                  c:/nxp/mcuxpressoide_11.0.1_2563/ide/plugins/com.nxp.mcuxpresso.tools.win32_11.0.1.201907311258/tools/bin/../lib/gcc/arm-none-eabi/8.2.1/../../../../arm-none-eabi/lib/thumb/v7-m/nofp\libc.a(lib_a-freer.o)
__malloc_trim_threshold                           c:/nxp/mcuxpressoide_11.0.1_2563/ide/plugins/com.nxp.mcuxpresso.tools.win32_11.0.1.201907311258/tools/bin/../lib/gcc/arm-none-eabi/8.2.1/../../../../arm-none-eabi/lib/thumb/v7-m/nofp\libc.a(lib_a-mallocr.o)
                                                  c:/nxp/mcuxpressoide_11.0.1_2563/ide/plugins/com.nxp.mcuxpresso.tools.win32_11.0.1.201907311258/tools/bin/../lib/gcc/arm-none-eabi/8.2.1/../../../../arm-none-eabi/lib/thumb/v7-m/nofp\libc.a(lib_a-freer.o)
__malloc_unlock                                   c:/nxp/mcuxpressoide_11.0.1_2563/ide/plugins/com.nxp.mcuxpresso.tools.win32_11.0.1.201907311258/tools/bin/../lib/gcc/arm-none-eabi/8.2.1/../../../../arm-none-eabi/lib/thumb/v7-m/nofp\libc.a(lib_a-mlock.o)
                                                  c:/nxp/mcuxpressoide_11.0.1_2563/ide/plugins/com.nxp.mcuxpresso.tools.win32_11.0.1.201907311258/tools/bin/../lib/gcc/arm-none-eabi/8.2.1/../../../../arm-none-eabi/lib/thumb/v7-m/nofp\libc.a(lib_a-freer.o)
                                                  c:/nxp/mcuxpressoide_11.0.1_2563/ide/plugins/com.nxp.mcuxpresso.tools.win32_11.0.1.201907311258/tools/bin/../lib/gcc/arm-none-eabi/8.2.1/../../../../arm-none-eabi/lib/thumb/v7-m/nofp\libc.a(lib_a-mallocr.o)
__muldf3                                          c:/nxp/mcuxpressoide_11.0.1_2563/ide/plugins/com.nxp.mcuxpresso.tools.win32_11.0.1.201907311258/tools/bin/../lib/gcc/arm-none-eabi/8.2.1/thumb/v7-m/nofp\libgcc.a(_arm_muldivdf3.o)
__mulsf3                                          c:/nxp/mcuxpressoide_11.0.1_2563/ide/plugins/com.nxp.mcuxpresso.tools.win32_11.0.1.201907311258/tools/bin/../lib/gcc/arm-none-eabi/8.2.1/thumb/v7-m/nofp\libgcc.a(_arm_muldivsf3.o)
__nedf2                                           c:/nxp/mcuxpressoide_11.0.1_2563/ide/plugins/com.nxp.mcuxpresso.tools.win32_11.0.1.201907311258/tools/bin/../lib/gcc/arm-none-eabi/8.2.1/thumb/v7-m/nofp\libgcc.a(_arm_cmpdf2.o)
__nesf2                                           c:/nxp/mcuxpressoide_11.0.1_2563/ide/plugins/com.nxp.mcuxpresso.tools.win32_11.0.1.201907311258/tools/bin/../lib/gcc/arm-none-eabi/8.2.1/thumb/v7-m/nofp\libgcc.a(_arm_cmpsf2.o)
__preinit_array_end                               c:/nxp/mcuxpressoide_11.0.1_2563/ide/plugins/com.nxp.mcuxpresso.tools.win32_11.0.1.201907311258/tools/bin/../lib/gcc/arm-none-eabi/8.2.1/../../../../arm-none-eabi/lib/thumb/v7-m/nofp\libc.a(lib_a-init.o)
__preinit_array_start                             c:/nxp/mcuxpressoide_11.0.1_2563/ide/plugins/com.nxp.mcuxpresso.tools.win32_11.0.1.201907311258/tools/bin/../lib/gcc/arm-none-eabi/8.2.1/../../../../arm-none-eabi/lib/thumb/v7-m/nofp\libc.a(lib_a-init.o)
__register_frame_info                             c:/nxp/mcuxpressoide_11.0.1_2563/ide/plugins/com.nxp.mcuxpresso.tools.win32_11.0.1.201907311258/tools/bin/../lib/gcc/arm-none-eabi/8.2.1/thumb/v7-m/nofp\crtbegin.o
__retarget_lock_acquire                           c:/nxp/mcuxpressoide_11.0.1_2563/ide/plugins/com.nxp.mcuxpresso.tools.win32_11.0.1.201907311258/tools/bin/../lib/gcc/arm-none-eabi/8.2.1/../../../../arm-none-eabi/lib/thumb/v7-m/nofp\libc.a(lib_a-lock.o)
__retarget_lock_acquire_recursive                 c:/nxp/mcuxpressoide_11.0.1_2563/ide/plugins/com.nxp.mcuxpresso.tools.win32_11.0.1.201907311258/tools/bin/../lib/gcc/arm-none-eabi/8.2.1/../../../../arm-none-eabi/lib/thumb/v7-m/nofp\libc.a(lib_a-lock.o)
                                                  c:/nxp/mcuxpressoide_11.0.1_2563/ide/plugins/com.nxp.mcuxpresso.tools.win32_11.0.1.201907311258/tools/bin/../lib/gcc/arm-none-eabi/8.2.1/../../../../arm-none-eabi/lib/thumb/v7-m/nofp\libc.a(lib_a-mlock.o)
__retarget_lock_close                             c:/nxp/mcuxpressoide_11.0.1_2563/ide/plugins/com.nxp.mcuxpresso.tools.win32_11.0.1.201907311258/tools/bin/../lib/gcc/arm-none-eabi/8.2.1/../../../../arm-none-eabi/lib/thumb/v7-m/nofp\libc.a(lib_a-lock.o)
__retarget_lock_close_recursive                   c:/nxp/mcuxpressoide_11.0.1_2563/ide/plugins/com.nxp.mcuxpresso.tools.win32_11.0.1.201907311258/tools/bin/../lib/gcc/arm-none-eabi/8.2.1/../../../../arm-none-eabi/lib/thumb/v7-m/nofp\libc.a(lib_a-lock.o)
__retarget_lock_init                              c:/nxp/mcuxpressoide_11.0.1_2563/ide/plugins/com.nxp.mcuxpresso.tools.win32_11.0.1.201907311258/tools/bin/../lib/gcc/arm-none-eabi/8.2.1/../../../../arm-none-eabi/lib/thumb/v7-m/nofp\libc.a(lib_a-lock.o)
__retarget_lock_init_recursive                    c:/nxp/mcuxpressoide_11.0.1_2563/ide/plugins/com.nxp.mcuxpresso.tools.win32_11.0.1.201907311258/tools/bin/../lib/gcc/arm-none-eabi/8.2.1/../../../../arm-none-eabi/lib/thumb/v7-m/nofp\libc.a(lib_a-lock.o)
__retarget_lock_release                           c:/nxp/mcuxpressoide_11.0.1_2563/ide/plugins/com.nxp.mcuxpresso.tools.win32_11.0.1.201907311258/tools/bin/../lib/gcc/arm-none-eabi/8.2.1/../../../../arm-none-eabi/lib/thumb/v7-m/nofp\libc.a(lib_a-lock.o)
__retarget_lock_release_recursive                 c:/nxp/mcuxpressoide_11.0.1_2563/ide/plugins/com.nxp.mcuxpresso.tools.win32_11.0.1.201907311258/tools/bin/../lib/gcc/arm-none-eabi/8.2.1/../../../../arm-none-eabi/lib/thumb/v7-m/nofp\libc.a(lib_a-lock.o)
                                                  c:/nxp/mcuxpressoide_11.0.1_2563/ide/plugins/com.nxp.mcuxpresso.tools.win32_11.0.1.201907311258/tools/bin/../lib/gcc/arm-none-eabi/8.2.1/../../../../arm-none-eabi/lib/thumb/v7-m/nofp\libc.a(lib_a-mlock.o)
__retarget_lock_try_acquire                       c:/nxp/mcuxpressoide_11.0.1_2563/ide/plugins/com.nxp.mcuxpresso.tools.win32_11.0.1.201907311258/tools/bin/../lib/gcc/arm-none-eabi/8.2.1/../../../../arm-none-eabi/lib/thumb/v7-m/nofp\libc.a(lib_a-lock.o)
__retarget_lock_try_acquire_recursive             c:/nxp/mcuxpressoide_11.0.1_2563/ide/plugins/com.nxp.mcuxpresso.tools.win32_11.0.1.201907311258/tools/bin/../lib/gcc/arm-none-eabi/8.2.1/../../../../arm-none-eabi/lib/thumb/v7-m/nofp\libc.a(lib_a-lock.o)
__subdf3                                          c:/nxp/mcuxpressoide_11.0.1_2563/ide/plugins/com.nxp.mcuxpresso.tools.win32_11.0.1.201907311258/tools/bin/../lib/gcc/arm-none-eabi/8.2.1/thumb/v7-m/nofp\libgcc.a(_arm_addsubdf3.o)
__subsf3                                          c:/nxp/mcuxpressoide_11.0.1_2563/ide/plugins/com.nxp.mcuxpresso.tools.win32_11.0.1.201907311258/tools/bin/../lib/gcc/arm-none-eabi/8.2.1/thumb/v7-m/nofp\libgcc.a(_arm_addsubsf3.o)
__truncdfsf2                                      c:/nxp/mcuxpressoide_11.0.1_2563/ide/plugins/com.nxp.mcuxpresso.tools.win32_11.0.1.201907311258/tools/bin/../lib/gcc/arm-none-eabi/8.2.1/thumb/v7-m/nofp\libgcc.a(_arm_truncdfsf2.o)
__valid_user_code_checksum                        ./src/cr_startup_lpc13xx.o
_fini                                             c:/nxp/mcuxpressoide_11.0.1_2563/ide/plugins/com.nxp.mcuxpresso.tools.win32_11.0.1.201907311258/tools/bin/../lib/gcc/arm-none-eabi/8.2.1/thumb/v7-m/nofp\crti.o
_free_r                                           c:/nxp/mcuxpressoide_11.0.1_2563/ide/plugins/com.nxp.mcuxpresso.tools.win32_11.0.1.201907311258/tools/bin/../lib/gcc/arm-none-eabi/8.2.1/../../../../arm-none-eabi/lib/thumb/v7-m/nofp\libc.a(lib_a-freer.o)
                                                  c:/nxp/mcuxpressoide_11.0.1_2563/ide/plugins/com.nxp.mcuxpresso.tools.win32_11.0.1.201907311258/tools/bin/../lib/gcc/arm-none-eabi/8.2.1/../../../../arm-none-eabi/lib/thumb/v7-m/nofp\libc.a(lib_a-reent.o)
                                                  c:/nxp/mcuxpressoide_11.0.1_2563/ide/plugins/com.nxp.mcuxpresso.tools.win32_11.0.1.201907311258/tools/bin/../lib/gcc/arm-none-eabi/8.2.1/../../../../arm-none-eabi/lib/thumb/v7-m/nofp\libc.a(lib_a-mallocr.o)
                                                  c:/nxp/mcuxpressoide_11.0.1_2563/ide/plugins/com.nxp.mcuxpresso.tools.win32_11.0.1.201907311258/tools/bin/../lib/gcc/arm-none-eabi/8.2.1/../../../../arm-none-eabi/lib/thumb/v7-m/nofp\libc.a(lib_a-malloc.o)
_global_impure_ptr                                c:/nxp/mcuxpressoide_11.0.1_2563/ide/plugins/com.nxp.mcuxpresso.tools.win32_11.0.1.201907311258/tools/bin/../lib/gcc/arm-none-eabi/8.2.1/../../../../arm-none-eabi/lib/thumb/v7-m/nofp\libc.a(lib_a-impure.o)
_impure_ptr                                       c:/nxp/mcuxpressoide_11.0.1_2563/ide/plugins/com.nxp.mcuxpresso.tools.win32_11.0.1.201907311258/tools/bin/../lib/gcc/arm-none-eabi/8.2.1/../../../../arm-none-eabi/lib/thumb/v7-m/nofp\libc.a(lib_a-impure.o)
                                                  c:/nxp/mcuxpressoide_11.0.1_2563/ide/plugins/com.nxp.mcuxpresso.tools.win32_11.0.1.201907311258/tools/bin/../lib/gcc/arm-none-eabi/8.2.1/../../../../arm-none-eabi/lib/thumb/v7-m/nofp\libc.a(lib_a-errno.o)
                                                  c:/nxp/mcuxpressoide_11.0.1_2563/ide/plugins/com.nxp.mcuxpresso.tools.win32_11.0.1.201907311258/tools/bin/../lib/gcc/arm-none-eabi/8.2.1/../../../../arm-none-eabi/lib/thumb/v7-m/nofp\libc.a(lib_a-reent.o)
                                                  c:/nxp/mcuxpressoide_11.0.1_2563/ide/plugins/com.nxp.mcuxpresso.tools.win32_11.0.1.201907311258/tools/bin/../lib/gcc/arm-none-eabi/8.2.1/../../../../arm-none-eabi/lib/thumb/v7-m/nofp\libc.a(lib_a-malloc.o)
_init                                             c:/nxp/mcuxpressoide_11.0.1_2563/ide/plugins/com.nxp.mcuxpresso.tools.win32_11.0.1.201907311258/tools/bin/../lib/gcc/arm-none-eabi/8.2.1/thumb/v7-m/nofp\crti.o
                                                  c:/nxp/mcuxpressoide_11.0.1_2563/ide/plugins/com.nxp.mcuxpresso.tools.win32_11.0.1.201907311258/tools/bin/../lib/gcc/arm-none-eabi/8.2.1/../../../../arm-none-eabi/lib/thumb/v7-m/nofp\libc.a(lib_a-init.o)
_malloc_r                                         c:/nxp/mcuxpressoide_11.0.1_2563/ide/plugins/com.nxp.mcuxpresso.tools.win32_11.0.1.201907311258/tools/bin/../lib/gcc/arm-none-eabi/8.2.1/../../../../arm-none-eabi/lib/thumb/v7-m/nofp\libc.a(lib_a-mallocr.o)
                                                  c:/nxp/mcuxpressoide_11.0.1_2563/ide/plugins/com.nxp.mcuxpresso.tools.win32_11.0.1.201907311258/tools/bin/../lib/gcc/arm-none-eabi/8.2.1/../../../../arm-none-eabi/lib/thumb/v7-m/nofp\libc.a(lib_a-malloc.o)
_malloc_trim_r                                    c:/nxp/mcuxpressoide_11.0.1_2563/ide/plugins/com.nxp.mcuxpresso.tools.win32_11.0.1.201907311258/tools/bin/../lib/gcc/arm-none-eabi/8.2.1/../../../../arm-none-eabi/lib/thumb/v7-m/nofp\libc.a(lib_a-freer.o)
_pvHeapLimit                                      c:/nxp/mcuxpressoide_11.0.1_2563/ide/plugins/com.nxp.mcuxpresso.tools.win32_11.0.1.201907311258/tools/bin/../lib/gcc/arm-none-eabi/8.2.1/../../../../arm-none-eabi/lib/thumb/v7-m/nofp\libcr_newlib_nohost.a(_cr_check_heap.o)
_pvHeapStart                                      c:/nxp/mcuxpressoide_11.0.1_2563/ide/plugins/com.nxp.mcuxpresso.tools.win32_11.0.1.201907311258/tools/bin/../lib/gcc/arm-none-eabi/8.2.1/../../../../arm-none-eabi/lib/thumb/v7-m/nofp\libcr_newlib_nohost.a(_cr_sbrk.o)
_reclaim_reent                                    c:/nxp/mcuxpressoide_11.0.1_2563/ide/plugins/com.nxp.mcuxpresso.tools.win32_11.0.1.201907311258/tools/bin/../lib/gcc/arm-none-eabi/8.2.1/../../../../arm-none-eabi/lib/thumb/v7-m/nofp\libc.a(lib_a-reent.o)
_sbrk                                             c:/nxp/mcuxpressoide_11.0.1_2563/ide/plugins/com.nxp.mcuxpresso.tools.win32_11.0.1.201907311258/tools/bin/../lib/gcc/arm-none-eabi/8.2.1/../../../../arm-none-eabi/lib/thumb/v7-m/nofp\libcr_newlib_nohost.a(_cr_sbrk.o)
                                                  c:/nxp/mcuxpressoide_11.0.1_2563/ide/plugins/com.nxp.mcuxpresso.tools.win32_11.0.1.201907311258/tools/bin/../lib/gcc/arm-none-eabi/8.2.1/../../../../arm-none-eabi/lib/thumb/v7-m/nofp\libc.a(lib_a-sbrkr.o)
_sbrk_r                                           c:/nxp/mcuxpressoide_11.0.1_2563/ide/plugins/com.nxp.mcuxpresso.tools.win32_11.0.1.201907311258/tools/bin/../lib/gcc/arm-none-eabi/8.2.1/../../../../arm-none-eabi/lib/thumb/v7-m/nofp\libc.a(lib_a-sbrkr.o)
                                                  c:/nxp/mcuxpressoide_11.0.1_2563/ide/plugins/com.nxp.mcuxpresso.tools.win32_11.0.1.201907311258/tools/bin/../lib/gcc/arm-none-eabi/8.2.1/../../../../arm-none-eabi/lib/thumb/v7-m/nofp\libc.a(lib_a-freer.o)
                                                  c:/nxp/mcuxpressoide_11.0.1_2563/ide/plugins/com.nxp.mcuxpresso.tools.win32_11.0.1.201907311258/tools/bin/../lib/gcc/arm-none-eabi/8.2.1/../../../../arm-none-eabi/lib/thumb/v7-m/nofp\libc.a(lib_a-mallocr.o)
_vStackTop                                        ./src/cr_startup_lpc13xx.o
beginTransmission(unsigned char)                  ./src/I2C.o
                                                  ./src/LiquidCrystal_I2C.o
bss_init(unsigned int, unsigned int)              ./src/cr_startup_lpc13xx.o
cleanup_glue                                      c:/nxp/mcuxpressoide_11.0.1_2563/ide/plugins/com.nxp.mcuxpresso.tools.win32_11.0.1.201907311258/tools/bin/../lib/gcc/arm-none-eabi/8.2.1/../../../../arm-none-eabi/lib/thumb/v7-m/nofp\libc.a(lib_a-reent.o)
data_init(unsigned int, unsigned int, unsigned int) ./src/cr_startup_lpc13xx.o
delay(unsigned int)                               ./src/Delay.o
                                                  ./src/ds18b20.o
                                                  ./src/LiquidCrystal_I2C.o
                                                  ./src/LCD_LCP1343.o
delayMicroseconds(unsigned int)                   ./src/Delay.o
                                                  ./src/ds18b20.o
                                                  ./src/LiquidCrystal_I2C.o
endTransmission()                                 ./src/I2C.o
                                                  ./src/LiquidCrystal_I2C.o
errno                                             c:/nxp/mcuxpressoide_11.0.1_2563/ide/plugins/com.nxp.mcuxpresso.tools.win32_11.0.1.201907311258/tools/bin/../lib/gcc/arm-none-eabi/8.2.1/../../../../arm-none-eabi/lib/thumb/v7-m/nofp\libc.a(lib_a-reent.o)
                                                  c:/nxp/mcuxpressoide_11.0.1_2563/ide/plugins/com.nxp.mcuxpresso.tools.win32_11.0.1.201907311258/tools/bin/../lib/gcc/arm-none-eabi/8.2.1/../../../../arm-none-eabi/lib/thumb/v7-m/nofp\libc.a(lib_a-sbrkr.o)
free                                              c:/nxp/mcuxpressoide_11.0.1_2563/ide/plugins/com.nxp.mcuxpresso.tools.win32_11.0.1.201907311258/tools/bin/../lib/gcc/arm-none-eabi/8.2.1/../../../../arm-none-eabi/lib/thumb/v7-m/nofp\libc.a(lib_a-malloc.o)
                                                  ./src/cr_cpp_config.o
g_pfnVectors                                      ./src/cr_startup_lpc13xx.o
initADC()                                         ./src/adc_pot.o
initTempSensors()                                 ./src/LCD_LCP1343.o
initTimer0()                                      ./src/Delay.o
                                                  ./src/LCD_LCP1343.o
lcd                                               ./src/LCD_LCP1343.o
lightLCD()                                        ./src/LCD_LCP1343.o
main                                              ./src/LCD_LCP1343.o
                                                  ./src/cr_startup_lpc13xx.o
malloc                                            c:/nxp/mcuxpressoide_11.0.1_2563/ide/plugins/com.nxp.mcuxpresso.tools.win32_11.0.1.201907311258/tools/bin/../lib/gcc/arm-none-eabi/8.2.1/../../../../arm-none-eabi/lib/thumb/v7-m/nofp\libc.a(lib_a-malloc.o)
                                                  ./src/cr_cpp_config.o
operator delete(void*)                            ./src/cr_cpp_config.o
operator delete[](void*)                          ./src/cr_cpp_config.o
operator new(unsigned int)                        ./src/cr_cpp_config.o
operator new[](unsigned int)                      ./src/cr_cpp_config.o
readPot()                                         ./src/adc_pot.o
resetBoard()                                      ./src/LCD_LCP1343.o
sendData(unsigned char)                           ./src/I2C.o
                                                  ./src/LiquidCrystal_I2C.o
verifyTemp(float*, float*)                        ./src/LCD_LCP1343.o
vtable for LiquidCrystal_I2C                      ./src/LiquidCrystal_I2C.o
writeTempLCD(float, float)                        ./src/LCD_LCP1343.o